<?xml version="1.0" encoding="utf-8"?>
<TestRun id="ab3ccd46-1a73-4c0f-9993-0247fa8f1205" name="Usuario@DIULIE 2026-08-23 22:01:50" runUser="DIULIE\Usuario" xmlns="http://microsoft.com/schemas/VisualStudio/TeamTest/2010">
  <Times creation="2026-08-23T22:01:50.5243140-03:00" queuing="2026-08-23T22:01:50.5243143-03:00" start="2026-08-23T22:01:48.8988060-03:00" finish="2026-08-23T22:01:50.5732709-03:00" />
  <TestSettings name="default" id="b1efa3f8-1ae1-4384-8596-abfa989cbcab">
    <Deployment runDeploymentRoot="Usuario_DIULIE_2026-08-23_22_01_50" />
  </TestSettings>
  <Results>
    <UnitTestResult executionId="1adfc5ce-0650-4cc2-ab48-26368e68fbe4" testId="bb38b40a-2b9f-a413-33f4-15d27bffaa47" testName="MVC_InventoryMasters.Tests.Hubs.MedicaoHubTests.EnviarVolume_DeveConverterSalvarETransmitir(volumeCm3: 1000000, volumeM3Esperado: 1)" computerName="DIULIE" duration="00:00:00.0000550" startTime="2026-08-23T22:01:50.4756523-03:00" endTime="2026-08-23T22:01:50.4756523-03:00" testType="13cdc9d9-ddb5-4fa4-a97d-d965ccfc6d4b" outcome="Passed" testListId="8c84fa94-04c1-424b-9868-57a2d4851a1d" relativeResultsDirectory="1adfc5ce-0650-4cc2-ab48-26368e68fbe4" />
    <UnitTestResult executionId="4fd5acec-4f32-4f89-aa15-70365b336300" testId="1ae38161-8948-f353-7891-301e245a2b20" testName="MVC_InventoryMasters.Tests.ViewModels.ViewModelValidationTests.EmailValido_DevePassarValidacao(model: SolicitarTokenKinectRequest { Email = &quot;usuario@exemplo.com&quot; })" computerName="DIULIE" duration="00:00:00.0001996" startTime="2026-08-23T22:01:50.4755671-03:00" endTime="2026-08-23T22:01:50.4755671-03:00" testType="13cdc9d9-ddb5-4fa4-a97d-d965ccfc6d4b" outcome="Passed" testListId="8c84fa94-04c1-424b-9868-57a2d4851a1d" relativeResultsDirectory="4fd5acec-4f32-4f89-aa15-70365b336300" />
    <UnitTestResult executionId="73c36820-6912-4864-8a1d-4cec49a76a93" testId="4486bf8c-5ce2-fadc-5479-0c9eaea5befd" testName="MVC_InventoryMasters.Tests.ViewModels.ViewModelValidationTests.ValidarTokenViewModel_TamanhoInvalido_DeveFalhar(token: &quot;123456789012&quot;)" computerName="DIULIE" duration="00:00:00.0000552" startTime="2026-08-23T22:01:50.4715509-03:00" endTime="2026-08-23T22:01:50.4715511-03:00" testType="13cdc9d9-ddb5-4fa4-a97d-d965ccfc6d4b" outcome="Passed" testListId="8c84fa94-04c1-424b-9868-57a2d4851a1d" relativeResultsDirectory="73c36820-6912-4864-8a1d-4cec49a76a93" />
    <UnitTestResult executionId="527c2212-23e7-4cf5-b5b5-cd26e39a3e48" testId="9fd4d04f-c323-426a-14c8-241acfcab7e7" testName="MVC_InventoryMasters.Tests.Hubs.NotificacaoHubTests.EnviarNotificacao_DeveEnviarMensagemParaTodos" computerName="DIULIE" duration="00:00:00.0071279" startTime="2026-08-23T22:01:50.4717331-03:00" endTime="2026-08-23T22:01:50.4717332-03:00" testType="13cdc9d9-ddb5-4fa4-a97d-d965ccfc6d4b" outcome="Passed" testListId="8c84fa94-04c1-424b-9868-57a2d4851a1d" relativeResultsDirectory="527c2212-23e7-4cf5-b5b5-cd26e39a3e48" />
    <UnitTestResult executionId="d703ca34-d027-42c7-849a-05809dd43c62" testId="b0529d08-7548-7801-8659-3b73aad90e14" testName="MVC_InventoryMasters.Tests.ViewModels.ViewModelValidationTests.ValidarTokenViewModel_TamanhoInvalido_DeveFalhar(token: &quot;1234567890123&quot;)" computerName="DIULIE" duration="00:00:00.0000349" startTime="2026-08-23T22:01:50.4716921-03:00" endTime="2026-08-23T22:01:50.4716922-03:00" testType="13cdc9d9-ddb5-4fa4-a97d-d965ccfc6d4b" outcome="Passed" testListId="8c84fa94-04c1-424b-9868-57a2d4851a1d" relativeResultsDirectory="d703ca34-d027-42c7-849a-05809dd43c62" />
    <UnitTestResult executionId="32dcab21-f5dc-40ba-82ce-552b922c8545" testId="817d0536-5c40-94ac-da76-350def2201de" testName="MVC_InventoryMasters.Tests.ViewModels.ViewModelValidationTests.ValidarTokenViewModel_TamanhoInvalido_DeveFalhar(token: null)" computerName="DIULIE" duration="00:00:00.0000363" startTime="2026-08-23T22:01:50.4715957-03:00" endTime="2026-08-23T22:01:50.4715958-03:00" testType="13cdc9d9-ddb5-4fa4-a97d-d965ccfc6d4b" outcome="Passed" testListId="8c84fa94-04c1-424b-9868-57a2d4851a1d" relativeResultsDirectory="32dcab21-f5dc-40ba-82ce-552b922c8545" />
    <UnitTestResult executionId="3f967e57-b56c-49fa-a19f-5158c934bc7c" testId="84d68e90-7da7-9786-2e57-1690aa6c1b7b" testName="MVC_InventoryMasters.Tests.Hubs.MedicaoHubTests.EnviarVolume_DeveConverterSalvarETransmitir(volumeCm3: 2500000, volumeM3Esperado: 2,5)" computerName="DIULIE" duration="00:00:00.0009274" startTime="2026-08-23T22:01:50.4756093-03:00" endTime="2026-08-23T22:01:50.4756093-03:00" testType="13cdc9d9-ddb5-4fa4-a97d-d965ccfc6d4b" outcome="Passed" testListId="8c84fa94-04c1-424b-9868-57a2d4851a1d" relativeResultsDirectory="3f967e57-b56c-49fa-a19f-5158c934bc7c" />
    <UnitTestResult executionId="374a0b79-e840-4248-ab4b-7bd336886e14" testId="04e2fabf-a00f-a2d9-4847-da34b193f9a9" testName="MVC_InventoryMasters.Tests.ViewModels.ViewModelValidationTests.ValidarTokenViewModel_TamanhoPermitido_DevePassar(token: &quot;123456&quot;)" computerName="DIULIE" duration="00:00:00.0002272" startTime="2026-08-23T22:01:50.4753770-03:00" endTime="2026-08-23T22:01:50.4753771-03:00" testType="13cdc9d9-ddb5-4fa4-a97d-d965ccfc6d4b" outcome="Passed" testListId="8c84fa94-04c1-424b-9868-57a2d4851a1d" relativeResultsDirectory="374a0b79-e840-4248-ab4b-7bd336886e14" />
    <UnitTestResult executionId="70d53a6f-eb35-448c-8e1d-6a030aafd7ab" testId="bbb013a3-1653-801e-5fe0-eb12ca70eace" testName="MVC_InventoryMasters.Tests.ViewModels.ViewModelValidationTests.LoginEmailViewModel_DisplayName_DeveSerEmail" computerName="DIULIE" duration="00:00:00.0005663" startTime="2026-08-23T22:01:50.4754302-03:00" endTime="2026-08-23T22:01:50.4754302-03:00" testType="13cdc9d9-ddb5-4fa4-a97d-d965ccfc6d4b" outcome="Passed" testListId="8c84fa94-04c1-424b-9868-57a2d4851a1d" relativeResultsDirectory="70d53a6f-eb35-448c-8e1d-6a030aafd7ab" />
    <UnitTestResult executionId="3f7e8480-3684-464b-be39-2a72a006cdcd" testId="f99d2b18-e16b-1503-4b48-dab99a12d7ee" testName="MVC_InventoryMasters.Tests.ViewModels.DashboardViewModelTests.BaseViewModel_DeveArmazenarIdentificacaoDaPagina" computerName="DIULIE" duration="00:00:00.0002931" startTime="2026-08-23T22:01:50.4743520-03:00" endTime="2026-08-23T22:01:50.4743520-03:00" testType="13cdc9d9-ddb5-4fa4-a97d-d965ccfc6d4b" outcome="Passed" testListId="8c84fa94-04c1-424b-9868-57a2d4851a1d" relativeResultsDirectory="3f7e8480-3684-464b-be39-2a72a006cdcd" />
    <UnitTestResult executionId="585a0a17-f53f-4dc0-82d2-a32ee97a79c0" testId="dcc3e29c-2b30-f3e0-c1f8-57a080d68b56" testName="MVC_InventoryMasters.Tests.ViewModels.ViewModelValidationTests.EmailInvalido_DeveFalharValidacao(model: SolicitarTokenKinectRequest { Email = &quot;email-invalido&quot; }, propriedade: &quot;Email&quot;)" computerName="DIULIE" duration="00:00:00.0000480" startTime="2026-08-23T22:01:50.4745327-03:00" endTime="2026-08-23T22:01:50.4745327-03:00" testType="13cdc9d9-ddb5-4fa4-a97d-d965ccfc6d4b" outcome="Passed" testListId="8c84fa94-04c1-424b-9868-57a2d4851a1d" relativeResultsDirectory="585a0a17-f53f-4dc0-82d2-a32ee97a79c0" />
    <UnitTestResult executionId="cee1a41e-bffc-4564-8d42-b68f3b3a06ba" testId="dcc3e29c-2b30-f3e0-c1f8-57a080d68b56" testName="MVC_InventoryMasters.Tests.ViewModels.ViewModelValidationTests.EmailInvalido_DeveFalharValidacao(model: LoginEmailViewModel { Email = &quot;email-invalido&quot; }, propriedade: &quot;Email&quot;)" computerName="DIULIE" duration="00:00:00.0003191" startTime="2026-08-23T22:01:50.4744644-03:00" endTime="2026-08-23T22:01:50.4744644-03:00" testType="13cdc9d9-ddb5-4fa4-a97d-d965ccfc6d4b" outcome="Passed" testListId="8c84fa94-04c1-424b-9868-57a2d4851a1d" relativeResultsDirectory="cee1a41e-bffc-4564-8d42-b68f3b3a06ba" />
    <UnitTestResult executionId="a76f930f-fd6f-4c46-af82-5ce4191e1ee9" testId="d16b5e73-a352-4e14-3d53-eea08f569555" testName="MVC_InventoryMasters.Tests.ViewModels.DashboardViewModelTests.Construtor_DeveInicializarColecoesEParametros" computerName="DIULIE" duration="00:00:00.0002948" startTime="2026-08-23T22:01:50.4742808-03:00" endTime="2026-08-23T22:01:50.4742808-03:00" testType="13cdc9d9-ddb5-4fa4-a97d-d965ccfc6d4b" outcome="Passed" testListId="8c84fa94-04c1-424b-9868-57a2d4851a1d" relativeResultsDirectory="a76f930f-fd6f-4c46-af82-5ce4191e1ee9" />
    <UnitTestResult executionId="2fe4618c-5652-446b-957f-d6e2b1e797d2" testId="a5641ac6-486b-709f-cb84-377c0b373cdb" testName="MVC_InventoryMasters.Tests.Hubs.MedicaoHubTests.CicloDeConexao_DeveConcluirComOuSemErro(desconectarComErro: True)" computerName="DIULIE" duration="00:00:00.0020390" startTime="2026-08-23T22:01:50.4872325-03:00" endTime="2026-08-23T22:01:50.4872328-03:00" testType="13cdc9d9-ddb5-4fa4-a97d-d965ccfc6d4b" outcome="Passed" testListId="8c84fa94-04c1-424b-9868-57a2d4851a1d" relativeResultsDirectory="2fe4618c-5652-446b-957f-d6e2b1e797d2" />
    <UnitTestResult executionId="6be3ca3d-8566-4efa-8486-8964b3d0b012" testId="598d87e4-00a1-2d07-419d-57251d6e6605" testName="MVC_InventoryMasters.Tests.Hubs.MedicaoHubTests.EnviarVolume_DeveConverterSalvarETransmitir(volumeCm3: 0, volumeM3Esperado: 0)" computerName="DIULIE" duration="00:00:00.0170856" startTime="2026-08-23T22:01:50.4754695-03:00" endTime="2026-08-23T22:01:50.4754696-03:00" testType="13cdc9d9-ddb5-4fa4-a97d-d965ccfc6d4b" outcome="Passed" testListId="8c84fa94-04c1-424b-9868-57a2d4851a1d" relativeResultsDirectory="6be3ca3d-8566-4efa-8486-8964b3d0b012" />
    <UnitTestResult executionId="1e0e0e41-2c5e-46ac-8bf7-a6d6f66c5925" testId="dcc3e29c-2b30-f3e0-c1f8-57a080d68b56" testName="MVC_InventoryMasters.Tests.ViewModels.ViewModelValidationTests.EmailInvalido_DeveFalharValidacao(model: SolicitarTokenKinectRequest { Email = null }, propriedade: &quot;Email&quot;)" computerName="DIULIE" duration="00:00:00.0004931" startTime="2026-08-23T22:01:50.4744983-03:00" endTime="2026-08-23T22:01:50.4744983-03:00" testType="13cdc9d9-ddb5-4fa4-a97d-d965ccfc6d4b" outcome="Passed" testListId="8c84fa94-04c1-424b-9868-57a2d4851a1d" relativeResultsDirectory="1e0e0e41-2c5e-46ac-8bf7-a6d6f66c5925" />
    <UnitTestResult executionId="831256ea-39e3-4f09-b60f-4f98d251a19f" testId="fa5d1761-e127-09ce-fe18-d38561a44dee" testName="MVC_InventoryMasters.Tests.ViewModels.ErrorViewModelTests.ShowRequestId_DeveIndicarSeExisteIdentificador(requestId: &quot;REQ-123&quot;, esperado: True)" computerName="DIULIE" duration="00:00:00.0080552" startTime="2026-08-23T22:01:50.4317833-03:00" endTime="2026-08-23T22:01:50.4317835-03:00" testType="13cdc9d9-ddb5-4fa4-a97d-d965ccfc6d4b" outcome="Passed" testListId="8c84fa94-04c1-424b-9868-57a2d4851a1d" relativeResultsDirectory="831256ea-39e3-4f09-b60f-4f98d251a19f" />
    <UnitTestResult executionId="905587e8-d189-4520-9959-7b081892a6c9" testId="21ccf200-75bf-a752-fd2f-8c015701f70b" testName="MVC_InventoryMasters.Tests.Hubs.MedicaoHubTests.EnviarVolume_AbaixoDoLimite_NaoDeveCriarNotificacao" computerName="DIULIE" duration="00:00:00.0007639" startTime="2026-08-23T22:01:50.4838920-03:00" endTime="2026-08-23T22:01:50.4838922-03:00" testType="13cdc9d9-ddb5-4fa4-a97d-d965ccfc6d4b" outcome="Passed" testListId="8c84fa94-04c1-424b-9868-57a2d4851a1d" relativeResultsDirectory="905587e8-d189-4520-9959-7b081892a6c9" />
    <UnitTestResult executionId="60fae0fd-84d0-4265-ad0c-11198e6639df" testId="3b3ab517-3a84-7a83-100a-15539f0e7e50" testName="MVC_InventoryMasters.Tests.Hubs.NotificacaoHubTests.CicloDeConexao_DeveConcluirSemErro" computerName="DIULIE" duration="00:00:00.0085056" startTime="2026-08-23T22:01:50.4322991-03:00" endTime="2026-08-23T22:01:50.4322993-03:00" testType="13cdc9d9-ddb5-4fa4-a97d-d965ccfc6d4b" outcome="Passed" testListId="8c84fa94-04c1-424b-9868-57a2d4851a1d" relativeResultsDirectory="60fae0fd-84d0-4265-ad0c-11198e6639df" />
    <UnitTestResult executionId="b0a3c980-e3b1-4d3d-9140-93100ce94cd8" testId="dcc3e29c-2b30-f3e0-c1f8-57a080d68b56" testName="MVC_InventoryMasters.Tests.ViewModels.ViewModelValidationTests.EmailInvalido_DeveFalharValidacao(model: LoginEmailViewModel { Email = null }, propriedade: &quot;Email&quot;)" computerName="DIULIE" duration="00:00:00.0034284" startTime="2026-08-23T22:01:50.4744251-03:00" endTime="2026-08-23T22:01:50.4744251-03:00" testType="13cdc9d9-ddb5-4fa4-a97d-d965ccfc6d4b" outcome="Passed" testListId="8c84fa94-04c1-424b-9868-57a2d4851a1d" relativeResultsDirectory="b0a3c980-e3b1-4d3d-9140-93100ce94cd8" />
    <UnitTestResult executionId="3417f94b-a2bf-4181-8401-f43a8840e82f" testId="f013adb5-ae73-476b-6eb9-9fde70f2ab6e" testName="MVC_InventoryMasters.Tests.Hubs.MedicaoHubTests.CicloDeConexao_DeveConcluirComOuSemErro(desconectarComErro: False)" computerName="DIULIE" duration="00:00:00.0002811" startTime="2026-08-23T22:01:50.4875588-03:00" endTime="2026-08-23T22:01:50.4875590-03:00" testType="13cdc9d9-ddb5-4fa4-a97d-d965ccfc6d4b" outcome="Passed" testListId="8c84fa94-04c1-424b-9868-57a2d4851a1d" relativeResultsDirectory="3417f94b-a2bf-4181-8401-f43a8840e82f" />
    <UnitTestResult executionId="18cd251d-2a94-4ecc-8422-69dce8c30d8b" testId="1ae38161-8948-f353-7891-301e245a2b20" testName="MVC_InventoryMasters.Tests.ViewModels.ViewModelValidationTests.EmailValido_DevePassarValidacao(model: LoginEmailViewModel { Email = &quot;usuario@exemplo.com&quot; })" computerName="DIULIE" duration="00:00:00.0001557" startTime="2026-08-23T22:01:50.4755277-03:00" endTime="2026-08-23T22:01:50.4755277-03:00" testType="13cdc9d9-ddb5-4fa4-a97d-d965ccfc6d4b" outcome="Passed" testListId="8c84fa94-04c1-424b-9868-57a2d4851a1d" relativeResultsDirectory="18cd251d-2a94-4ecc-8422-69dce8c30d8b" />
    <UnitTestResult executionId="acf565fc-f059-4f54-9ced-b0247ba3c5ba" testId="27825d59-f2ad-bd91-a596-ba3e8c62e075" testName="MVC_InventoryMasters.Tests.ViewModels.DashboardViewModelTests.Indicadores_DeveArmazenarPercentualEParametros" computerName="DIULIE" duration="00:00:00.0039993" startTime="2026-08-23T22:01:50.4742209-03:00" endTime="2026-08-23T22:01:50.4742209-03:00" testType="13cdc9d9-ddb5-4fa4-a97d-d965ccfc6d4b" outcome="Passed" testListId="8c84fa94-04c1-424b-9868-57a2d4851a1d" relativeResultsDirectory="acf565fc-f059-4f54-9ced-b0247ba3c5ba" />
    <UnitTestResult executionId="9b4093ae-6c70-44be-b7dc-23279e169dcb" testId="3731473d-205e-b348-b0b0-dd692c965c33" testName="MVC_InventoryMasters.Tests.Hubs.MedicaoHubTests.EnviarVolume_ParametrosAusentesOuInvalidos_NaoDeveCriarAlerta(capacidadeMaxima: -1)" computerName="DIULIE" duration="00:00:00.0004159" startTime="2026-08-23T22:01:50.4829477-03:00" endTime="2026-08-23T22:01:50.4829479-03:00" testType="13cdc9d9-ddb5-4fa4-a97d-d965ccfc6d4b" outcome="Passed" testListId="8c84fa94-04c1-424b-9868-57a2d4851a1d" relativeResultsDirectory="9b4093ae-6c70-44be-b7dc-23279e169dcb" />
    <UnitTestResult executionId="a0a82dd9-a691-457d-aeab-f621b61b2a2a" testId="56e3b7b8-7bf4-5a40-ca5b-84793f5280ae" testName="MVC_InventoryMasters.Tests.Hubs.MedicaoHubTests.EnviarVolume_QuandoPersistenciaFalha_DeveAvisarSomenteChamador" computerName="DIULIE" duration="00:00:00.0179514" startTime="2026-08-23T22:01:50.4740702-03:00" endTime="2026-08-23T22:01:50.4740705-03:00" testType="13cdc9d9-ddb5-4fa4-a97d-d965ccfc6d4b" outcome="Passed" testListId="8c84fa94-04c1-424b-9868-57a2d4851a1d" relativeResultsDirectory="a0a82dd9-a691-457d-aeab-f621b61b2a2a" />
    <UnitTestResult executionId="4070b7a5-add6-44b8-9af1-4b2a4c7cdc5b" testId="d9ff5770-3b42-2a08-d308-e76651fe34b4" testName="MVC_InventoryMasters.Tests.ViewModels.DashboardViewModelTests.Totais_ColecoesNulas_DeveRetornarZero" computerName="DIULIE" duration="00:00:00.0008138" startTime="2026-08-23T22:01:50.4713210-03:00" endTime="2026-08-23T22:01:50.4713211-03:00" testType="13cdc9d9-ddb5-4fa4-a97d-d965ccfc6d4b" outcome="Passed" testListId="8c84fa94-04c1-424b-9868-57a2d4851a1d" relativeResultsDirectory="4070b7a5-add6-44b8-9af1-4b2a4c7cdc5b" />
    <UnitTestResult executionId="9a8ccf7b-0128-47ab-903f-bee4dae781d1" testId="84a67f34-7197-9d70-4997-26e46806f23c" testName="MVC_InventoryMasters.Tests.ViewModels.ErrorViewModelTests.ShowRequestId_DeveIndicarSeExisteIdentificador(requestId: &quot;&quot;, esperado: False)" computerName="DIULIE" duration="00:00:00.0000146" startTime="2026-08-23T22:01:50.4710802-03:00" endTime="2026-08-23T22:01:50.4710804-03:00" testType="13cdc9d9-ddb5-4fa4-a97d-d965ccfc6d4b" outcome="Passed" testListId="8c84fa94-04c1-424b-9868-57a2d4851a1d" relativeResultsDirectory="9a8ccf7b-0128-47ab-903f-bee4dae781d1" />
    <UnitTestResult executionId="e29a5c2d-0bce-4dfc-abe2-12bf68c240b3" testId="3ac08b74-2668-2b1d-0cf3-f7fe8d456908" testName="MVC_InventoryMasters.Tests.Hubs.MedicaoHubTests.EnviarVolume_ParametrosAusentesOuInvalidos_NaoDeveCriarAlerta(capacidadeMaxima: 0)" computerName="DIULIE" duration="00:00:00.0013991" startTime="2026-08-23T22:01:50.4824333-03:00" endTime="2026-08-23T22:01:50.4824335-03:00" testType="13cdc9d9-ddb5-4fa4-a97d-d965ccfc6d4b" outcome="Passed" testListId="8c84fa94-04c1-424b-9868-57a2d4851a1d" relativeResultsDirectory="e29a5c2d-0bce-4dfc-abe2-12bf68c240b3" />
    <UnitTestResult executionId="29d551f1-f58d-4c5a-8b8b-39b4464f1091" testId="5c0eb11e-51e5-5a7b-825f-2f757167a60c" testName="MVC_InventoryMasters.Tests.ViewModels.ViewModelValidationTests.ValidarTokenViewModel_TamanhoInvalido_DeveFalhar(token: &quot;1234567&quot;)" computerName="DIULIE" duration="00:00:00.0000343" startTime="2026-08-23T22:01:50.4716407-03:00" endTime="2026-08-23T22:01:50.4716408-03:00" testType="13cdc9d9-ddb5-4fa4-a97d-d965ccfc6d4b" outcome="Passed" testListId="8c84fa94-04c1-424b-9868-57a2d4851a1d" relativeResultsDirectory="29d551f1-f58d-4c5a-8b8b-39b4464f1091" />
    <UnitTestResult executionId="3dab03f6-3536-43b9-9192-c030387b9a09" testId="8e4f6de4-ab09-0bf4-d494-aa4dca45c587" testName="MVC_InventoryMasters.Tests.ViewModels.DashboardViewModelTests.Totais_DeveRefletirQuantidadeDasColecoes" computerName="DIULIE" duration="00:00:00.0086412" startTime="2026-08-23T22:01:50.4323381-03:00" endTime="2026-08-23T22:01:50.4323382-03:00" testType="13cdc9d9-ddb5-4fa4-a97d-d965ccfc6d4b" outcome="Passed" testListId="8c84fa94-04c1-424b-9868-57a2d4851a1d" relativeResultsDirectory="3dab03f6-3536-43b9-9192-c030387b9a09" />
    <UnitTestResult executionId="10904f79-d6ea-4800-a16a-767857b2d319" testId="b4440f39-ac0b-a65b-abd8-7e0c33d6d27d" testName="MVC_InventoryMasters.Tests.ViewModels.ViewModelValidationTests.ValidarTokenViewModel_TamanhoInvalido_DeveFalhar(token: &quot;&quot;)" computerName="DIULIE" duration="00:00:00.0060530" startTime="2026-08-23T22:01:50.4714381-03:00" endTime="2026-08-23T22:01:50.4714382-03:00" testType="13cdc9d9-ddb5-4fa4-a97d-d965ccfc6d4b" outcome="Passed" testListId="8c84fa94-04c1-424b-9868-57a2d4851a1d" relativeResultsDirectory="10904f79-d6ea-4800-a16a-767857b2d319" />
    <UnitTestResult executionId="ac7804a6-a862-4ff2-98fc-aeb0667babd6" testId="f4ac632f-51d3-2535-5967-35b26a6b767d" testName="MVC_InventoryMasters.Tests.Hubs.MedicaoHubTests.EnviarVolume_ParametrosAusentesOuInvalidos_NaoDeveCriarAlerta(capacidadeMaxima: null)" computerName="DIULIE" duration="00:00:00.0000527" startTime="2026-08-23T22:01:50.4830108-03:00" endTime="2026-08-23T22:01:50.4830109-03:00" testType="13cdc9d9-ddb5-4fa4-a97d-d965ccfc6d4b" outcome="Passed" testListId="8c84fa94-04c1-424b-9868-57a2d4851a1d" relativeResultsDirectory="ac7804a6-a862-4ff2-98fc-aeb0667babd6" />
    <UnitTestResult executionId="3cf05f03-2da0-4497-995f-030d7df25913" testId="918bd2eb-d988-75bf-7d40-833995329a48" testName="MVC_InventoryMasters.Tests.Hubs.MedicaoHubTests.EnviarVolume_NoLimite_DeveCriarNotificacaoPendente" computerName="DIULIE" duration="00:00:00.0292858" startTime="2026-08-23T22:01:50.4808781-03:00" endTime="2026-08-23T22:01:50.4808790-03:00" testType="13cdc9d9-ddb5-4fa4-a97d-d965ccfc6d4b" outcome="Passed" testListId="8c84fa94-04c1-424b-9868-57a2d4851a1d" relativeResultsDirectory="3cf05f03-2da0-4497-995f-030d7df25913" />
    <UnitTestResult executionId="8ca0f775-d013-4e18-8422-b4c37bd5ef5d" testId="07bca540-699b-8fb9-fce7-3f757f10262c" testName="MVC_InventoryMasters.Tests.Hubs.MedicaoHubTests.EnviarVolume_ComNotificacaoPendente_NaoDeveDuplicarAlerta" computerName="DIULIE" duration="00:00:00.0005921" startTime="2026-08-23T22:01:50.4882190-03:00" endTime="2026-08-23T22:01:50.4882192-03:00" testType="13cdc9d9-ddb5-4fa4-a97d-d965ccfc6d4b" outcome="Passed" testListId="8c84fa94-04c1-424b-9868-57a2d4851a1d" relativeResultsDirectory="8ca0f775-d013-4e18-8422-b4c37bd5ef5d" />
    <UnitTestResult executionId="e7e89c3f-2773-4e96-b695-230ae032d569" testId="2f9b3edc-bb46-7784-2ff9-c41bf2932ea1" testName="MVC_InventoryMasters.Tests.ViewModels.ViewModelValidationTests.ValidacaoTokenResultadoViewModel_DeveArmazenarResultadoCompleto" computerName="DIULIE" duration="00:00:00.0062453" startTime="2026-08-23T22:01:50.4270431-03:00" endTime="2026-08-23T22:01:50.4271012-03:00" testType="13cdc9d9-ddb5-4fa4-a97d-d965ccfc6d4b" outcome="Passed" testListId="8c84fa94-04c1-424b-9868-57a2d4851a1d" relativeResultsDirectory="e7e89c3f-2773-4e96-b695-230ae032d569" />
    <UnitTestResult executionId="f3616d46-87a4-4b55-9674-80c6a959f411" testId="470290d8-812b-9ed4-9796-7b429a140c74" testName="MVC_InventoryMasters.Tests.Hubs.MedicaoHubTests.EnviarVolume_QuandoNotificacaoFalha_DeveContinuarTransmitindoMedicao" computerName="DIULIE" duration="00:00:00.0011426" startTime="2026-08-23T22:01:50.4851192-03:00" endTime="2026-08-23T22:01:50.4851193-03:00" testType="13cdc9d9-ddb5-4fa4-a97d-d965ccfc6d4b" outcome="Passed" testListId="8c84fa94-04c1-424b-9868-57a2d4851a1d" relativeResultsDirectory="f3616d46-87a4-4b55-9674-80c6a959f411" />
    <UnitTestResult executionId="02cee2b4-4698-438b-a1e1-6dab7ed53e74" testId="d1fbc7bd-02c2-1279-9140-f27b1aeb5780" testName="MVC_InventoryMasters.Tests.ViewModels.DashboardViewModelTests.UltimasNotificacoes_DeveRetornarCincoMaisRecentes" computerName="DIULIE" duration="00:00:00.0110524" startTime="2026-08-23T22:01:50.4741537-03:00" endTime="2026-08-23T22:01:50.4741538-03:00" testType="13cdc9d9-ddb5-4fa4-a97d-d965ccfc6d4b" outcome="Passed" testListId="8c84fa94-04c1-424b-9868-57a2d4851a1d" relativeResultsDirectory="02cee2b4-4698-438b-a1e1-6dab7ed53e74" />
    <UnitTestResult executionId="0ad020b8-d154-4d94-a40d-9be19a670ffe" testId="4e63010a-3eac-2c48-33d3-b202e6839ede" testName="MVC_InventoryMasters.Tests.ViewModels.ErrorViewModelTests.ShowRequestId_DeveIndicarSeExisteIdentificador(requestId: null, esperado: False)" computerName="DIULIE" duration="00:00:00.0004154" startTime="2026-08-23T22:01:50.4345074-03:00" endTime="2026-08-23T22:01:50.4345085-03:00" testType="13cdc9d9-ddb5-4fa4-a97d-d965ccfc6d4b" outcome="Passed" testListId="8c84fa94-04c1-424b-9868-57a2d4851a1d" relativeResultsDirectory="0ad020b8-d154-4d94-a40d-9be19a670ffe" />
    <UnitTestResult executionId="2f8e9027-7483-4454-99d3-fc1618a1dc66" testId="5b4f35f4-9d70-6fbc-934f-1b35567aee1f" testName="MVC_InventoryMasters.Tests.ViewModels.ViewModelValidationTests.ValidarTokenRequest_DeveArmazenarToken" computerName="DIULIE" duration="00:00:00.0003921" startTime="2026-08-23T22:01:50.4752901-03:00" endTime="2026-08-23T22:01:50.4752906-03:00" testType="13cdc9d9-ddb5-4fa4-a97d-d965ccfc6d4b" outcome="Passed" testListId="8c84fa94-04c1-424b-9868-57a2d4851a1d" relativeResultsDirectory="2f8e9027-7483-4454-99d3-fc1618a1dc66" />
    <UnitTestResult executionId="d5687a28-1b0e-4edd-8633-c0786fab26b3" testId="e0565c5b-ba97-e365-ad58-48428129731f" testName="MVC_InventoryMasters.Tests.ViewModels.ViewModelValidationTests.ValidarTokenViewModel_TamanhoInvalido_DeveFalhar(token: &quot;12345&quot;)" computerName="DIULIE" duration="00:00:00.0005812" startTime="2026-08-23T22:01:50.4715008-03:00" endTime="2026-08-23T22:01:50.4715009-03:00" testType="13cdc9d9-ddb5-4fa4-a97d-d965ccfc6d4b" outcome="Passed" testListId="8c84fa94-04c1-424b-9868-57a2d4851a1d" relativeResultsDirectory="d5687a28-1b0e-4edd-8633-c0786fab26b3" />
  </Results>
  <TestDefinitions>
    <UnitTest name="MVC_InventoryMasters.Tests.ViewModels.ViewModelValidationTests.LoginEmailViewModel_DisplayName_DeveSerEmail" storage="c:\users\usuario\source\repos\tcc_inventory_masters_kinect\mvc_inventorymasters.tests\bin\debug\net8.0\mvc_inventorymasters.tests.dll" id="bbb013a3-1653-801e-5fe0-eb12ca70eace">
      <Execution id="70d53a6f-eb35-448c-8e1d-6a030aafd7ab" />
      <TestMethod codeBase="C:\Users\Usuario\source\repos\TCC_Inventory_Masters_Kinect\MVC_InventoryMasters.Tests\bin\Debug\net8.0\MVC_InventoryMasters.Tests.dll" adapterTypeName="executor://xunit/VsTestRunner2/netcoreapp" className="MVC_InventoryMasters.Tests.ViewModels.ViewModelValidationTests" name="LoginEmailViewModel_DisplayName_DeveSerEmail" />
    </UnitTest>
    <UnitTest name="MVC_InventoryMasters.Tests.Hubs.MedicaoHubTests.EnviarVolume_ComNotificacaoPendente_NaoDeveDuplicarAlerta" storage="c:\users\usuario\source\repos\tcc_inventory_masters_kinect\mvc_inventorymasters.tests\bin\debug\net8.0\mvc_inventorymasters.tests.dll" id="07bca540-699b-8fb9-fce7-3f757f10262c">
      <Execution id="8ca0f775-d013-4e18-8422-b4c37bd5ef5d" />
      <TestMethod codeBase="C:\Users\Usuario\source\repos\TCC_Inventory_Masters_Kinect\MVC_InventoryMasters.Tests\bin\Debug\net8.0\MVC_InventoryMasters.Tests.dll" adapterTypeName="executor://xunit/VsTestRunner2/netcoreapp" className="MVC_InventoryMasters.Tests.Hubs.MedicaoHubTests" name="EnviarVolume_ComNotificacaoPendente_NaoDeveDuplicarAlerta" />
    </UnitTest>
    <UnitTest name="MVC_InventoryMasters.Tests.Hubs.MedicaoHubTests.CicloDeConexao_DeveConcluirComOuSemErro(desconectarComErro: False)" storage="c:\users\usuario\source\repos\tcc_inventory_masters_kinect\mvc_inventorymasters.tests\bin\debug\net8.0\mvc_inventorymasters.tests.dll" id="f013adb5-ae73-476b-6eb9-9fde70f2ab6e">
      <Execution id="3417f94b-a2bf-4181-8401-f43a8840e82f" />
      <TestMethod codeBase="C:\Users\Usuario\source\repos\TCC_Inventory_Masters_Kinect\MVC_InventoryMasters.Tests\bin\Debug\net8.0\MVC_InventoryMasters.Tests.dll" adapterTypeName="executor://xunit/VsTestRunner2/netcoreapp" className="MVC_InventoryMasters.Tests.Hubs.MedicaoHubTests" name="CicloDeConexao_DeveConcluirComOuSemErro" />
    </UnitTest>
    <UnitTest name="MVC_InventoryMasters.Tests.ViewModels.DashboardViewModelTests.Construtor_DeveInicializarColecoesEParametros" storage="c:\users\usuario\source\repos\tcc_inventory_masters_kinect\mvc_inventorymasters.tests\bin\debug\net8.0\mvc_inventorymasters.tests.dll" id="d16b5e73-a352-4e14-3d53-eea08f569555">
      <Execution id="a76f930f-fd6f-4c46-af82-5ce4191e1ee9" />
      <TestMethod codeBase="C:\Users\Usuario\source\repos\TCC_Inventory_Masters_Kinect\MVC_InventoryMasters.Tests\bin\Debug\net8.0\MVC_InventoryMasters.Tests.dll" adapterTypeName="executor://xunit/VsTestRunner2/netcoreapp" className="MVC_InventoryMasters.Tests.ViewModels.DashboardViewModelTests" name="Construtor_DeveInicializarColecoesEParametros" />
    </UnitTest>
    <UnitTest name="MVC_InventoryMasters.Tests.ViewModels.ErrorViewModelTests.ShowRequestId_DeveIndicarSeExisteIdentificador(requestId: &quot;&quot;, esperado: False)" storage="c:\users\usuario\source\repos\tcc_inventory_masters_kinect\mvc_inventorymasters.tests\bin\debug\net8.0\mvc_inventorymasters.tests.dll" id="84a67f34-7197-9d70-4997-26e46806f23c">
      <Execution id="9a8ccf7b-0128-47ab-903f-bee4dae781d1" />
      <TestMethod codeBase="C:\Users\Usuario\source\repos\TCC_Inventory_Masters_Kinect\MVC_InventoryMasters.Tests\bin\Debug\net8.0\MVC_InventoryMasters.Tests.dll" adapterTypeName="executor://xunit/VsTestRunner2/netcoreapp" className="MVC_InventoryMasters.Tests.ViewModels.ErrorViewModelTests" name="ShowRequestId_DeveIndicarSeExisteIdentificador" />
    </UnitTest>
    <UnitTest name="MVC_InventoryMasters.Tests.ViewModels.ViewModelValidationTests.ValidarTokenViewModel_TamanhoInvalido_DeveFalhar(token: &quot;123456789012&quot;)" storage="c:\users\usuario\source\repos\tcc_inventory_masters_kinect\mvc_inventorymasters.tests\bin\debug\net8.0\mvc_inventorymasters.tests.dll" id="4486bf8c-5ce2-fadc-5479-0c9eaea5befd">
      <Execution id="73c36820-6912-4864-8a1d-4cec49a76a93" />
      <TestMethod codeBase="C:\Users\Usuario\source\repos\TCC_Inventory_Masters_Kinect\MVC_InventoryMasters.Tests\bin\Debug\net8.0\MVC_InventoryMasters.Tests.dll" adapterTypeName="executor://xunit/VsTestRunner2/netcoreapp" className="MVC_InventoryMasters.Tests.ViewModels.ViewModelValidationTests" name="ValidarTokenViewModel_TamanhoInvalido_DeveFalhar" />
    </UnitTest>
    <UnitTest name="MVC_InventoryMasters.Tests.ViewModels.DashboardViewModelTests.BaseViewModel_DeveArmazenarIdentificacaoDaPagina" storage="c:\users\usuario\source\repos\tcc_inventory_masters_kinect\mvc_inventorymasters.tests\bin\debug\net8.0\mvc_inventorymasters.tests.dll" id="f99d2b18-e16b-1503-4b48-dab99a12d7ee">
      <Execution id="3f7e8480-3684-464b-be39-2a72a006cdcd" />
      <TestMethod codeBase="C:\Users\Usuario\source\repos\TCC_Inventory_Masters_Kinect\MVC_InventoryMasters.Tests\bin\Debug\net8.0\MVC_InventoryMasters.Tests.dll" adapterTypeName="executor://xunit/VsTestRunner2/netcoreapp" className="MVC_InventoryMasters.Tests.ViewModels.DashboardViewModelTests" name="BaseViewModel_DeveArmazenarIdentificacaoDaPagina" />
    </UnitTest>
    <UnitTest name="MVC_InventoryMasters.Tests.Hubs.MedicaoHubTests.EnviarVolume_QuandoNotificacaoFalha_DeveContinuarTransmitindoMedicao" storage="c:\users\usuario\source\repos\tcc_inventory_masters_kinect\mvc_inventorymasters.tests\bin\debug\net8.0\mvc_inventorymasters.tests.dll" id="470290d8-812b-9ed4-9796-7b429a140c74">
      <Execution id="f3616d46-87a4-4b55-9674-80c6a959f411" />
      <TestMethod codeBase="C:\Users\Usuario\source\repos\TCC_Inventory_Masters_Kinect\MVC_InventoryMasters.Tests\bin\Debug\net8.0\MVC_InventoryMasters.Tests.dll" adapterTypeName="executor://xunit/VsTestRunner2/netcoreapp" className="MVC_InventoryMasters.Tests.Hubs.MedicaoHubTests" name="EnviarVolume_QuandoNotificacaoFalha_DeveContinuarTransmitindoMedicao" />
    </UnitTest>
    <UnitTest name="MVC_InventoryMasters.Tests.ViewModels.ViewModelValidationTests.ValidarTokenViewModel_TamanhoInvalido_DeveFalhar(token: &quot;&quot;)" storage="c:\users\usuario\source\repos\tcc_inventory_masters_kinect\mvc_inventorymasters.tests\bin\debug\net8.0\mvc_inventorymasters.tests.dll" id="b4440f39-ac0b-a65b-abd8-7e0c33d6d27d">
      <Execution id="10904f79-d6ea-4800-a16a-767857b2d319" />
      <TestMethod codeBase="C:\Users\Usuario\source\repos\TCC_Inventory_Masters_Kinect\MVC_InventoryMasters.Tests\bin\Debug\net8.0\MVC_InventoryMasters.Tests.dll" adapterTypeName="executor://xunit/VsTestRunner2/netcoreapp" className="MVC_InventoryMasters.Tests.ViewModels.ViewModelValidationTests" name="ValidarTokenViewModel_TamanhoInvalido_DeveFalhar" />
    </UnitTest>
    <UnitTest name="MVC_InventoryMasters.Tests.ViewModels.ViewModelValidationTests.EmailValido_DevePassarValidacao" storage="c:\users\usuario\source\repos\tcc_inventory_masters_kinect\mvc_inventorymasters.tests\bin\debug\net8.0\mvc_inventorymasters.tests.dll" id="1ae38161-8948-f353-7891-301e245a2b20">
      <Execution id="18cd251d-2a94-4ecc-8422-69dce8c30d8b" />
      <TestMethod codeBase="C:\Users\Usuario\source\repos\TCC_Inventory_Masters_Kinect\MVC_InventoryMasters.Tests\bin\Debug\net8.0\MVC_InventoryMasters.Tests.dll" adapterTypeName="executor://xunit/VsTestRunner2/netcoreapp" className="MVC_InventoryMasters.Tests.ViewModels.ViewModelValidationTests" name="EmailValido_DevePassarValidacao" />
    </UnitTest>
    <UnitTest name="MVC_InventoryMasters.Tests.ViewModels.DashboardViewModelTests.Totais_ColecoesNulas_DeveRetornarZero" storage="c:\users\usuario\source\repos\tcc_inventory_masters_kinect\mvc_inventorymasters.tests\bin\debug\net8.0\mvc_inventorymasters.tests.dll" id="d9ff5770-3b42-2a08-d308-e76651fe34b4">
      <Execution id="4070b7a5-add6-44b8-9af1-4b2a4c7cdc5b" />
      <TestMethod codeBase="C:\Users\Usuario\source\repos\TCC_Inventory_Masters_Kinect\MVC_InventoryMasters.Tests\bin\Debug\net8.0\MVC_InventoryMasters.Tests.dll" adapterTypeName="executor://xunit/VsTestRunner2/netcoreapp" className="MVC_InventoryMasters.Tests.ViewModels.DashboardViewModelTests" name="Totais_ColecoesNulas_DeveRetornarZero" />
    </UnitTest>
    <UnitTest name="MVC_InventoryMasters.Tests.ViewModels.ViewModelValidationTests.ValidarTokenViewModel_TamanhoInvalido_DeveFalhar(token: null)" storage="c:\users\usuario\source\repos\tcc_inventory_masters_kinect\mvc_inventorymasters.tests\bin\debug\net8.0\mvc_inventorymasters.tests.dll" id="817d0536-5c40-94ac-da76-350def2201de">
      <Execution id="32dcab21-f5dc-40ba-82ce-552b922c8545" />
      <TestMethod codeBase="C:\Users\Usuario\source\repos\TCC_Inventory_Masters_Kinect\MVC_InventoryMasters.Tests\bin\Debug\net8.0\MVC_InventoryMasters.Tests.dll" adapterTypeName="executor://xunit/VsTestRunner2/netcoreapp" className="MVC_InventoryMasters.Tests.ViewModels.ViewModelValidationTests" name="ValidarTokenViewModel_TamanhoInvalido_DeveFalhar" />
    </UnitTest>
    <UnitTest name="MVC_InventoryMasters.Tests.Hubs.MedicaoHubTests.EnviarVolume_ParametrosAusentesOuInvalidos_NaoDeveCriarAlerta(capacidadeMaxima: null)" storage="c:\users\usuario\source\repos\tcc_inventory_masters_kinect\mvc_inventorymasters.tests\bin\debug\net8.0\mvc_inventorymasters.tests.dll" id="f4ac632f-51d3-2535-5967-35b26a6b767d">
      <Execution id="ac7804a6-a862-4ff2-98fc-aeb0667babd6" />
      <TestMethod codeBase="C:\Users\Usuario\source\repos\TCC_Inventory_Masters_Kinect\MVC_InventoryMasters.Tests\bin\Debug\net8.0\MVC_InventoryMasters.Tests.dll" adapterTypeName="executor://xunit/VsTestRunner2/netcoreapp" className="MVC_InventoryMasters.Tests.Hubs.MedicaoHubTests" name="EnviarVolume_ParametrosAusentesOuInvalidos_NaoDeveCriarAlerta" />
    </UnitTest>
    <UnitTest name="MVC_InventoryMasters.Tests.Hubs.MedicaoHubTests.EnviarVolume_NoLimite_DeveCriarNotificacaoPendente" storage="c:\users\usuario\source\repos\tcc_inventory_masters_kinect\mvc_inventorymasters.tests\bin\debug\net8.0\mvc_inventorymasters.tests.dll" id="918bd2eb-d988-75bf-7d40-833995329a48">
      <Execution id="3cf05f03-2da0-4497-995f-030d7df25913" />
      <TestMethod codeBase="C:\Users\Usuario\source\repos\TCC_Inventory_Masters_Kinect\MVC_InventoryMasters.Tests\bin\Debug\net8.0\MVC_InventoryMasters.Tests.dll" adapterTypeName="executor://xunit/VsTestRunner2/netcoreapp" className="MVC_InventoryMasters.Tests.Hubs.MedicaoHubTests" name="EnviarVolume_NoLimite_DeveCriarNotificacaoPendente" />
    </UnitTest>
    <UnitTest name="MVC_InventoryMasters.Tests.ViewModels.ViewModelValidationTests.ValidacaoTokenResultadoViewModel_DeveArmazenarResultadoCompleto" storage="c:\users\usuario\source\repos\tcc_inventory_masters_kinect\mvc_inventorymasters.tests\bin\debug\net8.0\mvc_inventorymasters.tests.dll" id="2f9b3edc-bb46-7784-2ff9-c41bf2932ea1">
      <Execution id="e7e89c3f-2773-4e96-b695-230ae032d569" />
      <TestMethod codeBase="C:\Users\Usuario\source\repos\TCC_Inventory_Masters_Kinect\MVC_InventoryMasters.Tests\bin\Debug\net8.0\MVC_InventoryMasters.Tests.dll" adapterTypeName="executor://xunit/VsTestRunner2/netcoreapp" className="MVC_InventoryMasters.Tests.ViewModels.ViewModelValidationTests" name="ValidacaoTokenResultadoViewModel_DeveArmazenarResultadoCompleto" />
    </UnitTest>
    <UnitTest name="MVC_InventoryMasters.Tests.ViewModels.ViewModelValidationTests.ValidarTokenViewModel_TamanhoPermitido_DevePassar(token: &quot;123456&quot;)" storage="c:\users\usuario\source\repos\tcc_inventory_masters_kinect\mvc_inventorymasters.tests\bin\debug\net8.0\mvc_inventorymasters.tests.dll" id="04e2fabf-a00f-a2d9-4847-da34b193f9a9">
      <Execution id="374a0b79-e840-4248-ab4b-7bd336886e14" />
      <TestMethod codeBase="C:\Users\Usuario\source\repos\TCC_Inventory_Masters_Kinect\MVC_InventoryMasters.Tests\bin\Debug\net8.0\MVC_InventoryMasters.Tests.dll" adapterTypeName="executor://xunit/VsTestRunner2/netcoreapp" className="MVC_InventoryMasters.Tests.ViewModels.ViewModelValidationTests" name="ValidarTokenViewModel_TamanhoPermitido_DevePassar" />
    </UnitTest>
    <UnitTest name="MVC_InventoryMasters.Tests.ViewModels.ViewModelValidationTests.EmailInvalido_DeveFalharValidacao" storage="c:\users\usuario\source\repos\tcc_inventory_masters_kinect\mvc_inventorymasters.tests\bin\debug\net8.0\mvc_inventorymasters.tests.dll" id="dcc3e29c-2b30-f3e0-c1f8-57a080d68b56">
      <Execution id="b0a3c980-e3b1-4d3d-9140-93100ce94cd8" />
      <TestMethod codeBase="C:\Users\Usuario\source\repos\TCC_Inventory_Masters_Kinect\MVC_InventoryMasters.Tests\bin\Debug\net8.0\MVC_InventoryMasters.Tests.dll" adapterTypeName="executor://xunit/VsTestRunner2/netcoreapp" className="MVC_InventoryMasters.Tests.ViewModels.ViewModelValidationTests" name="EmailInvalido_DeveFalharValidacao" />
    </UnitTest>
    <UnitTest name="MVC_InventoryMasters.Tests.Hubs.NotificacaoHubTests.EnviarNotificacao_DeveEnviarMensagemParaTodos" storage="c:\users\usuario\source\repos\tcc_inventory_masters_kinect\mvc_inventorymasters.tests\bin\debug\net8.0\mvc_inventorymasters.tests.dll" id="9fd4d04f-c323-426a-14c8-241acfcab7e7">
      <Execution id="527c2212-23e7-4cf5-b5b5-cd26e39a3e48" />
      <TestMethod codeBase="C:\Users\Usuario\source\repos\TCC_Inventory_Masters_Kinect\MVC_InventoryMasters.Tests\bin\Debug\net8.0\MVC_InventoryMasters.Tests.dll" adapterTypeName="executor://xunit/VsTestRunner2/netcoreapp" className="MVC_InventoryMasters.Tests.Hubs.NotificacaoHubTests" name="EnviarNotificacao_DeveEnviarMensagemParaTodos" />
    </UnitTest>
    <UnitTest name="MVC_InventoryMasters.Tests.Hubs.MedicaoHubTests.EnviarVolume_DeveConverterSalvarETransmitir(volumeCm3: 1000000, volumeM3Esperado: 1)" storage="c:\users\usuario\source\repos\tcc_inventory_masters_kinect\mvc_inventorymasters.tests\bin\debug\net8.0\mvc_inventorymasters.tests.dll" id="bb38b40a-2b9f-a413-33f4-15d27bffaa47">
      <Execution id="1adfc5ce-0650-4cc2-ab48-26368e68fbe4" />
      <TestMethod codeBase="C:\Users\Usuario\source\repos\TCC_Inventory_Masters_Kinect\MVC_InventoryMasters.Tests\bin\Debug\net8.0\MVC_InventoryMasters.Tests.dll" adapterTypeName="executor://xunit/VsTestRunner2/netcoreapp" className="MVC_InventoryMasters.Tests.Hubs.MedicaoHubTests" name="EnviarVolume_DeveConverterSalvarETransmitir" />
    </UnitTest>
    <UnitTest name="MVC_InventoryMasters.Tests.Hubs.NotificacaoHubTests.CicloDeConexao_DeveConcluirSemErro" storage="c:\users\usuario\source\repos\tcc_inventory_masters_kinect\mvc_inventorymasters.tests\bin\debug\net8.0\mvc_inventorymasters.tests.dll" id="3b3ab517-3a84-7a83-100a-15539f0e7e50">
      <Execution id="60fae0fd-84d0-4265-ad0c-11198e6639df" />
      <TestMethod codeBase="C:\Users\Usuario\source\repos\TCC_Inventory_Masters_Kinect\MVC_InventoryMasters.Tests\bin\Debug\net8.0\MVC_InventoryMasters.Tests.dll" adapterTypeName="executor://xunit/VsTestRunner2/netcoreapp" className="MVC_InventoryMasters.Tests.Hubs.NotificacaoHubTests" name="CicloDeConexao_DeveConcluirSemErro" />
    </UnitTest>
    <UnitTest name="MVC_InventoryMasters.Tests.Hubs.MedicaoHubTests.EnviarVolume_QuandoPersistenciaFalha_DeveAvisarSomenteChamador" storage="c:\users\usuario\source\repos\tcc_inventory_masters_kinect\mvc_inventorymasters.tests\bin\debug\net8.0\mvc_inventorymasters.tests.dll" id="56e3b7b8-7bf4-5a40-ca5b-84793f5280ae">
      <Execution id="a0a82dd9-a691-457d-aeab-f621b61b2a2a" />
      <TestMethod codeBase="C:\Users\Usuario\source\repos\TCC_Inventory_Masters_Kinect\MVC_InventoryMasters.Tests\bin\Debug\net8.0\MVC_InventoryMasters.Tests.dll" adapterTypeName="executor://xunit/VsTestRunner2/netcoreapp" className="MVC_InventoryMasters.Tests.Hubs.MedicaoHubTests" name="EnviarVolume_QuandoPersistenciaFalha_DeveAvisarSomenteChamador" />
    </UnitTest>
    <UnitTest name="MVC_InventoryMasters.Tests.ViewModels.ErrorViewModelTests.ShowRequestId_DeveIndicarSeExisteIdentificador(requestId: null, esperado: False)" storage="c:\users\usuario\source\repos\tcc_inventory_masters_kinect\mvc_inventorymasters.tests\bin\debug\net8.0\mvc_inventorymasters.tests.dll" id="4e63010a-3eac-2c48-33d3-b202e6839ede">
      <Execution id="0ad020b8-d154-4d94-a40d-9be19a670ffe" />
      <TestMethod codeBase="C:\Users\Usuario\source\repos\TCC_Inventory_Masters_Kinect\MVC_InventoryMasters.Tests\bin\Debug\net8.0\MVC_InventoryMasters.Tests.dll" adapterTypeName="executor://xunit/VsTestRunner2/netcoreapp" className="MVC_InventoryMasters.Tests.ViewModels.ErrorViewModelTests" name="ShowRequestId_DeveIndicarSeExisteIdentificador" />
    </UnitTest>
    <UnitTest name="MVC_InventoryMasters.Tests.ViewModels.DashboardViewModelTests.Totais_DeveRefletirQuantidadeDasColecoes" storage="c:\users\usuario\source\repos\tcc_inventory_masters_kinect\mvc_inventorymasters.tests\bin\debug\net8.0\mvc_inventorymasters.tests.dll" id="8e4f6de4-ab09-0bf4-d494-aa4dca45c587">
      <Execution id="3dab03f6-3536-43b9-9192-c030387b9a09" />
      <TestMethod codeBase="C:\Users\Usuario\source\repos\TCC_Inventory_Masters_Kinect\MVC_InventoryMasters.Tests\bin\Debug\net8.0\MVC_InventoryMasters.Tests.dll" adapterTypeName="executor://xunit/VsTestRunner2/netcoreapp" className="MVC_InventoryMasters.Tests.ViewModels.DashboardViewModelTests" name="Totais_DeveRefletirQuantidadeDasColecoes" />
    </UnitTest>
    <UnitTest name="MVC_InventoryMasters.Tests.ViewModels.DashboardViewModelTests.UltimasNotificacoes_DeveRetornarCincoMaisRecentes" storage="c:\users\usuario\source\repos\tcc_inventory_masters_kinect\mvc_inventorymasters.tests\bin\debug\net8.0\mvc_inventorymasters.tests.dll" id="d1fbc7bd-02c2-1279-9140-f27b1aeb5780">
      <Execution id="02cee2b4-4698-438b-a1e1-6dab7ed53e74" />
      <TestMethod codeBase="C:\Users\Usuario\source\repos\TCC_Inventory_Masters_Kinect\MVC_InventoryMasters.Tests\bin\Debug\net8.0\MVC_InventoryMasters.Tests.dll" adapterTypeName="executor://xunit/VsTestRunner2/netcoreapp" className="MVC_InventoryMasters.Tests.ViewModels.DashboardViewModelTests" name="UltimasNotificacoes_DeveRetornarCincoMaisRecentes" />
    </UnitTest>
    <UnitTest name="MVC_InventoryMasters.Tests.ViewModels.ViewModelValidationTests.ValidarTokenViewModel_TamanhoInvalido_DeveFalhar(token: &quot;1234567&quot;)" storage="c:\users\usuario\source\repos\tcc_inventory_masters_kinect\mvc_inventorymasters.tests\bin\debug\net8.0\mvc_inventorymasters.tests.dll" id="5c0eb11e-51e5-5a7b-825f-2f757167a60c">
      <Execution id="29d551f1-f58d-4c5a-8b8b-39b4464f1091" />
      <TestMethod codeBase="C:\Users\Usuario\source\repos\TCC_Inventory_Masters_Kinect\MVC_InventoryMasters.Tests\bin\Debug\net8.0\MVC_InventoryMasters.Tests.dll" adapterTypeName="executor://xunit/VsTestRunner2/netcoreapp" className="MVC_InventoryMasters.Tests.ViewModels.ViewModelValidationTests" name="ValidarTokenViewModel_TamanhoInvalido_DeveFalhar" />
    </UnitTest>
    <UnitTest name="MVC_InventoryMasters.Tests.ViewModels.ErrorViewModelTests.ShowRequestId_DeveIndicarSeExisteIdentificador(requestId: &quot;REQ-123&quot;, esperado: True)" storage="c:\users\usuario\source\repos\tcc_inventory_masters_kinect\mvc_inventorymasters.tests\bin\debug\net8.0\mvc_inventorymasters.tests.dll" id="fa5d1761-e127-09ce-fe18-d38561a44dee">
      <Execution id="831256ea-39e3-4f09-b60f-4f98d251a19f" />
      <TestMethod codeBase="C:\Users\Usuario\source\repos\TCC_Inventory_Masters_Kinect\MVC_InventoryMasters.Tests\bin\Debug\net8.0\MVC_InventoryMasters.Tests.dll" adapterTypeName="executor://xunit/VsTestRunner2/netcoreapp" className="MVC_InventoryMasters.Tests.ViewModels.ErrorViewModelTests" name="ShowRequestId_DeveIndicarSeExisteIdentificador" />
    </UnitTest>
    <UnitTest name="MVC_InventoryMasters.Tests.Hubs.MedicaoHubTests.CicloDeConexao_DeveConcluirComOuSemErro(desconectarComErro: True)" storage="c:\users\usuario\source\repos\tcc_inventory_masters_kinect\mvc_inventorymasters.tests\bin\debug\net8.0\mvc_inventorymasters.tests.dll" id="a5641ac6-486b-709f-cb84-377c0b373cdb">
      <Execution id="2fe4618c-5652-446b-957f-d6e2b1e797d2" />
      <TestMethod codeBase="C:\Users\Usuario\source\repos\TCC_Inventory_Masters_Kinect\MVC_InventoryMasters.Tests\bin\Debug\net8.0\MVC_InventoryMasters.Tests.dll" adapterTypeName="executor://xunit/VsTestRunner2/netcoreapp" className="MVC_InventoryMasters.Tests.Hubs.MedicaoHubTests" name="CicloDeConexao_DeveConcluirComOuSemErro" />
    </UnitTest>
    <UnitTest name="MVC_InventoryMasters.Tests.ViewModels.ViewModelValidationTests.ValidarTokenRequest_DeveArmazenarToken" storage="c:\users\usuario\source\repos\tcc_inventory_masters_kinect\mvc_inventorymasters.tests\bin\debug\net8.0\mvc_inventorymasters.tests.dll" id="5b4f35f4-9d70-6fbc-934f-1b35567aee1f">
      <Execution id="2f8e9027-7483-4454-99d3-fc1618a1dc66" />
      <TestMethod codeBase="C:\Users\Usuario\source\repos\TCC_Inventory_Masters_Kinect\MVC_InventoryMasters.Tests\bin\Debug\net8.0\MVC_InventoryMasters.Tests.dll" adapterTypeName="executor://xunit/VsTestRunner2/netcoreapp" className="MVC_InventoryMasters.Tests.ViewModels.ViewModelValidationTests" name="ValidarTokenRequest_DeveArmazenarToken" />
    </UnitTest>
    <UnitTest name="MVC_InventoryMasters.Tests.Hubs.MedicaoHubTests.EnviarVolume_DeveConverterSalvarETransmitir(volumeCm3: 2500000, volumeM3Esperado: 2,5)" storage="c:\users\usuario\source\repos\tcc_inventory_masters_kinect\mvc_inventorymasters.tests\bin\debug\net8.0\mvc_inventorymasters.tests.dll" id="84d68e90-7da7-9786-2e57-1690aa6c1b7b">
      <Execution id="3f967e57-b56c-49fa-a19f-5158c934bc7c" />
      <TestMethod codeBase="C:\Users\Usuario\source\repos\TCC_Inventory_Masters_Kinect\MVC_InventoryMasters.Tests\bin\Debug\net8.0\MVC_InventoryMasters.Tests.dll" adapterTypeName="executor://xunit/VsTestRunner2/netcoreapp" className="MVC_InventoryMasters.Tests.Hubs.MedicaoHubTests" name="EnviarVolume_DeveConverterSalvarETransmitir" />
    </UnitTest>
    <UnitTest name="MVC_InventoryMasters.Tests.ViewModels.DashboardViewModelTests.Indicadores_DeveArmazenarPercentualEParametros" storage="c:\users\usuario\source\repos\tcc_inventory_masters_kinect\mvc_inventorymasters.tests\bin\debug\net8.0\mvc_inventorymasters.tests.dll" id="27825d59-f2ad-bd91-a596-ba3e8c62e075">
      <Execution id="acf565fc-f059-4f54-9ced-b0247ba3c5ba" />
      <TestMethod codeBase="C:\Users\Usuario\source\repos\TCC_Inventory_Masters_Kinect\MVC_InventoryMasters.Tests\bin\Debug\net8.0\MVC_InventoryMasters.Tests.dll" adapterTypeName="executor://xunit/VsTestRunner2/netcoreapp" className="MVC_InventoryMasters.Tests.ViewModels.DashboardViewModelTests" name="Indicadores_DeveArmazenarPercentualEParametros" />
    </UnitTest>
    <UnitTest name="MVC_InventoryMasters.Tests.Hubs.MedicaoHubTests.EnviarVolume_ParametrosAusentesOuInvalidos_NaoDeveCriarAlerta(capacidadeMaxima: 0)" storage="c:\users\usuario\source\repos\tcc_inventory_masters_kinect\mvc_inventorymasters.tests\bin\debug\net8.0\mvc_inventorymasters.tests.dll" id="3ac08b74-2668-2b1d-0cf3-f7fe8d456908">
      <Execution id="e29a5c2d-0bce-4dfc-abe2-12bf68c240b3" />
      <TestMethod codeBase="C:\Users\Usuario\source\repos\TCC_Inventory_Masters_Kinect\MVC_InventoryMasters.Tests\bin\Debug\net8.0\MVC_InventoryMasters.Tests.dll" adapterTypeName="executor://xunit/VsTestRunner2/netcoreapp" className="MVC_InventoryMasters.Tests.Hubs.MedicaoHubTests" name="EnviarVolume_ParametrosAusentesOuInvalidos_NaoDeveCriarAlerta" />
    </UnitTest>
    <UnitTest name="MVC_InventoryMasters.Tests.ViewModels.ViewModelValidationTests.ValidarTokenViewModel_TamanhoInvalido_DeveFalhar(token: &quot;1234567890123&quot;)" storage="c:\users\usuario\source\repos\tcc_inventory_masters_kinect\mvc_inventorymasters.tests\bin\debug\net8.0\mvc_inventorymasters.tests.dll" id="b0529d08-7548-7801-8659-3b73aad90e14">
      <Execution id="d703ca34-d027-42c7-849a-05809dd43c62" />
      <TestMethod codeBase="C:\Users\Usuario\source\repos\TCC_Inventory_Masters_Kinect\MVC_InventoryMasters.Tests\bin\Debug\net8.0\MVC_InventoryMasters.Tests.dll" adapterTypeName="executor://xunit/VsTestRunner2/netcoreapp" className="MVC_InventoryMasters.Tests.ViewModels.ViewModelValidationTests" name="ValidarTokenViewModel_TamanhoInvalido_DeveFalhar" />
    </UnitTest>
    <UnitTest name="MVC_InventoryMasters.Tests.Hubs.MedicaoHubTests.EnviarVolume_DeveConverterSalvarETransmitir(volumeCm3: 0, volumeM3Esperado: 0)" storage="c:\users\usuario\source\repos\tcc_inventory_masters_kinect\mvc_inventorymasters.tests\bin\debug\net8.0\mvc_inventorymasters.tests.dll" id="598d87e4-00a1-2d07-419d-57251d6e6605">
      <Execution id="6be3ca3d-8566-4efa-8486-8964b3d0b012" />
      <TestMethod codeBase="C:\Users\Usuario\source\repos\TCC_Inventory_Masters_Kinect\MVC_InventoryMasters.Tests\bin\Debug\net8.0\MVC_InventoryMasters.Tests.dll" adapterTypeName="executor://xunit/VsTestRunner2/netcoreapp" className="MVC_InventoryMasters.Tests.Hubs.MedicaoHubTests" name="EnviarVolume_DeveConverterSalvarETransmitir" />
    </UnitTest>
    <UnitTest name="MVC_InventoryMasters.Tests.ViewModels.ViewModelValidationTests.ValidarTokenViewModel_TamanhoInvalido_DeveFalhar(token: &quot;12345&quot;)" storage="c:\users\usuario\source\repos\tcc_inventory_masters_kinect\mvc_inventorymasters.tests\bin\debug\net8.0\mvc_inventorymasters.tests.dll" id="e0565c5b-ba97-e365-ad58-48428129731f">
      <Execution id="d5687a28-1b0e-4edd-8633-c0786fab26b3" />
      <TestMethod codeBase="C:\Users\Usuario\source\repos\TCC_Inventory_Masters_Kinect\MVC_InventoryMasters.Tests\bin\Debug\net8.0\MVC_InventoryMasters.Tests.dll" adapterTypeName="executor://xunit/VsTestRunner2/netcoreapp" className="MVC_InventoryMasters.Tests.ViewModels.ViewModelValidationTests" name="ValidarTokenViewModel_TamanhoInvalido_DeveFalhar" />
    </UnitTest>
    <UnitTest name="MVC_InventoryMasters.Tests.Hubs.MedicaoHubTests.EnviarVolume_AbaixoDoLimite_NaoDeveCriarNotificacao" storage="c:\users\usuario\source\repos\tcc_inventory_masters_kinect\mvc_inventorymasters.tests\bin\debug\net8.0\mvc_inventorymasters.tests.dll" id="21ccf200-75bf-a752-fd2f-8c015701f70b">
      <Execution id="905587e8-d189-4520-9959-7b081892a6c9" />
      <TestMethod codeBase="C:\Users\Usuario\source\repos\TCC_Inventory_Masters_Kinect\MVC_InventoryMasters.Tests\bin\Debug\net8.0\MVC_InventoryMasters.Tests.dll" adapterTypeName="executor://xunit/VsTestRunner2/netcoreapp" className="MVC_InventoryMasters.Tests.Hubs.MedicaoHubTests" name="EnviarVolume_AbaixoDoLimite_NaoDeveCriarNotificacao" />
    </UnitTest>
    <UnitTest name="MVC_InventoryMasters.Tests.Hubs.MedicaoHubTests.EnviarVolume_ParametrosAusentesOuInvalidos_NaoDeveCriarAlerta(capacidadeMaxima: -1)" storage="c:\users\usuario\source\repos\tcc_inventory_masters_kinect\mvc_inventorymasters.tests\bin\debug\net8.0\mvc_inventorymasters.tests.dll" id="3731473d-205e-b348-b0b0-dd692c965c33">
      <Execution id="9b4093ae-6c70-44be-b7dc-23279e169dcb" />
      <TestMethod codeBase="C:\Users\Usuario\source\repos\TCC_Inventory_Masters_Kinect\MVC_InventoryMasters.Tests\bin\Debug\net8.0\MVC_InventoryMasters.Tests.dll" adapterTypeName="executor://xunit/VsTestRunner2/netcoreapp" className="MVC_InventoryMasters.Tests.Hubs.MedicaoHubTests" name="EnviarVolume_ParametrosAusentesOuInvalidos_NaoDeveCriarAlerta" />
    </UnitTest>
  </TestDefinitions>
  <TestEntries>
    <TestEntry testId="bb38b40a-2b9f-a413-33f4-15d27bffaa47" executionId="1adfc5ce-0650-4cc2-ab48-26368e68fbe4" testListId="8c84fa94-04c1-424b-9868-57a2d4851a1d" />
    <TestEntry testId="1ae38161-8948-f353-7891-301e245a2b20" executionId="4fd5acec-4f32-4f89-aa15-70365b336300" testListId="8c84fa94-04c1-424b-9868-57a2d4851a1d" />
    <TestEntry testId="4486bf8c-5ce2-fadc-5479-0c9eaea5befd" executionId="73c36820-6912-4864-8a1d-4cec49a76a93" testListId="8c84fa94-04c1-424b-9868-57a2d4851a1d" />
    <TestEntry testId="9fd4d04f-c323-426a-14c8-241acfcab7e7" executionId="527c2212-23e7-4cf5-b5b5-cd26e39a3e48" testListId="8c84fa94-04c1-424b-9868-57a2d4851a1d" />
    <TestEntry testId="b0529d08-7548-7801-8659-3b73aad90e14" executionId="d703ca34-d027-42c7-849a-05809dd43c62" testListId="8c84fa94-04c1-424b-9868-57a2d4851a1d" />
    <TestEntry testId="817d0536-5c40-94ac-da76-350def2201de" executionId="32dcab21-f5dc-40ba-82ce-552b922c8545" testListId="8c84fa94-04c1-424b-9868-57a2d4851a1d" />
    <TestEntry testId="84d68e90-7da7-9786-2e57-1690aa6c1b7b" executionId="3f967e57-b56c-49fa-a19f-5158c934bc7c" testListId="8c84fa94-04c1-424b-9868-57a2d4851a1d" />
    <TestEntry testId="04e2fabf-a00f-a2d9-4847-da34b193f9a9" executionId="374a0b79-e840-4248-ab4b-7bd336886e14" testListId="8c84fa94-04c1-424b-9868-57a2d4851a1d" />
    <TestEntry testId="bbb013a3-1653-801e-5fe0-eb12ca70eace" executionId="70d53a6f-eb35-448c-8e1d-6a030aafd7ab" testListId="8c84fa94-04c1-424b-9868-57a2d4851a1d" />
    <TestEntry testId="f99d2b18-e16b-1503-4b48-dab99a12d7ee" executionId="3f7e8480-3684-464b-be39-2a72a006cdcd" testListId="8c84fa94-04c1-424b-9868-57a2d4851a1d" />
    <TestEntry testId="dcc3e29c-2b30-f3e0-c1f8-57a080d68b56" executionId="585a0a17-f53f-4dc0-82d2-a32ee97a79c0" testListId="8c84fa94-04c1-424b-9868-57a2d4851a1d" />
    <TestEntry testId="dcc3e29c-2b30-f3e0-c1f8-57a080d68b56" executionId="cee1a41e-bffc-4564-8d42-b68f3b3a06ba" testListId="8c84fa94-04c1-424b-9868-57a2d4851a1d" />
    <TestEntry testId="d16b5e73-a352-4e14-3d53-eea08f569555" executionId="a76f930f-fd6f-4c46-af82-5ce4191e1ee9" testListId="8c84fa94-04c1-424b-9868-57a2d4851a1d" />
    <TestEntry testId="a5641ac6-486b-709f-cb84-377c0b373cdb" executionId="2fe4618c-5652-446b-957f-d6e2b1e797d2" testListId="8c84fa94-04c1-424b-9868-57a2d4851a1d" />
    <TestEntry testId="598d87e4-00a1-2d07-419d-57251d6e6605" executionId="6be3ca3d-8566-4efa-8486-8964b3d0b012" testListId="8c84fa94-04c1-424b-9868-57a2d4851a1d" />
    <TestEntry testId="dcc3e29c-2b30-f3e0-c1f8-57a080d68b56" executionId="1e0e0e41-2c5e-46ac-8bf7-a6d6f66c5925" testListId="8c84fa94-04c1-424b-9868-57a2d4851a1d" />
    <TestEntry testId="fa5d1761-e127-09ce-fe18-d38561a44dee" executionId="831256ea-39e3-4f09-b60f-4f98d251a19f" testListId="8c84fa94-04c1-424b-9868-57a2d4851a1d" />
    <TestEntry testId="21ccf200-75bf-a752-fd2f-8c015701f70b" executionId="905587e8-d189-4520-9959-7b081892a6c9" testListId="8c84fa94-04c1-424b-9868-57a2d4851a1d" />
    <TestEntry testId="3b3ab517-3a84-7a83-100a-15539f0e7e50" executionId="60fae0fd-84d0-4265-ad0c-11198e6639df" testListId="8c84fa94-04c1-424b-9868-57a2d4851a1d" />
    <TestEntry testId="dcc3e29c-2b30-f3e0-c1f8-57a080d68b56" executionId="b0a3c980-e3b1-4d3d-9140-93100ce94cd8" testListId="8c84fa94-04c1-424b-9868-57a2d4851a1d" />
    <TestEntry testId="f013adb5-ae73-476b-6eb9-9fde70f2ab6e" executionId="3417f94b-a2bf-4181-8401-f43a8840e82f" testListId="8c84fa94-04c1-424b-9868-57a2d4851a1d" />
    <TestEntry testId="1ae38161-8948-f353-7891-301e245a2b20" executionId="18cd251d-2a94-4ecc-8422-69dce8c30d8b" testListId="8c84fa94-04c1-424b-9868-57a2d4851a1d" />
    <TestEntry testId="27825d59-f2ad-bd91-a596-ba3e8c62e075" executionId="acf565fc-f059-4f54-9ced-b0247ba3c5ba" testListId="8c84fa94-04c1-424b-9868-57a2d4851a1d" />
    <TestEntry testId="3731473d-205e-b348-b0b0-dd692c965c33" executionId="9b4093ae-6c70-44be-b7dc-23279e169dcb" testListId="8c84fa94-04c1-424b-9868-57a2d4851a1d" />
    <TestEntry testId="56e3b7b8-7bf4-5a40-ca5b-84793f5280ae" executionId="a0a82dd9-a691-457d-aeab-f621b61b2a2a" testListId="8c84fa94-04c1-424b-9868-57a2d4851a1d" />
    <TestEntry testId="d9ff5770-3b42-2a08-d308-e76651fe34b4" executionId="4070b7a5-add6-44b8-9af1-4b2a4c7cdc5b" testListId="8c84fa94-04c1-424b-9868-57a2d4851a1d" />
    <TestEntry testId="84a67f34-7197-9d70-4997-26e46806f23c" executionId="9a8ccf7b-0128-47ab-903f-bee4dae781d1" testListId="8c84fa94-04c1-424b-9868-57a2d4851a1d" />
    <TestEntry testId="3ac08b74-2668-2b1d-0cf3-f7fe8d456908" executionId="e29a5c2d-0bce-4dfc-abe2-12bf68c240b3" testListId="8c84fa94-04c1-424b-9868-57a2d4851a1d" />
    <TestEntry testId="5c0eb11e-51e5-5a7b-825f-2f757167a60c" executionId="29d551f1-f58d-4c5a-8b8b-39b4464f1091" testListId="8c84fa94-04c1-424b-9868-57a2d4851a1d" />
    <TestEntry testId="8e4f6de4-ab09-0bf4-d494-aa4dca45c587" executionId="3dab03f6-3536-43b9-9192-c030387b9a09" testListId="8c84fa94-04c1-424b-9868-57a2d4851a1d" />
    <TestEntry testId="b4440f39-ac0b-a65b-abd8-7e0c33d6d27d" executionId="10904f79-d6ea-4800-a16a-767857b2d319" testListId="8c84fa94-04c1-424b-9868-57a2d4851a1d" />
    <TestEntry testId="f4ac632f-51d3-2535-5967-35b26a6b767d" executionId="ac7804a6-a862-4ff2-98fc-aeb0667babd6" testListId="8c84fa94-04c1-424b-9868-57a2d4851a1d" />
    <TestEntry testId="918bd2eb-d988-75bf-7d40-833995329a48" executionId="3cf05f03-2da0-4497-995f-030d7df25913" testListId="8c84fa94-04c1-424b-9868-57a2d4851a1d" />
    <TestEntry testId="07bca540-699b-8fb9-fce7-3f757f10262c" executionId="8ca0f775-d013-4e18-8422-b4c37bd5ef5d" testListId="8c84fa94-04c1-424b-9868-57a2d4851a1d" />
    <TestEntry testId="2f9b3edc-bb46-7784-2ff9-c41bf2932ea1" executionId="e7e89c3f-2773-4e96-b695-230ae032d569" testListId="8c84fa94-04c1-424b-9868-57a2d4851a1d" />
    <TestEntry testId="470290d8-812b-9ed4-9796-7b429a140c74" executionId="f3616d46-87a4-4b55-9674-80c6a959f411" testListId="8c84fa94-04c1-424b-9868-57a2d4851a1d" />
    <TestEntry testId="d1fbc7bd-02c2-1279-9140-f27b1aeb5780" executionId="02cee2b4-4698-438b-a1e1-6dab7ed53e74" testListId="8c84fa94-04c1-424b-9868-57a2d4851a1d" />
    <TestEntry testId="4e63010a-3eac-2c48-33d3-b202e6839ede" executionId="0ad020b8-d154-4d94-a40d-9be19a670ffe" testListId="8c84fa94-04c1-424b-9868-57a2d4851a1d" />
    <TestEntry testId="5b4f35f4-9d70-6fbc-934f-1b35567aee1f" executionId="2f8e9027-7483-4454-99d3-fc1618a1dc66" testListId="8c84fa94-04c1-424b-9868-57a2d4851a1d" />
    <TestEntry testId="e0565c5b-ba97-e365-ad58-48428129731f" executionId="d5687a28-1b0e-4edd-8633-c0786fab26b3" testListId="8c84fa94-04c1-424b-9868-57a2d4851a1d" />
  </TestEntries>
  <TestLists>
    <TestList name="Resultados que não estão em uma lista" id="8c84fa94-04c1-424b-9868-57a2d4851a1d" />
    <TestList name="Todos os resultados carregados" id="19431567-8539-422a-85d7-44ee4e166bda" />
  </TestLists>
  <ResultSummary outcome="Completed">
    <Counters total="40" executed="40" passed="40" failed="0" error="0" timeout="0" aborted="0" inconclusive="0" passedButRunAborted="0" notRunnable="0" notExecuted="0" disconnected="0" warning="0" completed="0" inProgress="0" pending="0" />
    <Output>
      <StdOut>[xUnit.net 00:00:00.00] xUnit.net VSTest Adapter v2.5.3.1+6b60a9e56a (64-bit .NET 8.0.28)&#xD;
[xUnit.net 00:00:00.52]   Discovering: MVC_InventoryMasters.Tests&#xD;
[xUnit.net 00:00:00.62]   Discovered:  MVC_InventoryMasters.Tests&#xD;
[xUnit.net 00:00:00.63]   Starting:    MVC_InventoryMasters.Tests&#xD;
Cliente conectado: conexao-teste&#xD;
Cliente desconectado: conexao-teste&#xD;
[xUnit.net 00:00:00.77]   Finished:    MVC_InventoryMasters.Tests&#xD;
</StdOut>
    </Output>
  </ResultSummary>
</TestRun>