<?xml version="1.0" encoding="utf-8"?>
<TestRun id="db4ca03c-699a-4567-9640-7b0480f2a893" name="Usuario@DIULIE 2026-08-23 17:02:22" runUser="DIULIE\Usuario" xmlns="http://microsoft.com/schemas/VisualStudio/TeamTest/2010">
  <Times creation="2026-08-23T17:02:22.3328671-03:00" queuing="2026-08-23T17:02:22.3328671-03:00" start="2026-08-23T17:02:19.9734256-03:00" finish="2026-08-23T17:02:23.1387269-03:00" />
  <TestSettings name="default" id="2d8b9263-1f4e-4b9d-9ae0-4a5d9ff0dd2c">
    <Deployment runDeploymentRoot="Usuario_DIULIE_2026-08-23_17_02_22" />
  </TestSettings>
  <Results>
    <UnitTestResult executionId="31caca46-dc0f-43f7-b46b-e6237f736725" testId="8dad780a-3d38-804b-dcc8-27060a4cd82e" testName="TCC_Inventory_Masters_Kinect.Tests.ViewModel.MainViewModelEspacoTests.SalvarEspaco_DadosValidosInclusiveLimites_DeveSalvar(percentual: &quot;80&quot;)" computerName="DIULIE" duration="00:00:00.0340000" startTime="2026-08-23T17:02:23.0251669-03:00" endTime="2026-08-23T17:02:23.0251669-03:00" testType="13cdc9d9-ddb5-4fa4-a97d-d965ccfc6d4b" outcome="Passed" testListId="8c84fa94-04c1-424b-9868-57a2d4851a1d" relativeResultsDirectory="31caca46-dc0f-43f7-b46b-e6237f736725" />
    <UnitTestResult executionId="067ba8c0-3b9b-42aa-b36e-8fba692f768a" testId="aafe8447-8170-97b0-afed-a41848525775" testName="TCC_Inventory_Masters_Kinect.Tests.ViewModel.MainViewModelVolumeTests.AtualizarIndicadoresVolume_AcimaDaCapacidade_DeveLimitarEmCemPorCento" computerName="DIULIE" duration="00:00:00.0200000" startTime="2026-08-23T17:02:22.9902952-03:00" endTime="2026-08-23T17:02:22.9902952-03:00" testType="13cdc9d9-ddb5-4fa4-a97d-d965ccfc6d4b" outcome="Passed" testListId="8c84fa94-04c1-424b-9868-57a2d4851a1d" relativeResultsDirectory="067ba8c0-3b9b-42aa-b36e-8fba692f768a" />
    <UnitTestResult executionId="959155dc-6bd2-4a84-b19e-8927219c910b" testId="5154c02a-fe0b-8e2d-e060-6e5adca0dab6" testName="TCC_Inventory_Masters_Kinect.Tests.ViewModel.KinectLoginViewModelTests.SolicitarTokenCommand_EmailEmBranco_DeveExibirErro" computerName="DIULIE" duration="00:00:00.0020000" startTime="2026-08-23T17:02:22.3308726-03:00" endTime="2026-08-23T17:02:22.3308726-03:00" testType="13cdc9d9-ddb5-4fa4-a97d-d965ccfc6d4b" outcome="Passed" testListId="8c84fa94-04c1-424b-9868-57a2d4851a1d" relativeResultsDirectory="959155dc-6bd2-4a84-b19e-8927219c910b" />
    <UnitTestResult executionId="9a9c7a5c-65ec-4a53-bdf4-94d7e60775df" testId="bbbe004b-7df6-cd98-db09-8ea02d523447" testName="TCC_Inventory_Masters_Kinect.Tests.ViewModel.KinectLoginViewModelTests.Construtor_AoInicializar_DeveInicializarCamposVazios" computerName="DIULIE" duration="00:00:00.0010000" startTime="2026-08-23T17:02:22.3288780-03:00" endTime="2026-08-23T17:02:22.3288780-03:00" testType="13cdc9d9-ddb5-4fa4-a97d-d965ccfc6d4b" outcome="Passed" testListId="8c84fa94-04c1-424b-9868-57a2d4851a1d" relativeResultsDirectory="9a9c7a5c-65ec-4a53-bdf4-94d7e60775df" />
    <UnitTestResult executionId="385bc301-2f7d-46b5-98b1-37eb4caed020" testId="dcb9d05d-2368-3090-a95b-617d1c668597" testName="TCC_Inventory_Masters_Kinect.Tests.ViewModel.MainViewModelEspacoTests.SalvarEspaco_DadosValidosInclusiveLimites_DeveSalvar(percentual: &quot;100&quot;)" computerName="DIULIE" duration="00:00:00.0200000" startTime="2026-08-23T17:02:23.0657852-03:00" endTime="2026-08-23T17:02:23.0657852-03:00" testType="13cdc9d9-ddb5-4fa4-a97d-d965ccfc6d4b" outcome="Passed" testListId="8c84fa94-04c1-424b-9868-57a2d4851a1d" relativeResultsDirectory="385bc301-2f7d-46b5-98b1-37eb4caed020" />
    <UnitTestResult executionId="94c39eed-6c91-425f-9715-053ff213c5d8" testId="9525ebac-39c5-93bc-ad30-9e3a0b44a7c6" testName="TCC_Inventory_Masters_Kinect.Tests.ViewModel.KinectLoginViewModelTests.EntrarAsync_TokenRecusado_DeveExibirMensagemDoServico" computerName="DIULIE" duration="00:00:00.5840000" startTime="2026-08-23T17:02:22.8959783-03:00" endTime="2026-08-23T17:02:22.8959783-03:00" testType="13cdc9d9-ddb5-4fa4-a97d-d965ccfc6d4b" outcome="Passed" testListId="8c84fa94-04c1-424b-9868-57a2d4851a1d" relativeResultsDirectory="94c39eed-6c91-425f-9715-053ff213c5d8" />
    <UnitTestResult executionId="7a47c629-b4aa-4bd5-bc41-9043d26b75c4" testId="2a25fe2b-3288-b98a-e2a0-4dd6d7f48b48" testName="TCC_Inventory_Masters_Kinect.Tests.ViewModel.MainViewModelVolumeTests.FormatarVolumeM3_DeveConverterCentimetrosCubicos(volumeCm3: 1000000, esperadoInvariante: &quot;1.000 m3&quot;)" computerName="DIULIE" duration="00:00:00.0010000" startTime="2026-08-23T17:02:22.9046203-03:00" endTime="2026-08-23T17:02:22.9046203-03:00" testType="13cdc9d9-ddb5-4fa4-a97d-d965ccfc6d4b" outcome="Passed" testListId="8c84fa94-04c1-424b-9868-57a2d4851a1d" relativeResultsDirectory="7a47c629-b4aa-4bd5-bc41-9043d26b75c4" />
    <UnitTestResult executionId="38578b44-935c-40b5-890b-11f05c9ce0ee" testId="9da8f125-6013-ea38-163a-6fd48185df43" testName="TCC_Inventory_Masters_Kinect.Tests.ViewModel.MainViewModelInterfaceTests.DesbloquearSessaoAsync_TokenDeOutroUsuario_DeveRecusar" computerName="DIULIE" duration="00:00:00.8440000" startTime="2026-08-23T17:02:22.9345563-03:00" endTime="2026-08-23T17:02:22.9345563-03:00" testType="13cdc9d9-ddb5-4fa4-a97d-d965ccfc6d4b" outcome="Passed" testListId="8c84fa94-04c1-424b-9868-57a2d4851a1d" relativeResultsDirectory="38578b44-935c-40b5-890b-11f05c9ce0ee" />
    <UnitTestResult executionId="b1f4071d-8445-4881-a657-a61635652d0a" testId="54a6698c-661d-1f53-eb14-28600aab2b46" testName="TCC_Inventory_Masters_Kinect.Tests.ViewModel.MainViewModelTests.StatusMessage_QuandoAlterado_DeveNotificarPropertyChanged" computerName="DIULIE" duration="00:00:00.0210000" startTime="2026-08-23T17:02:22.9387750-03:00" endTime="2026-08-23T17:02:22.9387750-03:00" testType="13cdc9d9-ddb5-4fa4-a97d-d965ccfc6d4b" outcome="Passed" testListId="8c84fa94-04c1-424b-9868-57a2d4851a1d" relativeResultsDirectory="b1f4071d-8445-4881-a657-a61635652d0a" />
    <UnitTestResult executionId="6ae6e36c-e536-44bc-8278-af72de11cd40" testId="0c72197a-ceee-7328-fd5b-33bd6d1d2500" testName="TCC_Inventory_Masters_Kinect.Tests.ViewModel.KinectLoginViewModelTests.MostrarLoginCommand_AoExecutar_DeveLimparMensagemAnterior" computerName="DIULIE" duration="00:00:00.0010000" startTime="2026-08-23T17:02:22.9245488-03:00" endTime="2026-08-23T17:02:22.9245488-03:00" testType="13cdc9d9-ddb5-4fa4-a97d-d965ccfc6d4b" outcome="Passed" testListId="8c84fa94-04c1-424b-9868-57a2d4851a1d" relativeResultsDirectory="6ae6e36c-e536-44bc-8278-af72de11cd40" />
    <UnitTestResult executionId="7f72ff87-0da3-4267-9a46-62c2d15fcf5b" testId="bc55bf99-ab2e-9af0-a6a1-400aecf750e6" testName="TCC_Inventory_Masters_Kinect.Tests.ViewModel.MainViewModelVolumeTests.FormatarVolumeM3_DeveConverterCentimetrosCubicos(volumeCm3: 2500000, esperadoInvariante: &quot;2.500 m3&quot;)" computerName="DIULIE" duration="00:00:00.0010000" startTime="2026-08-23T17:02:22.9070784-03:00" endTime="2026-08-23T17:02:22.9070784-03:00" testType="13cdc9d9-ddb5-4fa4-a97d-d965ccfc6d4b" outcome="Passed" testListId="8c84fa94-04c1-424b-9868-57a2d4851a1d" relativeResultsDirectory="7f72ff87-0da3-4267-9a46-62c2d15fcf5b" />
    <UnitTestResult executionId="03f7c002-d2b9-4879-9cc6-adf3e7b8837d" testId="e51f7330-777b-9be3-4219-7194172cede2" testName="TCC_Inventory_Masters_Kinect.Tests.ViewModel.KinectLoginViewModelTests.EntrarCommand_TokenComMenosDeSeisNumeros_DeveExibirErro" computerName="DIULIE" duration="00:00:00.0010000" startTime="2026-08-23T17:02:22.9245488-03:00" endTime="2026-08-23T17:02:22.9245488-03:00" testType="13cdc9d9-ddb5-4fa4-a97d-d965ccfc6d4b" outcome="Passed" testListId="8c84fa94-04c1-424b-9868-57a2d4851a1d" relativeResultsDirectory="03f7c002-d2b9-4879-9cc6-adf3e7b8837d" />
    <UnitTestResult executionId="b5702066-eb6e-4706-9f39-d1211b24f1aa" testId="c4e7c2ec-3066-b78f-6fde-a323b26cf707" testName="TCC_Inventory_Masters_Kinect.Tests.ViewModel.MainViewModelEspacoTests.SalvarEspaco_PercentualForaDoIntervalo_DeveRecusar(percentual: &quot;-1&quot;)" computerName="DIULIE" duration="00:00:00.8280000" startTime="2026-08-23T17:02:22.9166904-03:00" endTime="2026-08-23T17:02:22.9166904-03:00" testType="13cdc9d9-ddb5-4fa4-a97d-d965ccfc6d4b" outcome="Passed" testListId="8c84fa94-04c1-424b-9868-57a2d4851a1d" relativeResultsDirectory="b5702066-eb6e-4706-9f39-d1211b24f1aa" />
    <UnitTestResult executionId="f5a68fe4-60bc-41df-825e-b5ed095f0977" testId="1fb3853d-2de1-90bb-16f8-f5f078c23d7c" testName="TCC_Inventory_Masters_Kinect.Tests.ViewModel.MainViewModelVolumeTests.AtualizarIndicadoresVolume_AcimaDoLimite_DeveSinalizarLimite" computerName="DIULIE" duration="00:00:00.0200000" startTime="2026-08-23T17:02:22.9387750-03:00" endTime="2026-08-23T17:02:22.9387750-03:00" testType="13cdc9d9-ddb5-4fa4-a97d-d965ccfc6d4b" outcome="Passed" testListId="8c84fa94-04c1-424b-9868-57a2d4851a1d" relativeResultsDirectory="f5a68fe4-60bc-41df-825e-b5ed095f0977" />
    <UnitTestResult executionId="56652089-80cf-4711-b64d-ddebc309c887" testId="63dfa930-501b-dcc1-a874-78847d70c980" testName="TCC_Inventory_Masters_Kinect.Tests.ViewModel.MainViewModelVolumeTests.FormatarVolumeM3_DeveConverterCentimetrosCubicos(volumeCm3: 0, esperadoInvariante: &quot;0.000 m3&quot;)" computerName="DIULIE" duration="00:00:00.0010000" startTime="2026-08-23T17:02:22.9066222-03:00" endTime="2026-08-23T17:02:22.9066222-03:00" testType="13cdc9d9-ddb5-4fa4-a97d-d965ccfc6d4b" outcome="Passed" testListId="8c84fa94-04c1-424b-9868-57a2d4851a1d" relativeResultsDirectory="56652089-80cf-4711-b64d-ddebc309c887" />
    <UnitTestResult executionId="f79f2236-aa85-465f-a76f-5e66edfe5eaf" testId="91029f6e-0fb8-2912-b835-dc60e9b0aef6" testName="TCC_Inventory_Masters_Kinect.Tests.ViewModel.MainViewModelInterfaceTests.DesbloquearSessaoAsync_TokenVazio_DeveManterBloqueio" computerName="DIULIE" duration="00:00:00.0110000" startTime="2026-08-23T17:02:23.0045330-03:00" endTime="2026-08-23T17:02:23.0045330-03:00" testType="13cdc9d9-ddb5-4fa4-a97d-d965ccfc6d4b" outcome="Passed" testListId="8c84fa94-04c1-424b-9868-57a2d4851a1d" relativeResultsDirectory="f79f2236-aa85-465f-a76f-5e66edfe5eaf" />
    <UnitTestResult executionId="02d42a99-1f1e-4870-b987-a3d17f1dc116" testId="9324e812-c8b3-88c8-0b00-c02ec1bc9c16" testName="TCC_Inventory_Masters_Kinect.Tests.ViewModel.KinectLoginViewModelTests.TokenAcesso_QuandoAlterado_DeveNotificarTokenVazio" computerName="DIULIE" duration="00:00:00.0010000" startTime="2026-08-23T17:02:22.3258862-03:00" endTime="2026-08-23T17:02:22.3258862-03:00" testType="13cdc9d9-ddb5-4fa4-a97d-d965ccfc6d4b" outcome="Passed" testListId="8c84fa94-04c1-424b-9868-57a2d4851a1d" relativeResultsDirectory="02d42a99-1f1e-4870-b987-a3d17f1dc116" />
    <UnitTestResult executionId="4ef46665-d0aa-414d-9d54-20a6d3a21558" testId="5ea94171-3a8e-bc67-48a5-709d90be3a16" testName="TCC_Inventory_Masters_Kinect.Tests.ViewModel.KinectLoginViewModelTests.MostrarLoginCommand_AoExecutar_DeveSelecionarAbaLogin" computerName="DIULIE" duration="00:00:00.0010000" startTime="2026-08-23T17:02:22.3358589-03:00" endTime="2026-08-23T17:02:22.3358589-03:00" testType="13cdc9d9-ddb5-4fa4-a97d-d965ccfc6d4b" outcome="Passed" testListId="8c84fa94-04c1-424b-9868-57a2d4851a1d" relativeResultsDirectory="4ef46665-d0aa-414d-9d54-20a6d3a21558" />
    <UnitTestResult executionId="8501113f-a94b-48be-a1e8-1a8222e1fa2d" testId="5efe9ec5-63af-a513-6bf5-642e714c6362" testName="TCC_Inventory_Masters_Kinect.Tests.ViewModel.MainViewModelInterfaceTests.InatividadeTimerTick_DeveBloquearSessaoELimparToken" computerName="DIULIE" duration="00:00:00.0170000" startTime="2026-08-23T17:02:23.0647652-03:00" endTime="2026-08-23T17:02:23.0647652-03:00" testType="13cdc9d9-ddb5-4fa4-a97d-d965ccfc6d4b" outcome="Passed" testListId="8c84fa94-04c1-424b-9868-57a2d4851a1d" relativeResultsDirectory="8501113f-a94b-48be-a1e8-1a8222e1fa2d" />
    <UnitTestResult executionId="f5b3e41f-5b50-4878-b9c0-b9e275936c9e" testId="a0042079-f82d-b350-79be-7cc946ec76fd" testName="TCC_Inventory_Masters_Kinect.Tests.ViewModel.MainViewModelEspacoTests.SalvarEspaco_DadosValidosInclusiveLimites_DeveSalvar(percentual: &quot;1&quot;)" computerName="DIULIE" duration="00:00:00.0180000" startTime="2026-08-23T17:02:23.0497821-03:00" endTime="2026-08-23T17:02:23.0497821-03:00" testType="13cdc9d9-ddb5-4fa4-a97d-d965ccfc6d4b" outcome="Passed" testListId="8c84fa94-04c1-424b-9868-57a2d4851a1d" relativeResultsDirectory="f5b3e41f-5b50-4878-b9c0-b9e275936c9e" />
    <UnitTestResult executionId="ebfd6ca4-be2d-4bee-9664-fca95df8fbba" testId="4cfddd1f-9d9f-b14f-e1a4-e87e6d5d58f4" testName="TCC_Inventory_Masters_Kinect.Tests.ViewModel.BaseViewModelTests.SetProperty_ValorIgual_NaoDisparaPropertyChanged" computerName="DIULIE" duration="00:00:00.2070000" startTime="2026-08-23T17:02:22.3057708-03:00" endTime="2026-08-23T17:02:22.3057708-03:00" testType="13cdc9d9-ddb5-4fa4-a97d-d965ccfc6d4b" outcome="Passed" testListId="8c84fa94-04c1-424b-9868-57a2d4851a1d" relativeResultsDirectory="ebfd6ca4-be2d-4bee-9664-fca95df8fbba" />
    <UnitTestResult executionId="8207a6bd-3fbe-46c3-ae77-a0dc392f3029" testId="be6afe67-ebc2-0db3-3d50-1931e4c13560" testName="TCC_Inventory_Masters_Kinect.Tests.ViewModel.MainViewModelVolumeTests.AtualizarIndicadoresVolume_SemVolumeMaximo_DeveManterValoresSeguros" computerName="DIULIE" duration="00:00:00.0190000" startTime="2026-08-23T17:02:22.9719938-03:00" endTime="2026-08-23T17:02:22.9719938-03:00" testType="13cdc9d9-ddb5-4fa4-a97d-d965ccfc6d4b" outcome="Passed" testListId="8c84fa94-04c1-424b-9868-57a2d4851a1d" relativeResultsDirectory="8207a6bd-3fbe-46c3-ae77-a0dc392f3029" />
    <UnitTestResult executionId="1ea54621-6459-46bd-809e-234affbac525" testId="e0d4294f-3eb2-0865-7ab0-533cb87d1382" testName="TCC_Inventory_Masters_Kinect.Tests.ViewModel.MainViewModelTests.Construtor_SessaoInvalida_DeveRecusarInicializacao(sessao: SessaoUsuario { Email = &quot;a@b.com&quot;, Empresa = &quot;E&quot;, Token = &quot;123456&quot;, Usuario = &quot;&quot; })" computerName="DIULIE" duration="00:00:00.0150000" startTime="2026-08-23T17:02:23.0054234-03:00" endTime="2026-08-23T17:02:23.0054234-03:00" testType="13cdc9d9-ddb5-4fa4-a97d-d965ccfc6d4b" outcome="Passed" testListId="8c84fa94-04c1-424b-9868-57a2d4851a1d" relativeResultsDirectory="1ea54621-6459-46bd-809e-234affbac525" />
    <UnitTestResult executionId="57b9d794-d6d5-47d2-b2d1-7a80947b83eb" testId="c6e66de7-a625-efc3-13f6-0c9d474cafbd" testName="TCC_Inventory_Masters_Kinect.Tests.ViewModel.KinectLoginViewModelTests.EntrarAsync_TokenValido_DeveCriarSessaoEAbrirMonitor" computerName="DIULIE" duration="00:00:00.0200000" startTime="2026-08-23T17:02:22.9568155-03:00" endTime="2026-08-23T17:02:22.9568155-03:00" testType="13cdc9d9-ddb5-4fa4-a97d-d965ccfc6d4b" outcome="Passed" testListId="8c84fa94-04c1-424b-9868-57a2d4851a1d" relativeResultsDirectory="57b9d794-d6d5-47d2-b2d1-7a80947b83eb" />
    <UnitTestResult executionId="475d3fd3-c5ce-44af-9423-c2a2969bb617" testId="1237bf8b-8bcc-dd90-6aa6-0730165afc53" testName="TCC_Inventory_Masters_Kinect.Tests.ViewModel.MainViewModelInterfaceTests.SolicitarNovoTokenAsync_Sucesso_DeveExibirConfirmacao" computerName="DIULIE" duration="00:00:00.0250000" startTime="2026-08-23T17:02:23.0251669-03:00" endTime="2026-08-23T17:02:23.0251669-03:00" testType="13cdc9d9-ddb5-4fa4-a97d-d965ccfc6d4b" outcome="Passed" testListId="8c84fa94-04c1-424b-9868-57a2d4851a1d" relativeResultsDirectory="475d3fd3-c5ce-44af-9423-c2a2969bb617" />
    <UnitTestResult executionId="f06ce0ac-1ed5-4106-9664-64620715dedb" testId="0d534c49-3f2d-72cd-0fd5-4b5b8e70d139" testName="TCC_Inventory_Masters_Kinect.Tests.ViewModel.MainViewModelEspacoTests.SalvarEspaco_SemNome_DeveRecusar" computerName="DIULIE" duration="00:00:00.0060000" startTime="2026-08-23T17:02:23.0891187-03:00" endTime="2026-08-23T17:02:23.0891187-03:00" testType="13cdc9d9-ddb5-4fa4-a97d-d965ccfc6d4b" outcome="Passed" testListId="8c84fa94-04c1-424b-9868-57a2d4851a1d" relativeResultsDirectory="f06ce0ac-1ed5-4106-9664-64620715dedb" />
    <UnitTestResult executionId="c81fea3e-5234-4a2b-bae2-f5eecdb0de24" testId="375571be-67f9-c36b-a7ed-d0143103fd24" testName="TCC_Inventory_Masters_Kinect.Tests.ViewModel.MainViewModelInterfaceTests.SolicitarNovoTokenAsync_QuandoServicoFalha_DeveExibirErro" computerName="DIULIE" duration="00:00:00.0180000" startTime="2026-08-23T17:02:23.0477492-03:00" endTime="2026-08-23T17:02:23.0477492-03:00" testType="13cdc9d9-ddb5-4fa4-a97d-d965ccfc6d4b" outcome="Passed" testListId="8c84fa94-04c1-424b-9868-57a2d4851a1d" relativeResultsDirectory="c81fea3e-5234-4a2b-bae2-f5eecdb0de24" />
    <UnitTestResult executionId="13098846-4b15-4671-92ea-64966859e7b3" testId="0d83804b-4b0d-1942-6a62-c48f43abaa5a" testName="TCC_Inventory_Masters_Kinect.Tests.ViewModel.BaseViewModelTests.SetProperty_ValorDiferente_AlteraValorERetornaTrue" computerName="DIULIE" duration="00:00:00.0010000" startTime="2026-08-23T17:02:22.3278803-03:00" endTime="2026-08-23T17:02:22.3278803-03:00" testType="13cdc9d9-ddb5-4fa4-a97d-d965ccfc6d4b" outcome="Passed" testListId="8c84fa94-04c1-424b-9868-57a2d4851a1d" relativeResultsDirectory="13098846-4b15-4671-92ea-64966859e7b3" />
    <UnitTestResult executionId="47b71b5a-d58c-48d1-9553-9933ffd4e514" testId="6b720982-ccff-5527-f747-3d82b0f98e64" testName="TCC_Inventory_Masters_Kinect.Tests.ViewModel.KinectLoginViewModelTests.Construtor_AoInicializar_DeveExibirAbaSolicitacaoToken" computerName="DIULIE" duration="00:00:00.0010000" startTime="2026-08-23T17:02:22.3378536-03:00" endTime="2026-08-23T17:02:22.3378536-03:00" testType="13cdc9d9-ddb5-4fa4-a97d-d965ccfc6d4b" outcome="Passed" testListId="8c84fa94-04c1-424b-9868-57a2d4851a1d" relativeResultsDirectory="47b71b5a-d58c-48d1-9553-9933ffd4e514" />
    <UnitTestResult executionId="779b9a60-00be-4672-92a8-d77f01d12409" testId="71cf9df8-ed5a-647d-c162-7442ced78fe1" testName="TCC_Inventory_Masters_Kinect.Tests.ViewModel.KinectLoginViewModelTests.SolicitarTokenAsync_QuandoServicoFalha_DeveRestaurarInteracao" computerName="DIULIE" duration="00:00:00.0270000" startTime="2026-08-23T17:02:22.9245488-03:00" endTime="2026-08-23T17:02:22.9245488-03:00" testType="13cdc9d9-ddb5-4fa4-a97d-d965ccfc6d4b" outcome="Passed" testListId="8c84fa94-04c1-424b-9868-57a2d4851a1d" relativeResultsDirectory="779b9a60-00be-4672-92a8-d77f01d12409" />
    <UnitTestResult executionId="dd81cd5f-76c6-4d24-a806-8fd4b8b82faa" testId="abc098c1-485a-ef93-6245-12ea00d8bbc0" testName="TCC_Inventory_Masters_Kinect.Tests.ViewModel.KinectLoginViewModelTests.EntrarAsync_QuandoServicoFalha_DeveExibirErroGenerico" computerName="DIULIE" duration="00:00:00.0200000" startTime="2026-08-23T17:02:22.9387750-03:00" endTime="2026-08-23T17:02:22.9387750-03:00" testType="13cdc9d9-ddb5-4fa4-a97d-d965ccfc6d4b" outcome="Passed" testListId="8c84fa94-04c1-424b-9868-57a2d4851a1d" relativeResultsDirectory="dd81cd5f-76c6-4d24-a806-8fd4b8b82faa" />
    <UnitTestResult executionId="fd10dbd5-218c-443f-85d0-069545b9c2d6" testId="77d8bc87-9d0f-6d2e-6465-2a54febc281f" testName="TCC_Inventory_Masters_Kinect.Tests.ViewModel.MainViewModelInterfaceTests.DesbloquearSessaoAsync_MesmaSessao_DeveDesbloquear" computerName="DIULIE" duration="00:00:00.0580000" startTime="2026-08-23T17:02:22.9902952-03:00" endTime="2026-08-23T17:02:22.9902952-03:00" testType="13cdc9d9-ddb5-4fa4-a97d-d965ccfc6d4b" outcome="Passed" testListId="8c84fa94-04c1-424b-9868-57a2d4851a1d" relativeResultsDirectory="fd10dbd5-218c-443f-85d0-069545b9c2d6" />
    <UnitTestResult executionId="13430de8-2408-4f27-bb4c-04cfe71bf288" testId="e0d4294f-3eb2-0865-7ab0-533cb87d1382" testName="TCC_Inventory_Masters_Kinect.Tests.ViewModel.MainViewModelTests.Construtor_SessaoInvalida_DeveRecusarInicializacao(sessao: SessaoUsuario { Email = &quot;a@b.com&quot;, Empresa = &quot;&quot;, Token = &quot;123456&quot;, Usuario = &quot;U&quot; })" computerName="DIULIE" duration="00:00:00.0090000" startTime="2026-08-23T17:02:23.0054234-03:00" endTime="2026-08-23T17:02:23.0054234-03:00" testType="13cdc9d9-ddb5-4fa4-a97d-d965ccfc6d4b" outcome="Passed" testListId="8c84fa94-04c1-424b-9868-57a2d4851a1d" relativeResultsDirectory="13430de8-2408-4f27-bb4c-04cfe71bf288" />
    <UnitTestResult executionId="d2baa56e-08f8-490d-9943-5b3266df9686" testId="9118cba3-82d2-3be3-0ab2-f31d9bbd666a" testName="TCC_Inventory_Masters_Kinect.Tests.ViewModel.MainViewModelHistoricoTests.Construtor_ComMedicoesNoRepositorio_DeveCarregarHistorico" computerName="DIULIE" duration="00:00:00.7980000" startTime="2026-08-23T17:02:22.8919166-03:00" endTime="2026-08-23T17:02:22.8919166-03:00" testType="13cdc9d9-ddb5-4fa4-a97d-d965ccfc6d4b" outcome="Passed" testListId="8c84fa94-04c1-424b-9868-57a2d4851a1d" relativeResultsDirectory="d2baa56e-08f8-490d-9943-5b3266df9686" />
    <UnitTestResult executionId="9ce87a93-1d4b-4f86-b085-6f57c6b951c4" testId="e0d4294f-3eb2-0865-7ab0-533cb87d1382" testName="TCC_Inventory_Masters_Kinect.Tests.ViewModel.MainViewModelTests.Construtor_SessaoInvalida_DeveRecusarInicializacao(sessao: SessaoUsuario { Email = &quot;&quot;, Empresa = &quot;E&quot;, Token = &quot;123456&quot;, Usuario = &quot;U&quot; })" computerName="DIULIE" duration="00:00:00.0030000" startTime="2026-08-23T17:02:23.0233370-03:00" endTime="2026-08-23T17:02:23.0233370-03:00" testType="13cdc9d9-ddb5-4fa4-a97d-d965ccfc6d4b" outcome="Passed" testListId="8c84fa94-04c1-424b-9868-57a2d4851a1d" relativeResultsDirectory="9ce87a93-1d4b-4f86-b085-6f57c6b951c4" />
    <UnitTestResult executionId="2d4a4126-db33-49c6-9d43-5a3d900b604e" testId="3d5012ab-6423-4152-bbca-86f528af096e" testName="TCC_Inventory_Masters_Kinect.Tests.ViewModel.KinectLoginViewModelTests.Construtor_AoInicializar_DeveCriarTodosOsComandos" computerName="DIULIE" duration="00:00:00.0010000" startTime="2026-08-23T17:02:22.9245488-03:00" endTime="2026-08-23T17:02:22.9245488-03:00" testType="13cdc9d9-ddb5-4fa4-a97d-d965ccfc6d4b" outcome="Passed" testListId="8c84fa94-04c1-424b-9868-57a2d4851a1d" relativeResultsDirectory="2d4a4126-db33-49c6-9d43-5a3d900b604e" />
    <UnitTestResult executionId="5d21d54b-25ee-4a03-8d7d-733d69f6c1ba" testId="0e61733f-767a-f060-be0f-036812094101" testName="TCC_Inventory_Masters_Kinect.Tests.ViewModel.MainViewModelTests.Construtor_SessaoValida_DeveCriarTodosOsComandos" computerName="DIULIE" duration="00:00:00.0280000" startTime="2026-08-23T17:02:22.9245488-03:00" endTime="2026-08-23T17:02:22.9245488-03:00" testType="13cdc9d9-ddb5-4fa4-a97d-d965ccfc6d4b" outcome="Passed" testListId="8c84fa94-04c1-424b-9868-57a2d4851a1d" relativeResultsDirectory="5d21d54b-25ee-4a03-8d7d-733d69f6c1ba" />
    <UnitTestResult executionId="7cdca3ac-e320-46c9-840e-a1817aa5bdd5" testId="f80005e0-069c-51b2-3d7c-6b8d689f673e" testName="TCC_Inventory_Masters_Kinect.Tests.ViewModel.KinectLoginViewModelTests.EntrarCommand_TokenVazio_DeveExibirErro" computerName="DIULIE" duration="00:00:00.0010000" startTime="2026-08-23T17:02:22.3318700-03:00" endTime="2026-08-23T17:02:22.3318700-03:00" testType="13cdc9d9-ddb5-4fa4-a97d-d965ccfc6d4b" outcome="Passed" testListId="8c84fa94-04c1-424b-9868-57a2d4851a1d" relativeResultsDirectory="7cdca3ac-e320-46c9-840e-a1817aa5bdd5" />
    <UnitTestResult executionId="0f8cf5c4-2d15-42b8-b0a5-88529bb8c667" testId="15eafb20-7b29-5ad4-846b-a3dcf3514610" testName="TCC_Inventory_Masters_Kinect.Tests.ViewModel.BaseViewModelTests.SetProperty_ValorIgual_NaoAlteraERetornaFalse" computerName="DIULIE" duration="00:00:00.0030000" startTime="2026-08-23T17:02:22.3268829-03:00" endTime="2026-08-23T17:02:22.3268829-03:00" testType="13cdc9d9-ddb5-4fa4-a97d-d965ccfc6d4b" outcome="Passed" testListId="8c84fa94-04c1-424b-9868-57a2d4851a1d" relativeResultsDirectory="0f8cf5c4-2d15-42b8-b0a5-88529bb8c667" />
    <UnitTestResult executionId="8f8dd2bb-3591-4fb9-a599-135c3ca03acb" testId="a2a00648-8125-6643-b53b-9e055dd6f397" testName="TCC_Inventory_Masters_Kinect.Tests.ViewModel.KinectLoginViewModelTests.SolicitarTokenAsync_Sucesso_DeveIrParaLoginEExibirConfirmacao" computerName="DIULIE" duration="00:00:00.0190000" startTime="2026-08-23T17:02:22.9721018-03:00" endTime="2026-08-23T17:02:22.9721018-03:00" testType="13cdc9d9-ddb5-4fa4-a97d-d965ccfc6d4b" outcome="Passed" testListId="8c84fa94-04c1-424b-9868-57a2d4851a1d" relativeResultsDirectory="8f8dd2bb-3591-4fb9-a599-135c3ca03acb" />
    <UnitTestResult executionId="6e2bc7b4-314b-44f8-97f0-3c00d0e95cf8" testId="3991996f-91b4-1069-18e6-cdf49de807fa" testName="TCC_Inventory_Masters_Kinect.Tests.ViewModel.MainViewModelVolumeTests.MedirSalvarEEnviarAsync_KinectDesconectado_DeveRecusarMedicao" computerName="DIULIE" duration="00:00:00.8110000" startTime="2026-08-23T17:02:22.8959783-03:00" endTime="2026-08-23T17:02:22.8959783-03:00" testType="13cdc9d9-ddb5-4fa4-a97d-d965ccfc6d4b" outcome="Passed" testListId="8c84fa94-04c1-424b-9868-57a2d4851a1d" relativeResultsDirectory="6e2bc7b4-314b-44f8-97f0-3c00d0e95cf8" />
    <UnitTestResult executionId="4a9ec4de-1fbb-42a0-af03-3e2020169133" testId="e0d4294f-3eb2-0865-7ab0-533cb87d1382" testName="TCC_Inventory_Masters_Kinect.Tests.ViewModel.MainViewModelTests.Construtor_SessaoInvalida_DeveRecusarInicializacao(sessao: SessaoUsuario { Email = &quot;a@b.com&quot;, Empresa = &quot;E&quot;, Token = &quot;DEV&quot;, Usuario = &quot;U&quot; })" computerName="DIULIE" duration="00:00:00.0180000" startTime="2026-08-23T17:02:22.9902952-03:00" endTime="2026-08-23T17:02:22.9902952-03:00" testType="13cdc9d9-ddb5-4fa4-a97d-d965ccfc6d4b" outcome="Passed" testListId="8c84fa94-04c1-424b-9868-57a2d4851a1d" relativeResultsDirectory="4a9ec4de-1fbb-42a0-af03-3e2020169133" />
    <UnitTestResult executionId="82436c9a-bb89-469b-9e81-5ef8c6d4a1f6" testId="1bf0649b-cc1d-c96b-988b-0903b15ae25c" testName="TCC_Inventory_Masters_Kinect.Tests.ViewModel.MainViewModelTests.Construtor_SessaoValida_DeveInicializarIdentidadeEStatus" computerName="DIULIE" duration="00:00:00.8040000" startTime="2026-08-23T17:02:22.8959783-03:00" endTime="2026-08-23T17:02:22.8959783-03:00" testType="13cdc9d9-ddb5-4fa4-a97d-d965ccfc6d4b" outcome="Passed" testListId="8c84fa94-04c1-424b-9868-57a2d4851a1d" relativeResultsDirectory="82436c9a-bb89-469b-9e81-5ef8c6d4a1f6" />
    <UnitTestResult executionId="14ad4dc0-d82e-4ab3-a6a8-63840ff09078" testId="897d4c77-7c47-ff3c-1df6-f6fcc3095c2f" testName="TCC_Inventory_Masters_Kinect.Tests.ViewModel.MainViewModelEspacoTests.SalvarEspaco_PercentualNaoNumerico_DeveRecusar" computerName="DIULIE" duration="00:00:00.0060000" startTime="2026-08-23T17:02:23.0728380-03:00" endTime="2026-08-23T17:02:23.0728380-03:00" testType="13cdc9d9-ddb5-4fa4-a97d-d965ccfc6d4b" outcome="Passed" testListId="8c84fa94-04c1-424b-9868-57a2d4851a1d" relativeResultsDirectory="14ad4dc0-d82e-4ab3-a6a8-63840ff09078" />
    <UnitTestResult executionId="ddfe4bf8-6526-4f61-8243-1435442874af" testId="b350c71c-f8f5-9944-97e9-002fe73d7089" testName="TCC_Inventory_Masters_Kinect.Tests.ViewModel.BaseViewModelTests.SetProperty_ValorDiferente_DisparaPropertyChanged" computerName="DIULIE" duration="00:00:00.0010000" startTime="2026-08-23T17:02:22.3308726-03:00" endTime="2026-08-23T17:02:22.3308726-03:00" testType="13cdc9d9-ddb5-4fa4-a97d-d965ccfc6d4b" outcome="Passed" testListId="8c84fa94-04c1-424b-9868-57a2d4851a1d" relativeResultsDirectory="ddfe4bf8-6526-4f61-8243-1435442874af" />
    <UnitTestResult executionId="644e30c0-bbe2-4066-94e2-caca219cbb2c" testId="06e36548-08b3-5c6a-06b8-7c3c5c6ae731" testName="TCC_Inventory_Masters_Kinect.Tests.ViewModel.KinectLoginViewModelTests.SolicitarTokenCommand_EmailVazio_DeveExibirErro" computerName="DIULIE" duration="00:00:00.0010000" startTime="2026-08-23T17:02:22.9345563-03:00" endTime="2026-08-23T17:02:22.9345563-03:00" testType="13cdc9d9-ddb5-4fa4-a97d-d965ccfc6d4b" outcome="Passed" testListId="8c84fa94-04c1-424b-9868-57a2d4851a1d" relativeResultsDirectory="644e30c0-bbe2-4066-94e2-caca219cbb2c" />
    <UnitTestResult executionId="d539d59f-8b1f-49d1-a174-9029e7e17cbb" testId="4baa2824-31a5-b287-a03b-996f1f8e2f4c" testName="TCC_Inventory_Masters_Kinect.Tests.ViewModel.MainViewModelHistoricoTests.CarregarHistoricoMedicoes_QuandoRepositorioFalha_DeveExibirEstadoDeErro" computerName="DIULIE" duration="00:00:00.0500000" startTime="2026-08-23T17:02:22.9387750-03:00" endTime="2026-08-23T17:02:22.9387750-03:00" testType="13cdc9d9-ddb5-4fa4-a97d-d965ccfc6d4b" outcome="Passed" testListId="8c84fa94-04c1-424b-9868-57a2d4851a1d" relativeResultsDirectory="d539d59f-8b1f-49d1-a174-9029e7e17cbb" />
    <UnitTestResult executionId="77d2b406-d70a-4261-8da8-81d9cd0be98e" testId="e25c5b1d-ffd2-d1d7-ca4e-a6d0fc3debd0" testName="TCC_Inventory_Masters_Kinect.Tests.ViewModel.KinectLoginViewModelTests.SolicitarTokenAsync_Recusado_DeveExibirMensagemDoServico" computerName="DIULIE" duration="00:00:00.0020000" startTime="2026-08-23T17:02:22.3338644-03:00" endTime="2026-08-23T17:02:22.3338644-03:00" testType="13cdc9d9-ddb5-4fa4-a97d-d965ccfc6d4b" outcome="Passed" testListId="8c84fa94-04c1-424b-9868-57a2d4851a1d" relativeResultsDirectory="77d2b406-d70a-4261-8da8-81d9cd0be98e" />
    <UnitTestResult executionId="75b52801-3e50-4e76-b0ef-46ba813dcfea" testId="a05ba212-9170-6242-c288-2efcc5de34ea" testName="TCC_Inventory_Masters_Kinect.Tests.ViewModel.MainViewModelKinectTests.DesligarMonitoramento_SemSensorConectado_DeveManterEstadoSeguro" computerName="DIULIE" duration="00:00:00.8150000" startTime="2026-08-23T17:02:22.9146028-03:00" endTime="2026-08-23T17:02:22.9146028-03:00" testType="13cdc9d9-ddb5-4fa4-a97d-d965ccfc6d4b" outcome="Passed" testListId="8c84fa94-04c1-424b-9868-57a2d4851a1d" relativeResultsDirectory="75b52801-3e50-4e76-b0ef-46ba813dcfea" />
    <UnitTestResult executionId="e1ee72c3-78cd-4db9-89b6-e823246de7a5" testId="95a05762-3a00-89d3-3f83-2bdb3e8397c8" testName="TCC_Inventory_Masters_Kinect.Tests.ViewModel.MainViewModelVolumeTests.AtualizarIndicadoresVolume_AbaixoDoLimite_DeveCalcularOcupacaoELivre" computerName="DIULIE" duration="00:00:00.0280000" startTime="2026-08-23T17:02:22.9345563-03:00" endTime="2026-08-23T17:02:22.9345563-03:00" testType="13cdc9d9-ddb5-4fa4-a97d-d965ccfc6d4b" outcome="Passed" testListId="8c84fa94-04c1-424b-9868-57a2d4851a1d" relativeResultsDirectory="e1ee72c3-78cd-4db9-89b6-e823246de7a5" />
    <UnitTestResult executionId="eba8ce54-f656-40ea-bdc0-d6a3bb703c02" testId="411befb3-50a8-2251-ee25-fcaf01d3ef1e" testName="TCC_Inventory_Masters_Kinect.Tests.ViewModel.MainViewModelHistoricoTests.CarregarHistoricoMedicoes_QuandoRepositorioMuda_DeveSubstituirColecao" computerName="DIULIE" duration="00:00:00.0400000" startTime="2026-08-23T17:02:22.9721018-03:00" endTime="2026-08-23T17:02:22.9721018-03:00" testType="13cdc9d9-ddb5-4fa4-a97d-d965ccfc6d4b" outcome="Passed" testListId="8c84fa94-04c1-424b-9868-57a2d4851a1d" relativeResultsDirectory="eba8ce54-f656-40ea-bdc0-d6a3bb703c02" />
    <UnitTestResult executionId="8f718f87-24cd-4fc9-8a5d-9ef527b79846" testId="e7abcdb1-59c0-8408-f8b5-a563849ddb7f" testName="TCC_Inventory_Masters_Kinect.Tests.ViewModel.MainViewModelEspacoTests.SalvarEspaco_PercentualForaDoIntervalo_DeveRecusar(percentual: &quot;0&quot;)" computerName="DIULIE" duration="00:00:00.0450000" startTime="2026-08-23T17:02:22.9568155-03:00" endTime="2026-08-23T17:02:22.9568155-03:00" testType="13cdc9d9-ddb5-4fa4-a97d-d965ccfc6d4b" outcome="Passed" testListId="8c84fa94-04c1-424b-9868-57a2d4851a1d" relativeResultsDirectory="8f718f87-24cd-4fc9-8a5d-9ef527b79846" />
    <UnitTestResult executionId="72916acd-0f01-4f2b-8ea4-d71ef9267878" testId="04fc2b76-5ed4-389a-9bf6-b89b8157ed5f" testName="TCC_Inventory_Masters_Kinect.Tests.ViewModel.MainViewModelEspacoTests.SalvarEspaco_PercentualForaDoIntervalo_DeveRecusar(percentual: &quot;101&quot;)" computerName="DIULIE" duration="00:00:00.0330000" startTime="2026-08-23T17:02:22.9902952-03:00" endTime="2026-08-23T17:02:22.9902952-03:00" testType="13cdc9d9-ddb5-4fa4-a97d-d965ccfc6d4b" outcome="Passed" testListId="8c84fa94-04c1-424b-9868-57a2d4851a1d" relativeResultsDirectory="72916acd-0f01-4f2b-8ea4-d71ef9267878" />
    <UnitTestResult executionId="f8a7a36f-864f-49ae-b537-465b6c088442" testId="e4179441-381a-92ef-6ead-559fd7076e4c" testName="TCC_Inventory_Masters_Kinect.Tests.ViewModel.KinectLoginViewModelTests.TokenAcesso_QuandoPreenchido_TokenVazioDeveSerFalse" computerName="DIULIE" duration="00:00:00.0010000" startTime="2026-08-23T17:02:22.3248909-03:00" endTime="2026-08-23T17:02:22.3248909-03:00" testType="13cdc9d9-ddb5-4fa4-a97d-d965ccfc6d4b" outcome="Passed" testListId="8c84fa94-04c1-424b-9868-57a2d4851a1d" relativeResultsDirectory="f8a7a36f-864f-49ae-b537-465b6c088442" />
    <UnitTestResult executionId="e0f22a44-896f-44a1-bbaf-30f187aa5a32" testId="e0d4294f-3eb2-0865-7ab0-533cb87d1382" testName="TCC_Inventory_Masters_Kinect.Tests.ViewModel.MainViewModelTests.Construtor_SessaoInvalida_DeveRecusarInicializacao(sessao: null)" computerName="DIULIE" duration="00:00:00.0010000" startTime="2026-08-23T17:02:22.9568155-03:00" endTime="2026-08-23T17:02:22.9568155-03:00" testType="13cdc9d9-ddb5-4fa4-a97d-d965ccfc6d4b" outcome="Passed" testListId="8c84fa94-04c1-424b-9868-57a2d4851a1d" relativeResultsDirectory="e0f22a44-896f-44a1-bbaf-30f187aa5a32" />
    <UnitTestResult executionId="250666b3-c3b6-4d80-8480-d6003a8f228d" testId="63289094-42e0-d45a-cb24-69e9e7a6a972" testName="TCC_Inventory_Masters_Kinect.Tests.ViewModel.KinectLoginViewModelTests.EntrarCommand_TokenComLetras_DeveExibirErro" computerName="DIULIE" duration="00:00:00.2170000" startTime="2026-08-23T17:02:22.3199032-03:00" endTime="2026-08-23T17:02:22.3199032-03:00" testType="13cdc9d9-ddb5-4fa4-a97d-d965ccfc6d4b" outcome="Passed" testListId="8c84fa94-04c1-424b-9868-57a2d4851a1d" relativeResultsDirectory="250666b3-c3b6-4d80-8480-d6003a8f228d" />
    <UnitTestResult executionId="ff635b6f-9452-48ae-b763-7e0e822028a4" testId="77be1f8a-747a-3517-b01b-caecb0769c24" testName="TCC_Inventory_Masters_Kinect.Tests.ViewModel.KinectLoginViewModelTests.TokenAcesso_QuandoVazio_TokenVazioDeveSerTrue" computerName="DIULIE" duration="00:00:00.0010000" startTime="2026-08-23T17:02:22.3348615-03:00" endTime="2026-08-23T17:02:22.3348615-03:00" testType="13cdc9d9-ddb5-4fa4-a97d-d965ccfc6d4b" outcome="Passed" testListId="8c84fa94-04c1-424b-9868-57a2d4851a1d" relativeResultsDirectory="ff635b6f-9452-48ae-b763-7e0e822028a4" />
    <UnitTestResult executionId="901f051e-82f8-4a64-b36f-bc411bd9fd7f" testId="e0d4294f-3eb2-0865-7ab0-533cb87d1382" testName="TCC_Inventory_Masters_Kinect.Tests.ViewModel.MainViewModelTests.Construtor_SessaoInvalida_DeveRecusarInicializacao(sessao: SessaoUsuario { Email = null, Empresa = null, Token = null, Usuario = null })" computerName="DIULIE" duration="00:00:00.0170000" startTime="2026-08-23T17:02:22.9721018-03:00" endTime="2026-08-23T17:02:22.9721018-03:00" testType="13cdc9d9-ddb5-4fa4-a97d-d965ccfc6d4b" outcome="Passed" testListId="8c84fa94-04c1-424b-9868-57a2d4851a1d" relativeResultsDirectory="901f051e-82f8-4a64-b36f-bc411bd9fd7f" />
    <UnitTestResult executionId="0057f965-b930-46fd-9b0b-e97e51521196" testId="19d59ea5-45b6-3118-2f5f-246dc1e7bbbb" testName="TCC_Inventory_Masters_Kinect.Tests.ViewModel.KinectLoginViewModelTests.MostrarSolicitacaoTokenCommand_AoExecutar_DeveSelecionarAbaSolicitacao" computerName="DIULIE" duration="00:00:00.0010000" startTime="2026-08-23T17:02:22.3218977-03:00" endTime="2026-08-23T17:02:22.3218977-03:00" testType="13cdc9d9-ddb5-4fa4-a97d-d965ccfc6d4b" outcome="Passed" testListId="8c84fa94-04c1-424b-9868-57a2d4851a1d" relativeResultsDirectory="0057f965-b930-46fd-9b0b-e97e51521196" />
    <UnitTestResult executionId="2a2e5857-6545-478e-a3ca-817bec69cb1e" testId="73f10b34-22c1-d6ca-fab2-70dba8169fdb" testName="TCC_Inventory_Masters_Kinect.Tests.ViewModel.MainViewModelEspacoTests.SalvarEspaco_SemPercentual_DeveRecusar" computerName="DIULIE" duration="00:00:00.0050000" startTime="2026-08-23T17:02:23.0879731-03:00" endTime="2026-08-23T17:02:23.0879731-03:00" testType="13cdc9d9-ddb5-4fa4-a97d-d965ccfc6d4b" outcome="Passed" testListId="8c84fa94-04c1-424b-9868-57a2d4851a1d" relativeResultsDirectory="2a2e5857-6545-478e-a3ca-817bec69cb1e" />
    <UnitTestResult executionId="d50740ed-59b3-42f8-8925-f1ce92f3daad" testId="fe642411-703c-8955-77e6-e152968a5c09" testName="TCC_Inventory_Masters_Kinect.Tests.ViewModel.MainViewModelEspacoTests.SalvarEspaco_SemCalibracao_DeveRecusar" computerName="DIULIE" duration="00:00:00.0060000" startTime="2026-08-23T17:02:23.0728380-03:00" endTime="2026-08-23T17:02:23.0728380-03:00" testType="13cdc9d9-ddb5-4fa4-a97d-d965ccfc6d4b" outcome="Passed" testListId="8c84fa94-04c1-424b-9868-57a2d4851a1d" relativeResultsDirectory="d50740ed-59b3-42f8-8925-f1ce92f3daad" />
  </Results>
  <TestDefinitions>
    <UnitTest name="TCC_Inventory_Masters_Kinect.Tests.ViewModel.KinectLoginViewModelTests.EntrarCommand_TokenComMenosDeSeisNumeros_DeveExibirErro" storage="c:\users\usuario\source\repos\tcc_inventory_masters_kinect\inventorymasterstests\bin\x64\debug\net48\tcc_inventory_masters_kinect.tests.dll" id="e51f7330-777b-9be3-4219-7194172cede2">
      <Execution id="03f7c002-d2b9-4879-9cc6-adf3e7b8837d" />
      <TestMethod codeBase="C:\Users\Usuario\source\repos\TCC_Inventory_Masters_Kinect\InventoryMastersTests\bin\x64\Debug\net48\TCC_Inventory_Masters_Kinect.Tests.dll" adapterTypeName="executor://xunit/VsTestRunner2/net" className="TCC_Inventory_Masters_Kinect.Tests.ViewModel.KinectLoginViewModelTests" name="EntrarCommand_TokenComMenosDeSeisNumeros_DeveExibirErro" />
    </UnitTest>
    <UnitTest name="TCC_Inventory_Masters_Kinect.Tests.ViewModel.MainViewModelTests.StatusMessage_QuandoAlterado_DeveNotificarPropertyChanged" storage="c:\users\usuario\source\repos\tcc_inventory_masters_kinect\inventorymasterstests\bin\x64\debug\net48\tcc_inventory_masters_kinect.tests.dll" id="54a6698c-661d-1f53-eb14-28600aab2b46">
      <Execution id="b1f4071d-8445-4881-a657-a61635652d0a" />
      <TestMethod codeBase="C:\Users\Usuario\source\repos\TCC_Inventory_Masters_Kinect\InventoryMastersTests\bin\x64\Debug\net48\TCC_Inventory_Masters_Kinect.Tests.dll" adapterTypeName="executor://xunit/VsTestRunner2/net" className="TCC_Inventory_Masters_Kinect.Tests.ViewModel.MainViewModelTests" name="StatusMessage_QuandoAlterado_DeveNotificarPropertyChanged" />
    </UnitTest>
    <UnitTest name="TCC_Inventory_Masters_Kinect.Tests.ViewModel.KinectLoginViewModelTests.Construtor_AoInicializar_DeveCriarTodosOsComandos" storage="c:\users\usuario\source\repos\tcc_inventory_masters_kinect\inventorymasterstests\bin\x64\debug\net48\tcc_inventory_masters_kinect.tests.dll" id="3d5012ab-6423-4152-bbca-86f528af096e">
      <Execution id="2d4a4126-db33-49c6-9d43-5a3d900b604e" />
      <TestMethod codeBase="C:\Users\Usuario\source\repos\TCC_Inventory_Masters_Kinect\InventoryMastersTests\bin\x64\Debug\net48\TCC_Inventory_Masters_Kinect.Tests.dll" adapterTypeName="executor://xunit/VsTestRunner2/net" className="TCC_Inventory_Masters_Kinect.Tests.ViewModel.KinectLoginViewModelTests" name="Construtor_AoInicializar_DeveCriarTodosOsComandos" />
    </UnitTest>
    <UnitTest name="TCC_Inventory_Masters_Kinect.Tests.ViewModel.KinectLoginViewModelTests.EntrarAsync_TokenRecusado_DeveExibirMensagemDoServico" storage="c:\users\usuario\source\repos\tcc_inventory_masters_kinect\inventorymasterstests\bin\x64\debug\net48\tcc_inventory_masters_kinect.tests.dll" id="9525ebac-39c5-93bc-ad30-9e3a0b44a7c6">
      <Execution id="94c39eed-6c91-425f-9715-053ff213c5d8" />
      <TestMethod codeBase="C:\Users\Usuario\source\repos\TCC_Inventory_Masters_Kinect\InventoryMastersTests\bin\x64\Debug\net48\TCC_Inventory_Masters_Kinect.Tests.dll" adapterTypeName="executor://xunit/VsTestRunner2/net" className="TCC_Inventory_Masters_Kinect.Tests.ViewModel.KinectLoginViewModelTests" name="EntrarAsync_TokenRecusado_DeveExibirMensagemDoServico" />
    </UnitTest>
    <UnitTest name="TCC_Inventory_Masters_Kinect.Tests.ViewModel.MainViewModelVolumeTests.FormatarVolumeM3_DeveConverterCentimetrosCubicos(volumeCm3: 1000000, esperadoInvariante: &quot;1.000 m3&quot;)" storage="c:\users\usuario\source\repos\tcc_inventory_masters_kinect\inventorymasterstests\bin\x64\debug\net48\tcc_inventory_masters_kinect.tests.dll" id="2a25fe2b-3288-b98a-e2a0-4dd6d7f48b48">
      <Execution id="7a47c629-b4aa-4bd5-bc41-9043d26b75c4" />
      <TestMethod codeBase="C:\Users\Usuario\source\repos\TCC_Inventory_Masters_Kinect\InventoryMastersTests\bin\x64\Debug\net48\TCC_Inventory_Masters_Kinect.Tests.dll" adapterTypeName="executor://xunit/VsTestRunner2/net" className="TCC_Inventory_Masters_Kinect.Tests.ViewModel.MainViewModelVolumeTests" name="FormatarVolumeM3_DeveConverterCentimetrosCubicos" />
    </UnitTest>
    <UnitTest name="TCC_Inventory_Masters_Kinect.Tests.ViewModel.MainViewModelInterfaceTests.DesbloquearSessaoAsync_TokenDeOutroUsuario_DeveRecusar" storage="c:\users\usuario\source\repos\tcc_inventory_masters_kinect\inventorymasterstests\bin\x64\debug\net48\tcc_inventory_masters_kinect.tests.dll" id="9da8f125-6013-ea38-163a-6fd48185df43">
      <Execution id="38578b44-935c-40b5-890b-11f05c9ce0ee" />
      <TestMethod codeBase="C:\Users\Usuario\source\repos\TCC_Inventory_Masters_Kinect\InventoryMastersTests\bin\x64\Debug\net48\TCC_Inventory_Masters_Kinect.Tests.dll" adapterTypeName="executor://xunit/VsTestRunner2/net" className="TCC_Inventory_Masters_Kinect.Tests.ViewModel.MainViewModelInterfaceTests" name="DesbloquearSessaoAsync_TokenDeOutroUsuario_DeveRecusar" />
    </UnitTest>
    <UnitTest name="TCC_Inventory_Masters_Kinect.Tests.ViewModel.MainViewModelInterfaceTests.SolicitarNovoTokenAsync_QuandoServicoFalha_DeveExibirErro" storage="c:\users\usuario\source\repos\tcc_inventory_masters_kinect\inventorymasterstests\bin\x64\debug\net48\tcc_inventory_masters_kinect.tests.dll" id="375571be-67f9-c36b-a7ed-d0143103fd24">
      <Execution id="c81fea3e-5234-4a2b-bae2-f5eecdb0de24" />
      <TestMethod codeBase="C:\Users\Usuario\source\repos\TCC_Inventory_Masters_Kinect\InventoryMastersTests\bin\x64\Debug\net48\TCC_Inventory_Masters_Kinect.Tests.dll" adapterTypeName="executor://xunit/VsTestRunner2/net" className="TCC_Inventory_Masters_Kinect.Tests.ViewModel.MainViewModelInterfaceTests" name="SolicitarNovoTokenAsync_QuandoServicoFalha_DeveExibirErro" />
    </UnitTest>
    <UnitTest name="TCC_Inventory_Masters_Kinect.Tests.ViewModel.MainViewModelInterfaceTests.SolicitarNovoTokenAsync_Sucesso_DeveExibirConfirmacao" storage="c:\users\usuario\source\repos\tcc_inventory_masters_kinect\inventorymasterstests\bin\x64\debug\net48\tcc_inventory_masters_kinect.tests.dll" id="1237bf8b-8bcc-dd90-6aa6-0730165afc53">
      <Execution id="475d3fd3-c5ce-44af-9423-c2a2969bb617" />
      <TestMethod codeBase="C:\Users\Usuario\source\repos\TCC_Inventory_Masters_Kinect\InventoryMastersTests\bin\x64\Debug\net48\TCC_Inventory_Masters_Kinect.Tests.dll" adapterTypeName="executor://xunit/VsTestRunner2/net" className="TCC_Inventory_Masters_Kinect.Tests.ViewModel.MainViewModelInterfaceTests" name="SolicitarNovoTokenAsync_Sucesso_DeveExibirConfirmacao" />
    </UnitTest>
    <UnitTest name="TCC_Inventory_Masters_Kinect.Tests.ViewModel.MainViewModelHistoricoTests.CarregarHistoricoMedicoes_QuandoRepositorioMuda_DeveSubstituirColecao" storage="c:\users\usuario\source\repos\tcc_inventory_masters_kinect\inventorymasterstests\bin\x64\debug\net48\tcc_inventory_masters_kinect.tests.dll" id="411befb3-50a8-2251-ee25-fcaf01d3ef1e">
      <Execution id="eba8ce54-f656-40ea-bdc0-d6a3bb703c02" />
      <TestMethod codeBase="C:\Users\Usuario\source\repos\TCC_Inventory_Masters_Kinect\InventoryMastersTests\bin\x64\Debug\net48\TCC_Inventory_Masters_Kinect.Tests.dll" adapterTypeName="executor://xunit/VsTestRunner2/net" className="TCC_Inventory_Masters_Kinect.Tests.ViewModel.MainViewModelHistoricoTests" name="CarregarHistoricoMedicoes_QuandoRepositorioMuda_DeveSubstituirColecao" />
    </UnitTest>
    <UnitTest name="TCC_Inventory_Masters_Kinect.Tests.ViewModel.MainViewModelKinectTests.DesligarMonitoramento_SemSensorConectado_DeveManterEstadoSeguro" storage="c:\users\usuario\source\repos\tcc_inventory_masters_kinect\inventorymasterstests\bin\x64\debug\net48\tcc_inventory_masters_kinect.tests.dll" id="a05ba212-9170-6242-c288-2efcc5de34ea">
      <Execution id="75b52801-3e50-4e76-b0ef-46ba813dcfea" />
      <TestMethod codeBase="C:\Users\Usuario\source\repos\TCC_Inventory_Masters_Kinect\InventoryMastersTests\bin\x64\Debug\net48\TCC_Inventory_Masters_Kinect.Tests.dll" adapterTypeName="executor://xunit/VsTestRunner2/net" className="TCC_Inventory_Masters_Kinect.Tests.ViewModel.MainViewModelKinectTests" name="DesligarMonitoramento_SemSensorConectado_DeveManterEstadoSeguro" />
    </UnitTest>
    <UnitTest name="TCC_Inventory_Masters_Kinect.Tests.ViewModel.KinectLoginViewModelTests.SolicitarTokenAsync_QuandoServicoFalha_DeveRestaurarInteracao" storage="c:\users\usuario\source\repos\tcc_inventory_masters_kinect\inventorymasterstests\bin\x64\debug\net48\tcc_inventory_masters_kinect.tests.dll" id="71cf9df8-ed5a-647d-c162-7442ced78fe1">
      <Execution id="779b9a60-00be-4672-92a8-d77f01d12409" />
      <TestMethod codeBase="C:\Users\Usuario\source\repos\TCC_Inventory_Masters_Kinect\InventoryMastersTests\bin\x64\Debug\net48\TCC_Inventory_Masters_Kinect.Tests.dll" adapterTypeName="executor://xunit/VsTestRunner2/net" className="TCC_Inventory_Masters_Kinect.Tests.ViewModel.KinectLoginViewModelTests" name="SolicitarTokenAsync_QuandoServicoFalha_DeveRestaurarInteracao" />
    </UnitTest>
    <UnitTest name="TCC_Inventory_Masters_Kinect.Tests.ViewModel.BaseViewModelTests.SetProperty_ValorDiferente_AlteraValorERetornaTrue" storage="c:\users\usuario\source\repos\tcc_inventory_masters_kinect\inventorymasterstests\bin\x64\debug\net48\tcc_inventory_masters_kinect.tests.dll" id="0d83804b-4b0d-1942-6a62-c48f43abaa5a">
      <Execution id="13098846-4b15-4671-92ea-64966859e7b3" />
      <TestMethod codeBase="C:\Users\Usuario\source\repos\TCC_Inventory_Masters_Kinect\InventoryMastersTests\bin\x64\Debug\net48\TCC_Inventory_Masters_Kinect.Tests.dll" adapterTypeName="executor://xunit/VsTestRunner2/net" className="TCC_Inventory_Masters_Kinect.Tests.ViewModel.BaseViewModelTests" name="SetProperty_ValorDiferente_AlteraValorERetornaTrue" />
    </UnitTest>
    <UnitTest name="TCC_Inventory_Masters_Kinect.Tests.ViewModel.KinectLoginViewModelTests.MostrarLoginCommand_AoExecutar_DeveLimparMensagemAnterior" storage="c:\users\usuario\source\repos\tcc_inventory_masters_kinect\inventorymasterstests\bin\x64\debug\net48\tcc_inventory_masters_kinect.tests.dll" id="0c72197a-ceee-7328-fd5b-33bd6d1d2500">
      <Execution id="6ae6e36c-e536-44bc-8278-af72de11cd40" />
      <TestMethod codeBase="C:\Users\Usuario\source\repos\TCC_Inventory_Masters_Kinect\InventoryMastersTests\bin\x64\Debug\net48\TCC_Inventory_Masters_Kinect.Tests.dll" adapterTypeName="executor://xunit/VsTestRunner2/net" className="TCC_Inventory_Masters_Kinect.Tests.ViewModel.KinectLoginViewModelTests" name="MostrarLoginCommand_AoExecutar_DeveLimparMensagemAnterior" />
    </UnitTest>
    <UnitTest name="TCC_Inventory_Masters_Kinect.Tests.ViewModel.MainViewModelVolumeTests.FormatarVolumeM3_DeveConverterCentimetrosCubicos(volumeCm3: 0, esperadoInvariante: &quot;0.000 m3&quot;)" storage="c:\users\usuario\source\repos\tcc_inventory_masters_kinect\inventorymasterstests\bin\x64\debug\net48\tcc_inventory_masters_kinect.tests.dll" id="63dfa930-501b-dcc1-a874-78847d70c980">
      <Execution id="56652089-80cf-4711-b64d-ddebc309c887" />
      <TestMethod codeBase="C:\Users\Usuario\source\repos\TCC_Inventory_Masters_Kinect\InventoryMastersTests\bin\x64\Debug\net48\TCC_Inventory_Masters_Kinect.Tests.dll" adapterTypeName="executor://xunit/VsTestRunner2/net" className="TCC_Inventory_Masters_Kinect.Tests.ViewModel.MainViewModelVolumeTests" name="FormatarVolumeM3_DeveConverterCentimetrosCubicos" />
    </UnitTest>
    <UnitTest name="TCC_Inventory_Masters_Kinect.Tests.ViewModel.KinectLoginViewModelTests.SolicitarTokenAsync_Recusado_DeveExibirMensagemDoServico" storage="c:\users\usuario\source\repos\tcc_inventory_masters_kinect\inventorymasterstests\bin\x64\debug\net48\tcc_inventory_masters_kinect.tests.dll" id="e25c5b1d-ffd2-d1d7-ca4e-a6d0fc3debd0">
      <Execution id="77d2b406-d70a-4261-8da8-81d9cd0be98e" />
      <TestMethod codeBase="C:\Users\Usuario\source\repos\TCC_Inventory_Masters_Kinect\InventoryMastersTests\bin\x64\Debug\net48\TCC_Inventory_Masters_Kinect.Tests.dll" adapterTypeName="executor://xunit/VsTestRunner2/net" className="TCC_Inventory_Masters_Kinect.Tests.ViewModel.KinectLoginViewModelTests" name="SolicitarTokenAsync_Recusado_DeveExibirMensagemDoServico" />
    </UnitTest>
    <UnitTest name="TCC_Inventory_Masters_Kinect.Tests.ViewModel.KinectLoginViewModelTests.EntrarAsync_QuandoServicoFalha_DeveExibirErroGenerico" storage="c:\users\usuario\source\repos\tcc_inventory_masters_kinect\inventorymasterstests\bin\x64\debug\net48\tcc_inventory_masters_kinect.tests.dll" id="abc098c1-485a-ef93-6245-12ea00d8bbc0">
      <Execution id="dd81cd5f-76c6-4d24-a806-8fd4b8b82faa" />
      <TestMethod codeBase="C:\Users\Usuario\source\repos\TCC_Inventory_Masters_Kinect\InventoryMastersTests\bin\x64\Debug\net48\TCC_Inventory_Masters_Kinect.Tests.dll" adapterTypeName="executor://xunit/VsTestRunner2/net" className="TCC_Inventory_Masters_Kinect.Tests.ViewModel.KinectLoginViewModelTests" name="EntrarAsync_QuandoServicoFalha_DeveExibirErroGenerico" />
    </UnitTest>
    <UnitTest name="TCC_Inventory_Masters_Kinect.Tests.ViewModel.MainViewModelTests.Construtor_SessaoValida_DeveCriarTodosOsComandos" storage="c:\users\usuario\source\repos\tcc_inventory_masters_kinect\inventorymasterstests\bin\x64\debug\net48\tcc_inventory_masters_kinect.tests.dll" id="0e61733f-767a-f060-be0f-036812094101">
      <Execution id="5d21d54b-25ee-4a03-8d7d-733d69f6c1ba" />
      <TestMethod codeBase="C:\Users\Usuario\source\repos\TCC_Inventory_Masters_Kinect\InventoryMastersTests\bin\x64\Debug\net48\TCC_Inventory_Masters_Kinect.Tests.dll" adapterTypeName="executor://xunit/VsTestRunner2/net" className="TCC_Inventory_Masters_Kinect.Tests.ViewModel.MainViewModelTests" name="Construtor_SessaoValida_DeveCriarTodosOsComandos" />
    </UnitTest>
    <UnitTest name="TCC_Inventory_Masters_Kinect.Tests.ViewModel.BaseViewModelTests.SetProperty_ValorIgual_NaoDisparaPropertyChanged" storage="c:\users\usuario\source\repos\tcc_inventory_masters_kinect\inventorymasterstests\bin\x64\debug\net48\tcc_inventory_masters_kinect.tests.dll" id="4cfddd1f-9d9f-b14f-e1a4-e87e6d5d58f4">
      <Execution id="ebfd6ca4-be2d-4bee-9664-fca95df8fbba" />
      <TestMethod codeBase="C:\Users\Usuario\source\repos\TCC_Inventory_Masters_Kinect\InventoryMastersTests\bin\x64\Debug\net48\TCC_Inventory_Masters_Kinect.Tests.dll" adapterTypeName="executor://xunit/VsTestRunner2/net" className="TCC_Inventory_Masters_Kinect.Tests.ViewModel.BaseViewModelTests" name="SetProperty_ValorIgual_NaoDisparaPropertyChanged" />
    </UnitTest>
    <UnitTest name="TCC_Inventory_Masters_Kinect.Tests.ViewModel.MainViewModelEspacoTests.SalvarEspaco_SemNome_DeveRecusar" storage="c:\users\usuario\source\repos\tcc_inventory_masters_kinect\inventorymasterstests\bin\x64\debug\net48\tcc_inventory_masters_kinect.tests.dll" id="0d534c49-3f2d-72cd-0fd5-4b5b8e70d139">
      <Execution id="f06ce0ac-1ed5-4106-9664-64620715dedb" />
      <TestMethod codeBase="C:\Users\Usuario\source\repos\TCC_Inventory_Masters_Kinect\InventoryMastersTests\bin\x64\Debug\net48\TCC_Inventory_Masters_Kinect.Tests.dll" adapterTypeName="executor://xunit/VsTestRunner2/net" className="TCC_Inventory_Masters_Kinect.Tests.ViewModel.MainViewModelEspacoTests" name="SalvarEspaco_SemNome_DeveRecusar" />
    </UnitTest>
    <UnitTest name="TCC_Inventory_Masters_Kinect.Tests.ViewModel.KinectLoginViewModelTests.SolicitarTokenAsync_Sucesso_DeveIrParaLoginEExibirConfirmacao" storage="c:\users\usuario\source\repos\tcc_inventory_masters_kinect\inventorymasterstests\bin\x64\debug\net48\tcc_inventory_masters_kinect.tests.dll" id="a2a00648-8125-6643-b53b-9e055dd6f397">
      <Execution id="8f8dd2bb-3591-4fb9-a599-135c3ca03acb" />
      <TestMethod codeBase="C:\Users\Usuario\source\repos\TCC_Inventory_Masters_Kinect\InventoryMastersTests\bin\x64\Debug\net48\TCC_Inventory_Masters_Kinect.Tests.dll" adapterTypeName="executor://xunit/VsTestRunner2/net" className="TCC_Inventory_Masters_Kinect.Tests.ViewModel.KinectLoginViewModelTests" name="SolicitarTokenAsync_Sucesso_DeveIrParaLoginEExibirConfirmacao" />
    </UnitTest>
    <UnitTest name="TCC_Inventory_Masters_Kinect.Tests.ViewModel.MainViewModelInterfaceTests.DesbloquearSessaoAsync_TokenVazio_DeveManterBloqueio" storage="c:\users\usuario\source\repos\tcc_inventory_masters_kinect\inventorymasterstests\bin\x64\debug\net48\tcc_inventory_masters_kinect.tests.dll" id="91029f6e-0fb8-2912-b835-dc60e9b0aef6">
      <Execution id="f79f2236-aa85-465f-a76f-5e66edfe5eaf" />
      <TestMethod codeBase="C:\Users\Usuario\source\repos\TCC_Inventory_Masters_Kinect\InventoryMastersTests\bin\x64\Debug\net48\TCC_Inventory_Masters_Kinect.Tests.dll" adapterTypeName="executor://xunit/VsTestRunner2/net" className="TCC_Inventory_Masters_Kinect.Tests.ViewModel.MainViewModelInterfaceTests" name="DesbloquearSessaoAsync_TokenVazio_DeveManterBloqueio" />
    </UnitTest>
    <UnitTest name="TCC_Inventory_Masters_Kinect.Tests.ViewModel.MainViewModelEspacoTests.SalvarEspaco_DadosValidosInclusiveLimites_DeveSalvar(percentual: &quot;100&quot;)" storage="c:\users\usuario\source\repos\tcc_inventory_masters_kinect\inventorymasterstests\bin\x64\debug\net48\tcc_inventory_masters_kinect.tests.dll" id="dcb9d05d-2368-3090-a95b-617d1c668597">
      <Execution id="385bc301-2f7d-46b5-98b1-37eb4caed020" />
      <TestMethod codeBase="C:\Users\Usuario\source\repos\TCC_Inventory_Masters_Kinect\InventoryMastersTests\bin\x64\Debug\net48\TCC_Inventory_Masters_Kinect.Tests.dll" adapterTypeName="executor://xunit/VsTestRunner2/net" className="TCC_Inventory_Masters_Kinect.Tests.ViewModel.MainViewModelEspacoTests" name="SalvarEspaco_DadosValidosInclusiveLimites_DeveSalvar" />
    </UnitTest>
    <UnitTest name="TCC_Inventory_Masters_Kinect.Tests.ViewModel.MainViewModelVolumeTests.AtualizarIndicadoresVolume_SemVolumeMaximo_DeveManterValoresSeguros" storage="c:\users\usuario\source\repos\tcc_inventory_masters_kinect\inventorymasterstests\bin\x64\debug\net48\tcc_inventory_masters_kinect.tests.dll" id="be6afe67-ebc2-0db3-3d50-1931e4c13560">
      <Execution id="8207a6bd-3fbe-46c3-ae77-a0dc392f3029" />
      <TestMethod codeBase="C:\Users\Usuario\source\repos\TCC_Inventory_Masters_Kinect\InventoryMastersTests\bin\x64\Debug\net48\TCC_Inventory_Masters_Kinect.Tests.dll" adapterTypeName="executor://xunit/VsTestRunner2/net" className="TCC_Inventory_Masters_Kinect.Tests.ViewModel.MainViewModelVolumeTests" name="AtualizarIndicadoresVolume_SemVolumeMaximo_DeveManterValoresSeguros" />
    </UnitTest>
    <UnitTest name="TCC_Inventory_Masters_Kinect.Tests.ViewModel.KinectLoginViewModelTests.Construtor_AoInicializar_DeveInicializarCamposVazios" storage="c:\users\usuario\source\repos\tcc_inventory_masters_kinect\inventorymasterstests\bin\x64\debug\net48\tcc_inventory_masters_kinect.tests.dll" id="bbbe004b-7df6-cd98-db09-8ea02d523447">
      <Execution id="9a9c7a5c-65ec-4a53-bdf4-94d7e60775df" />
      <TestMethod codeBase="C:\Users\Usuario\source\repos\TCC_Inventory_Masters_Kinect\InventoryMastersTests\bin\x64\Debug\net48\TCC_Inventory_Masters_Kinect.Tests.dll" adapterTypeName="executor://xunit/VsTestRunner2/net" className="TCC_Inventory_Masters_Kinect.Tests.ViewModel.KinectLoginViewModelTests" name="Construtor_AoInicializar_DeveInicializarCamposVazios" />
    </UnitTest>
    <UnitTest name="TCC_Inventory_Masters_Kinect.Tests.ViewModel.KinectLoginViewModelTests.EntrarCommand_TokenComLetras_DeveExibirErro" storage="c:\users\usuario\source\repos\tcc_inventory_masters_kinect\inventorymasterstests\bin\x64\debug\net48\tcc_inventory_masters_kinect.tests.dll" id="63289094-42e0-d45a-cb24-69e9e7a6a972">
      <Execution id="250666b3-c3b6-4d80-8480-d6003a8f228d" />
      <TestMethod codeBase="C:\Users\Usuario\source\repos\TCC_Inventory_Masters_Kinect\InventoryMastersTests\bin\x64\Debug\net48\TCC_Inventory_Masters_Kinect.Tests.dll" adapterTypeName="executor://xunit/VsTestRunner2/net" className="TCC_Inventory_Masters_Kinect.Tests.ViewModel.KinectLoginViewModelTests" name="EntrarCommand_TokenComLetras_DeveExibirErro" />
    </UnitTest>
    <UnitTest name="TCC_Inventory_Masters_Kinect.Tests.ViewModel.MainViewModelInterfaceTests.InatividadeTimerTick_DeveBloquearSessaoELimparToken" storage="c:\users\usuario\source\repos\tcc_inventory_masters_kinect\inventorymasterstests\bin\x64\debug\net48\tcc_inventory_masters_kinect.tests.dll" id="5efe9ec5-63af-a513-6bf5-642e714c6362">
      <Execution id="8501113f-a94b-48be-a1e8-1a8222e1fa2d" />
      <TestMethod codeBase="C:\Users\Usuario\source\repos\TCC_Inventory_Masters_Kinect\InventoryMastersTests\bin\x64\Debug\net48\TCC_Inventory_Masters_Kinect.Tests.dll" adapterTypeName="executor://xunit/VsTestRunner2/net" className="TCC_Inventory_Masters_Kinect.Tests.ViewModel.MainViewModelInterfaceTests" name="InatividadeTimerTick_DeveBloquearSessaoELimparToken" />
    </UnitTest>
    <UnitTest name="TCC_Inventory_Masters_Kinect.Tests.ViewModel.KinectLoginViewModelTests.TokenAcesso_QuandoPreenchido_TokenVazioDeveSerFalse" storage="c:\users\usuario\source\repos\tcc_inventory_masters_kinect\inventorymasterstests\bin\x64\debug\net48\tcc_inventory_masters_kinect.tests.dll" id="e4179441-381a-92ef-6ead-559fd7076e4c">
      <Execution id="f8a7a36f-864f-49ae-b537-465b6c088442" />
      <TestMethod codeBase="C:\Users\Usuario\source\repos\TCC_Inventory_Masters_Kinect\InventoryMastersTests\bin\x64\Debug\net48\TCC_Inventory_Masters_Kinect.Tests.dll" adapterTypeName="executor://xunit/VsTestRunner2/net" className="TCC_Inventory_Masters_Kinect.Tests.ViewModel.KinectLoginViewModelTests" name="TokenAcesso_QuandoPreenchido_TokenVazioDeveSerFalse" />
    </UnitTest>
    <UnitTest name="TCC_Inventory_Masters_Kinect.Tests.ViewModel.MainViewModelTests.Construtor_SessaoValida_DeveInicializarIdentidadeEStatus" storage="c:\users\usuario\source\repos\tcc_inventory_masters_kinect\inventorymasterstests\bin\x64\debug\net48\tcc_inventory_masters_kinect.tests.dll" id="1bf0649b-cc1d-c96b-988b-0903b15ae25c">
      <Execution id="82436c9a-bb89-469b-9e81-5ef8c6d4a1f6" />
      <TestMethod codeBase="C:\Users\Usuario\source\repos\TCC_Inventory_Masters_Kinect\InventoryMastersTests\bin\x64\Debug\net48\TCC_Inventory_Masters_Kinect.Tests.dll" adapterTypeName="executor://xunit/VsTestRunner2/net" className="TCC_Inventory_Masters_Kinect.Tests.ViewModel.MainViewModelTests" name="Construtor_SessaoValida_DeveInicializarIdentidadeEStatus" />
    </UnitTest>
    <UnitTest name="TCC_Inventory_Masters_Kinect.Tests.ViewModel.MainViewModelEspacoTests.SalvarEspaco_DadosValidosInclusiveLimites_DeveSalvar(percentual: &quot;80&quot;)" storage="c:\users\usuario\source\repos\tcc_inventory_masters_kinect\inventorymasterstests\bin\x64\debug\net48\tcc_inventory_masters_kinect.tests.dll" id="8dad780a-3d38-804b-dcc8-27060a4cd82e">
      <Execution id="31caca46-dc0f-43f7-b46b-e6237f736725" />
      <TestMethod codeBase="C:\Users\Usuario\source\repos\TCC_Inventory_Masters_Kinect\InventoryMastersTests\bin\x64\Debug\net48\TCC_Inventory_Masters_Kinect.Tests.dll" adapterTypeName="executor://xunit/VsTestRunner2/net" className="TCC_Inventory_Masters_Kinect.Tests.ViewModel.MainViewModelEspacoTests" name="SalvarEspaco_DadosValidosInclusiveLimites_DeveSalvar" />
    </UnitTest>
    <UnitTest name="TCC_Inventory_Masters_Kinect.Tests.ViewModel.MainViewModelEspacoTests.SalvarEspaco_PercentualForaDoIntervalo_DeveRecusar(percentual: &quot;0&quot;)" storage="c:\users\usuario\source\repos\tcc_inventory_masters_kinect\inventorymasterstests\bin\x64\debug\net48\tcc_inventory_masters_kinect.tests.dll" id="e7abcdb1-59c0-8408-f8b5-a563849ddb7f">
      <Execution id="8f718f87-24cd-4fc9-8a5d-9ef527b79846" />
      <TestMethod codeBase="C:\Users\Usuario\source\repos\TCC_Inventory_Masters_Kinect\InventoryMastersTests\bin\x64\Debug\net48\TCC_Inventory_Masters_Kinect.Tests.dll" adapterTypeName="executor://xunit/VsTestRunner2/net" className="TCC_Inventory_Masters_Kinect.Tests.ViewModel.MainViewModelEspacoTests" name="SalvarEspaco_PercentualForaDoIntervalo_DeveRecusar" />
    </UnitTest>
    <UnitTest name="TCC_Inventory_Masters_Kinect.Tests.ViewModel.MainViewModelVolumeTests.FormatarVolumeM3_DeveConverterCentimetrosCubicos(volumeCm3: 2500000, esperadoInvariante: &quot;2.500 m3&quot;)" storage="c:\users\usuario\source\repos\tcc_inventory_masters_kinect\inventorymasterstests\bin\x64\debug\net48\tcc_inventory_masters_kinect.tests.dll" id="bc55bf99-ab2e-9af0-a6a1-400aecf750e6">
      <Execution id="7f72ff87-0da3-4267-9a46-62c2d15fcf5b" />
      <TestMethod codeBase="C:\Users\Usuario\source\repos\TCC_Inventory_Masters_Kinect\InventoryMastersTests\bin\x64\Debug\net48\TCC_Inventory_Masters_Kinect.Tests.dll" adapterTypeName="executor://xunit/VsTestRunner2/net" className="TCC_Inventory_Masters_Kinect.Tests.ViewModel.MainViewModelVolumeTests" name="FormatarVolumeM3_DeveConverterCentimetrosCubicos" />
    </UnitTest>
    <UnitTest name="TCC_Inventory_Masters_Kinect.Tests.ViewModel.MainViewModelVolumeTests.AtualizarIndicadoresVolume_AcimaDoLimite_DeveSinalizarLimite" storage="c:\users\usuario\source\repos\tcc_inventory_masters_kinect\inventorymasterstests\bin\x64\debug\net48\tcc_inventory_masters_kinect.tests.dll" id="1fb3853d-2de1-90bb-16f8-f5f078c23d7c">
      <Execution id="f5a68fe4-60bc-41df-825e-b5ed095f0977" />
      <TestMethod codeBase="C:\Users\Usuario\source\repos\TCC_Inventory_Masters_Kinect\InventoryMastersTests\bin\x64\Debug\net48\TCC_Inventory_Masters_Kinect.Tests.dll" adapterTypeName="executor://xunit/VsTestRunner2/net" className="TCC_Inventory_Masters_Kinect.Tests.ViewModel.MainViewModelVolumeTests" name="AtualizarIndicadoresVolume_AcimaDoLimite_DeveSinalizarLimite" />
    </UnitTest>
    <UnitTest name="TCC_Inventory_Masters_Kinect.Tests.ViewModel.KinectLoginViewModelTests.MostrarLoginCommand_AoExecutar_DeveSelecionarAbaLogin" storage="c:\users\usuario\source\repos\tcc_inventory_masters_kinect\inventorymasterstests\bin\x64\debug\net48\tcc_inventory_masters_kinect.tests.dll" id="5ea94171-3a8e-bc67-48a5-709d90be3a16">
      <Execution id="4ef46665-d0aa-414d-9d54-20a6d3a21558" />
      <TestMethod codeBase="C:\Users\Usuario\source\repos\TCC_Inventory_Masters_Kinect\InventoryMastersTests\bin\x64\Debug\net48\TCC_Inventory_Masters_Kinect.Tests.dll" adapterTypeName="executor://xunit/VsTestRunner2/net" className="TCC_Inventory_Masters_Kinect.Tests.ViewModel.KinectLoginViewModelTests" name="MostrarLoginCommand_AoExecutar_DeveSelecionarAbaLogin" />
    </UnitTest>
    <UnitTest name="TCC_Inventory_Masters_Kinect.Tests.ViewModel.MainViewModelEspacoTests.SalvarEspaco_PercentualForaDoIntervalo_DeveRecusar(percentual: &quot;101&quot;)" storage="c:\users\usuario\source\repos\tcc_inventory_masters_kinect\inventorymasterstests\bin\x64\debug\net48\tcc_inventory_masters_kinect.tests.dll" id="04fc2b76-5ed4-389a-9bf6-b89b8157ed5f">
      <Execution id="72916acd-0f01-4f2b-8ea4-d71ef9267878" />
      <TestMethod codeBase="C:\Users\Usuario\source\repos\TCC_Inventory_Masters_Kinect\InventoryMastersTests\bin\x64\Debug\net48\TCC_Inventory_Masters_Kinect.Tests.dll" adapterTypeName="executor://xunit/VsTestRunner2/net" className="TCC_Inventory_Masters_Kinect.Tests.ViewModel.MainViewModelEspacoTests" name="SalvarEspaco_PercentualForaDoIntervalo_DeveRecusar" />
    </UnitTest>
    <UnitTest name="TCC_Inventory_Masters_Kinect.Tests.ViewModel.KinectLoginViewModelTests.TokenAcesso_QuandoAlterado_DeveNotificarTokenVazio" storage="c:\users\usuario\source\repos\tcc_inventory_masters_kinect\inventorymasterstests\bin\x64\debug\net48\tcc_inventory_masters_kinect.tests.dll" id="9324e812-c8b3-88c8-0b00-c02ec1bc9c16">
      <Execution id="02d42a99-1f1e-4870-b987-a3d17f1dc116" />
      <TestMethod codeBase="C:\Users\Usuario\source\repos\TCC_Inventory_Masters_Kinect\InventoryMastersTests\bin\x64\Debug\net48\TCC_Inventory_Masters_Kinect.Tests.dll" adapterTypeName="executor://xunit/VsTestRunner2/net" className="TCC_Inventory_Masters_Kinect.Tests.ViewModel.KinectLoginViewModelTests" name="TokenAcesso_QuandoAlterado_DeveNotificarTokenVazio" />
    </UnitTest>
    <UnitTest name="TCC_Inventory_Masters_Kinect.Tests.ViewModel.MainViewModelHistoricoTests.CarregarHistoricoMedicoes_QuandoRepositorioFalha_DeveExibirEstadoDeErro" storage="c:\users\usuario\source\repos\tcc_inventory_masters_kinect\inventorymasterstests\bin\x64\debug\net48\tcc_inventory_masters_kinect.tests.dll" id="4baa2824-31a5-b287-a03b-996f1f8e2f4c">
      <Execution id="d539d59f-8b1f-49d1-a174-9029e7e17cbb" />
      <TestMethod codeBase="C:\Users\Usuario\source\repos\TCC_Inventory_Masters_Kinect\InventoryMastersTests\bin\x64\Debug\net48\TCC_Inventory_Masters_Kinect.Tests.dll" adapterTypeName="executor://xunit/VsTestRunner2/net" className="TCC_Inventory_Masters_Kinect.Tests.ViewModel.MainViewModelHistoricoTests" name="CarregarHistoricoMedicoes_QuandoRepositorioFalha_DeveExibirEstadoDeErro" />
    </UnitTest>
    <UnitTest name="TCC_Inventory_Masters_Kinect.Tests.ViewModel.MainViewModelEspacoTests.SalvarEspaco_PercentualNaoNumerico_DeveRecusar" storage="c:\users\usuario\source\repos\tcc_inventory_masters_kinect\inventorymasterstests\bin\x64\debug\net48\tcc_inventory_masters_kinect.tests.dll" id="897d4c77-7c47-ff3c-1df6-f6fcc3095c2f">
      <Execution id="14ad4dc0-d82e-4ab3-a6a8-63840ff09078" />
      <TestMethod codeBase="C:\Users\Usuario\source\repos\TCC_Inventory_Masters_Kinect\InventoryMastersTests\bin\x64\Debug\net48\TCC_Inventory_Masters_Kinect.Tests.dll" adapterTypeName="executor://xunit/VsTestRunner2/net" className="TCC_Inventory_Masters_Kinect.Tests.ViewModel.MainViewModelEspacoTests" name="SalvarEspaco_PercentualNaoNumerico_DeveRecusar" />
    </UnitTest>
    <UnitTest name="TCC_Inventory_Masters_Kinect.Tests.ViewModel.BaseViewModelTests.SetProperty_ValorDiferente_DisparaPropertyChanged" storage="c:\users\usuario\source\repos\tcc_inventory_masters_kinect\inventorymasterstests\bin\x64\debug\net48\tcc_inventory_masters_kinect.tests.dll" id="b350c71c-f8f5-9944-97e9-002fe73d7089">
      <Execution id="ddfe4bf8-6526-4f61-8243-1435442874af" />
      <TestMethod codeBase="C:\Users\Usuario\source\repos\TCC_Inventory_Masters_Kinect\InventoryMastersTests\bin\x64\Debug\net48\TCC_Inventory_Masters_Kinect.Tests.dll" adapterTypeName="executor://xunit/VsTestRunner2/net" className="TCC_Inventory_Masters_Kinect.Tests.ViewModel.BaseViewModelTests" name="SetProperty_ValorDiferente_DisparaPropertyChanged" />
    </UnitTest>
    <UnitTest name="TCC_Inventory_Masters_Kinect.Tests.ViewModel.MainViewModelEspacoTests.SalvarEspaco_DadosValidosInclusiveLimites_DeveSalvar(percentual: &quot;1&quot;)" storage="c:\users\usuario\source\repos\tcc_inventory_masters_kinect\inventorymasterstests\bin\x64\debug\net48\tcc_inventory_masters_kinect.tests.dll" id="a0042079-f82d-b350-79be-7cc946ec76fd">
      <Execution id="f5b3e41f-5b50-4878-b9c0-b9e275936c9e" />
      <TestMethod codeBase="C:\Users\Usuario\source\repos\TCC_Inventory_Masters_Kinect\InventoryMastersTests\bin\x64\Debug\net48\TCC_Inventory_Masters_Kinect.Tests.dll" adapterTypeName="executor://xunit/VsTestRunner2/net" className="TCC_Inventory_Masters_Kinect.Tests.ViewModel.MainViewModelEspacoTests" name="SalvarEspaco_DadosValidosInclusiveLimites_DeveSalvar" />
    </UnitTest>
    <UnitTest name="TCC_Inventory_Masters_Kinect.Tests.ViewModel.KinectLoginViewModelTests.SolicitarTokenCommand_EmailEmBranco_DeveExibirErro" storage="c:\users\usuario\source\repos\tcc_inventory_masters_kinect\inventorymasterstests\bin\x64\debug\net48\tcc_inventory_masters_kinect.tests.dll" id="5154c02a-fe0b-8e2d-e060-6e5adca0dab6">
      <Execution id="959155dc-6bd2-4a84-b19e-8927219c910b" />
      <TestMethod codeBase="C:\Users\Usuario\source\repos\TCC_Inventory_Masters_Kinect\InventoryMastersTests\bin\x64\Debug\net48\TCC_Inventory_Masters_Kinect.Tests.dll" adapterTypeName="executor://xunit/VsTestRunner2/net" className="TCC_Inventory_Masters_Kinect.Tests.ViewModel.KinectLoginViewModelTests" name="SolicitarTokenCommand_EmailEmBranco_DeveExibirErro" />
    </UnitTest>
    <UnitTest name="TCC_Inventory_Masters_Kinect.Tests.ViewModel.KinectLoginViewModelTests.EntrarAsync_TokenValido_DeveCriarSessaoEAbrirMonitor" storage="c:\users\usuario\source\repos\tcc_inventory_masters_kinect\inventorymasterstests\bin\x64\debug\net48\tcc_inventory_masters_kinect.tests.dll" id="c6e66de7-a625-efc3-13f6-0c9d474cafbd">
      <Execution id="57b9d794-d6d5-47d2-b2d1-7a80947b83eb" />
      <TestMethod codeBase="C:\Users\Usuario\source\repos\TCC_Inventory_Masters_Kinect\InventoryMastersTests\bin\x64\Debug\net48\TCC_Inventory_Masters_Kinect.Tests.dll" adapterTypeName="executor://xunit/VsTestRunner2/net" className="TCC_Inventory_Masters_Kinect.Tests.ViewModel.KinectLoginViewModelTests" name="EntrarAsync_TokenValido_DeveCriarSessaoEAbrirMonitor" />
    </UnitTest>
    <UnitTest name="TCC_Inventory_Masters_Kinect.Tests.ViewModel.MainViewModelTests.Construtor_SessaoInvalida_DeveRecusarInicializacao" storage="c:\users\usuario\source\repos\tcc_inventory_masters_kinect\inventorymasterstests\bin\x64\debug\net48\tcc_inventory_masters_kinect.tests.dll" id="e0d4294f-3eb2-0865-7ab0-533cb87d1382">
      <Execution id="e0f22a44-896f-44a1-bbaf-30f187aa5a32" />
      <TestMethod codeBase="C:\Users\Usuario\source\repos\TCC_Inventory_Masters_Kinect\InventoryMastersTests\bin\x64\Debug\net48\TCC_Inventory_Masters_Kinect.Tests.dll" adapterTypeName="executor://xunit/VsTestRunner2/net" className="TCC_Inventory_Masters_Kinect.Tests.ViewModel.MainViewModelTests" name="Construtor_SessaoInvalida_DeveRecusarInicializacao" />
    </UnitTest>
    <UnitTest name="TCC_Inventory_Masters_Kinect.Tests.ViewModel.KinectLoginViewModelTests.EntrarCommand_TokenVazio_DeveExibirErro" storage="c:\users\usuario\source\repos\tcc_inventory_masters_kinect\inventorymasterstests\bin\x64\debug\net48\tcc_inventory_masters_kinect.tests.dll" id="f80005e0-069c-51b2-3d7c-6b8d689f673e">
      <Execution id="7cdca3ac-e320-46c9-840e-a1817aa5bdd5" />
      <TestMethod codeBase="C:\Users\Usuario\source\repos\TCC_Inventory_Masters_Kinect\InventoryMastersTests\bin\x64\Debug\net48\TCC_Inventory_Masters_Kinect.Tests.dll" adapterTypeName="executor://xunit/VsTestRunner2/net" className="TCC_Inventory_Masters_Kinect.Tests.ViewModel.KinectLoginViewModelTests" name="EntrarCommand_TokenVazio_DeveExibirErro" />
    </UnitTest>
    <UnitTest name="TCC_Inventory_Masters_Kinect.Tests.ViewModel.MainViewModelVolumeTests.AtualizarIndicadoresVolume_AcimaDaCapacidade_DeveLimitarEmCemPorCento" storage="c:\users\usuario\source\repos\tcc_inventory_masters_kinect\inventorymasterstests\bin\x64\debug\net48\tcc_inventory_masters_kinect.tests.dll" id="aafe8447-8170-97b0-afed-a41848525775">
      <Execution id="067ba8c0-3b9b-42aa-b36e-8fba692f768a" />
      <TestMethod codeBase="C:\Users\Usuario\source\repos\TCC_Inventory_Masters_Kinect\InventoryMastersTests\bin\x64\Debug\net48\TCC_Inventory_Masters_Kinect.Tests.dll" adapterTypeName="executor://xunit/VsTestRunner2/net" className="TCC_Inventory_Masters_Kinect.Tests.ViewModel.MainViewModelVolumeTests" name="AtualizarIndicadoresVolume_AcimaDaCapacidade_DeveLimitarEmCemPorCento" />
    </UnitTest>
    <UnitTest name="TCC_Inventory_Masters_Kinect.Tests.ViewModel.MainViewModelEspacoTests.SalvarEspaco_SemCalibracao_DeveRecusar" storage="c:\users\usuario\source\repos\tcc_inventory_masters_kinect\inventorymasterstests\bin\x64\debug\net48\tcc_inventory_masters_kinect.tests.dll" id="fe642411-703c-8955-77e6-e152968a5c09">
      <Execution id="d50740ed-59b3-42f8-8925-f1ce92f3daad" />
      <TestMethod codeBase="C:\Users\Usuario\source\repos\TCC_Inventory_Masters_Kinect\InventoryMastersTests\bin\x64\Debug\net48\TCC_Inventory_Masters_Kinect.Tests.dll" adapterTypeName="executor://xunit/VsTestRunner2/net" className="TCC_Inventory_Masters_Kinect.Tests.ViewModel.MainViewModelEspacoTests" name="SalvarEspaco_SemCalibracao_DeveRecusar" />
    </UnitTest>
    <UnitTest name="TCC_Inventory_Masters_Kinect.Tests.ViewModel.KinectLoginViewModelTests.TokenAcesso_QuandoVazio_TokenVazioDeveSerTrue" storage="c:\users\usuario\source\repos\tcc_inventory_masters_kinect\inventorymasterstests\bin\x64\debug\net48\tcc_inventory_masters_kinect.tests.dll" id="77be1f8a-747a-3517-b01b-caecb0769c24">
      <Execution id="ff635b6f-9452-48ae-b763-7e0e822028a4" />
      <TestMethod codeBase="C:\Users\Usuario\source\repos\TCC_Inventory_Masters_Kinect\InventoryMastersTests\bin\x64\Debug\net48\TCC_Inventory_Masters_Kinect.Tests.dll" adapterTypeName="executor://xunit/VsTestRunner2/net" className="TCC_Inventory_Masters_Kinect.Tests.ViewModel.KinectLoginViewModelTests" name="TokenAcesso_QuandoVazio_TokenVazioDeveSerTrue" />
    </UnitTest>
    <UnitTest name="TCC_Inventory_Masters_Kinect.Tests.ViewModel.MainViewModelVolumeTests.AtualizarIndicadoresVolume_AbaixoDoLimite_DeveCalcularOcupacaoELivre" storage="c:\users\usuario\source\repos\tcc_inventory_masters_kinect\inventorymasterstests\bin\x64\debug\net48\tcc_inventory_masters_kinect.tests.dll" id="95a05762-3a00-89d3-3f83-2bdb3e8397c8">
      <Execution id="e1ee72c3-78cd-4db9-89b6-e823246de7a5" />
      <TestMethod codeBase="C:\Users\Usuario\source\repos\TCC_Inventory_Masters_Kinect\InventoryMastersTests\bin\x64\Debug\net48\TCC_Inventory_Masters_Kinect.Tests.dll" adapterTypeName="executor://xunit/VsTestRunner2/net" className="TCC_Inventory_Masters_Kinect.Tests.ViewModel.MainViewModelVolumeTests" name="AtualizarIndicadoresVolume_AbaixoDoLimite_DeveCalcularOcupacaoELivre" />
    </UnitTest>
    <UnitTest name="TCC_Inventory_Masters_Kinect.Tests.ViewModel.MainViewModelHistoricoTests.Construtor_ComMedicoesNoRepositorio_DeveCarregarHistorico" storage="c:\users\usuario\source\repos\tcc_inventory_masters_kinect\inventorymasterstests\bin\x64\debug\net48\tcc_inventory_masters_kinect.tests.dll" id="9118cba3-82d2-3be3-0ab2-f31d9bbd666a">
      <Execution id="d2baa56e-08f8-490d-9943-5b3266df9686" />
      <TestMethod codeBase="C:\Users\Usuario\source\repos\TCC_Inventory_Masters_Kinect\InventoryMastersTests\bin\x64\Debug\net48\TCC_Inventory_Masters_Kinect.Tests.dll" adapterTypeName="executor://xunit/VsTestRunner2/net" className="TCC_Inventory_Masters_Kinect.Tests.ViewModel.MainViewModelHistoricoTests" name="Construtor_ComMedicoesNoRepositorio_DeveCarregarHistorico" />
    </UnitTest>
    <UnitTest name="TCC_Inventory_Masters_Kinect.Tests.ViewModel.MainViewModelVolumeTests.MedirSalvarEEnviarAsync_KinectDesconectado_DeveRecusarMedicao" storage="c:\users\usuario\source\repos\tcc_inventory_masters_kinect\inventorymasterstests\bin\x64\debug\net48\tcc_inventory_masters_kinect.tests.dll" id="3991996f-91b4-1069-18e6-cdf49de807fa">
      <Execution id="6e2bc7b4-314b-44f8-97f0-3c00d0e95cf8" />
      <TestMethod codeBase="C:\Users\Usuario\source\repos\TCC_Inventory_Masters_Kinect\InventoryMastersTests\bin\x64\Debug\net48\TCC_Inventory_Masters_Kinect.Tests.dll" adapterTypeName="executor://xunit/VsTestRunner2/net" className="TCC_Inventory_Masters_Kinect.Tests.ViewModel.MainViewModelVolumeTests" name="MedirSalvarEEnviarAsync_KinectDesconectado_DeveRecusarMedicao" />
    </UnitTest>
    <UnitTest name="TCC_Inventory_Masters_Kinect.Tests.ViewModel.BaseViewModelTests.SetProperty_ValorIgual_NaoAlteraERetornaFalse" storage="c:\users\usuario\source\repos\tcc_inventory_masters_kinect\inventorymasterstests\bin\x64\debug\net48\tcc_inventory_masters_kinect.tests.dll" id="15eafb20-7b29-5ad4-846b-a3dcf3514610">
      <Execution id="0f8cf5c4-2d15-42b8-b0a5-88529bb8c667" />
      <TestMethod codeBase="C:\Users\Usuario\source\repos\TCC_Inventory_Masters_Kinect\InventoryMastersTests\bin\x64\Debug\net48\TCC_Inventory_Masters_Kinect.Tests.dll" adapterTypeName="executor://xunit/VsTestRunner2/net" className="TCC_Inventory_Masters_Kinect.Tests.ViewModel.BaseViewModelTests" name="SetProperty_ValorIgual_NaoAlteraERetornaFalse" />
    </UnitTest>
    <UnitTest name="TCC_Inventory_Masters_Kinect.Tests.ViewModel.KinectLoginViewModelTests.MostrarSolicitacaoTokenCommand_AoExecutar_DeveSelecionarAbaSolicitacao" storage="c:\users\usuario\source\repos\tcc_inventory_masters_kinect\inventorymasterstests\bin\x64\debug\net48\tcc_inventory_masters_kinect.tests.dll" id="19d59ea5-45b6-3118-2f5f-246dc1e7bbbb">
      <Execution id="0057f965-b930-46fd-9b0b-e97e51521196" />
      <TestMethod codeBase="C:\Users\Usuario\source\repos\TCC_Inventory_Masters_Kinect\InventoryMastersTests\bin\x64\Debug\net48\TCC_Inventory_Masters_Kinect.Tests.dll" adapterTypeName="executor://xunit/VsTestRunner2/net" className="TCC_Inventory_Masters_Kinect.Tests.ViewModel.KinectLoginViewModelTests" name="MostrarSolicitacaoTokenCommand_AoExecutar_DeveSelecionarAbaSolicitacao" />
    </UnitTest>
    <UnitTest name="TCC_Inventory_Masters_Kinect.Tests.ViewModel.MainViewModelInterfaceTests.DesbloquearSessaoAsync_MesmaSessao_DeveDesbloquear" storage="c:\users\usuario\source\repos\tcc_inventory_masters_kinect\inventorymasterstests\bin\x64\debug\net48\tcc_inventory_masters_kinect.tests.dll" id="77d8bc87-9d0f-6d2e-6465-2a54febc281f">
      <Execution id="fd10dbd5-218c-443f-85d0-069545b9c2d6" />
      <TestMethod codeBase="C:\Users\Usuario\source\repos\TCC_Inventory_Masters_Kinect\InventoryMastersTests\bin\x64\Debug\net48\TCC_Inventory_Masters_Kinect.Tests.dll" adapterTypeName="executor://xunit/VsTestRunner2/net" className="TCC_Inventory_Masters_Kinect.Tests.ViewModel.MainViewModelInterfaceTests" name="DesbloquearSessaoAsync_MesmaSessao_DeveDesbloquear" />
    </UnitTest>
    <UnitTest name="TCC_Inventory_Masters_Kinect.Tests.ViewModel.MainViewModelEspacoTests.SalvarEspaco_PercentualForaDoIntervalo_DeveRecusar(percentual: &quot;-1&quot;)" storage="c:\users\usuario\source\repos\tcc_inventory_masters_kinect\inventorymasterstests\bin\x64\debug\net48\tcc_inventory_masters_kinect.tests.dll" id="c4e7c2ec-3066-b78f-6fde-a323b26cf707">
      <Execution id="b5702066-eb6e-4706-9f39-d1211b24f1aa" />
      <TestMethod codeBase="C:\Users\Usuario\source\repos\TCC_Inventory_Masters_Kinect\InventoryMastersTests\bin\x64\Debug\net48\TCC_Inventory_Masters_Kinect.Tests.dll" adapterTypeName="executor://xunit/VsTestRunner2/net" className="TCC_Inventory_Masters_Kinect.Tests.ViewModel.MainViewModelEspacoTests" name="SalvarEspaco_PercentualForaDoIntervalo_DeveRecusar" />
    </UnitTest>
    <UnitTest name="TCC_Inventory_Masters_Kinect.Tests.ViewModel.KinectLoginViewModelTests.SolicitarTokenCommand_EmailVazio_DeveExibirErro" storage="c:\users\usuario\source\repos\tcc_inventory_masters_kinect\inventorymasterstests\bin\x64\debug\net48\tcc_inventory_masters_kinect.tests.dll" id="06e36548-08b3-5c6a-06b8-7c3c5c6ae731">
      <Execution id="644e30c0-bbe2-4066-94e2-caca219cbb2c" />
      <TestMethod codeBase="C:\Users\Usuario\source\repos\TCC_Inventory_Masters_Kinect\InventoryMastersTests\bin\x64\Debug\net48\TCC_Inventory_Masters_Kinect.Tests.dll" adapterTypeName="executor://xunit/VsTestRunner2/net" className="TCC_Inventory_Masters_Kinect.Tests.ViewModel.KinectLoginViewModelTests" name="SolicitarTokenCommand_EmailVazio_DeveExibirErro" />
    </UnitTest>
    <UnitTest name="TCC_Inventory_Masters_Kinect.Tests.ViewModel.MainViewModelEspacoTests.SalvarEspaco_SemPercentual_DeveRecusar" storage="c:\users\usuario\source\repos\tcc_inventory_masters_kinect\inventorymasterstests\bin\x64\debug\net48\tcc_inventory_masters_kinect.tests.dll" id="73f10b34-22c1-d6ca-fab2-70dba8169fdb">
      <Execution id="2a2e5857-6545-478e-a3ca-817bec69cb1e" />
      <TestMethod codeBase="C:\Users\Usuario\source\repos\TCC_Inventory_Masters_Kinect\InventoryMastersTests\bin\x64\Debug\net48\TCC_Inventory_Masters_Kinect.Tests.dll" adapterTypeName="executor://xunit/VsTestRunner2/net" className="TCC_Inventory_Masters_Kinect.Tests.ViewModel.MainViewModelEspacoTests" name="SalvarEspaco_SemPercentual_DeveRecusar" />
    </UnitTest>
    <UnitTest name="TCC_Inventory_Masters_Kinect.Tests.ViewModel.KinectLoginViewModelTests.Construtor_AoInicializar_DeveExibirAbaSolicitacaoToken" storage="c:\users\usuario\source\repos\tcc_inventory_masters_kinect\inventorymasterstests\bin\x64\debug\net48\tcc_inventory_masters_kinect.tests.dll" id="6b720982-ccff-5527-f747-3d82b0f98e64">
      <Execution id="47b71b5a-d58c-48d1-9553-9933ffd4e514" />
      <TestMethod codeBase="C:\Users\Usuario\source\repos\TCC_Inventory_Masters_Kinect\InventoryMastersTests\bin\x64\Debug\net48\TCC_Inventory_Masters_Kinect.Tests.dll" adapterTypeName="executor://xunit/VsTestRunner2/net" className="TCC_Inventory_Masters_Kinect.Tests.ViewModel.KinectLoginViewModelTests" name="Construtor_AoInicializar_DeveExibirAbaSolicitacaoToken" />
    </UnitTest>
  </TestDefinitions>
  <TestEntries>
    <TestEntry testId="8dad780a-3d38-804b-dcc8-27060a4cd82e" executionId="31caca46-dc0f-43f7-b46b-e6237f736725" testListId="8c84fa94-04c1-424b-9868-57a2d4851a1d" />
    <TestEntry testId="aafe8447-8170-97b0-afed-a41848525775" executionId="067ba8c0-3b9b-42aa-b36e-8fba692f768a" testListId="8c84fa94-04c1-424b-9868-57a2d4851a1d" />
    <TestEntry testId="5154c02a-fe0b-8e2d-e060-6e5adca0dab6" executionId="959155dc-6bd2-4a84-b19e-8927219c910b" testListId="8c84fa94-04c1-424b-9868-57a2d4851a1d" />
    <TestEntry testId="bbbe004b-7df6-cd98-db09-8ea02d523447" executionId="9a9c7a5c-65ec-4a53-bdf4-94d7e60775df" testListId="8c84fa94-04c1-424b-9868-57a2d4851a1d" />
    <TestEntry testId="dcb9d05d-2368-3090-a95b-617d1c668597" executionId="385bc301-2f7d-46b5-98b1-37eb4caed020" testListId="8c84fa94-04c1-424b-9868-57a2d4851a1d" />
    <TestEntry testId="9525ebac-39c5-93bc-ad30-9e3a0b44a7c6" executionId="94c39eed-6c91-425f-9715-053ff213c5d8" testListId="8c84fa94-04c1-424b-9868-57a2d4851a1d" />
    <TestEntry testId="2a25fe2b-3288-b98a-e2a0-4dd6d7f48b48" executionId="7a47c629-b4aa-4bd5-bc41-9043d26b75c4" testListId="8c84fa94-04c1-424b-9868-57a2d4851a1d" />
    <TestEntry testId="9da8f125-6013-ea38-163a-6fd48185df43" executionId="38578b44-935c-40b5-890b-11f05c9ce0ee" testListId="8c84fa94-04c1-424b-9868-57a2d4851a1d" />
    <TestEntry testId="54a6698c-661d-1f53-eb14-28600aab2b46" executionId="b1f4071d-8445-4881-a657-a61635652d0a" testListId="8c84fa94-04c1-424b-9868-57a2d4851a1d" />
    <TestEntry testId="0c72197a-ceee-7328-fd5b-33bd6d1d2500" executionId="6ae6e36c-e536-44bc-8278-af72de11cd40" testListId="8c84fa94-04c1-424b-9868-57a2d4851a1d" />
    <TestEntry testId="bc55bf99-ab2e-9af0-a6a1-400aecf750e6" executionId="7f72ff87-0da3-4267-9a46-62c2d15fcf5b" testListId="8c84fa94-04c1-424b-9868-57a2d4851a1d" />
    <TestEntry testId="e51f7330-777b-9be3-4219-7194172cede2" executionId="03f7c002-d2b9-4879-9cc6-adf3e7b8837d" testListId="8c84fa94-04c1-424b-9868-57a2d4851a1d" />
    <TestEntry testId="c4e7c2ec-3066-b78f-6fde-a323b26cf707" executionId="b5702066-eb6e-4706-9f39-d1211b24f1aa" testListId="8c84fa94-04c1-424b-9868-57a2d4851a1d" />
    <TestEntry testId="1fb3853d-2de1-90bb-16f8-f5f078c23d7c" executionId="f5a68fe4-60bc-41df-825e-b5ed095f0977" testListId="8c84fa94-04c1-424b-9868-57a2d4851a1d" />
    <TestEntry testId="63dfa930-501b-dcc1-a874-78847d70c980" executionId="56652089-80cf-4711-b64d-ddebc309c887" testListId="8c84fa94-04c1-424b-9868-57a2d4851a1d" />
    <TestEntry testId="91029f6e-0fb8-2912-b835-dc60e9b0aef6" executionId="f79f2236-aa85-465f-a76f-5e66edfe5eaf" testListId="8c84fa94-04c1-424b-9868-57a2d4851a1d" />
    <TestEntry testId="9324e812-c8b3-88c8-0b00-c02ec1bc9c16" executionId="02d42a99-1f1e-4870-b987-a3d17f1dc116" testListId="8c84fa94-04c1-424b-9868-57a2d4851a1d" />
    <TestEntry testId="5ea94171-3a8e-bc67-48a5-709d90be3a16" executionId="4ef46665-d0aa-414d-9d54-20a6d3a21558" testListId="8c84fa94-04c1-424b-9868-57a2d4851a1d" />
    <TestEntry testId="5efe9ec5-63af-a513-6bf5-642e714c6362" executionId="8501113f-a94b-48be-a1e8-1a8222e1fa2d" testListId="8c84fa94-04c1-424b-9868-57a2d4851a1d" />
    <TestEntry testId="a0042079-f82d-b350-79be-7cc946ec76fd" executionId="f5b3e41f-5b50-4878-b9c0-b9e275936c9e" testListId="8c84fa94-04c1-424b-9868-57a2d4851a1d" />
    <TestEntry testId="4cfddd1f-9d9f-b14f-e1a4-e87e6d5d58f4" executionId="ebfd6ca4-be2d-4bee-9664-fca95df8fbba" testListId="8c84fa94-04c1-424b-9868-57a2d4851a1d" />
    <TestEntry testId="be6afe67-ebc2-0db3-3d50-1931e4c13560" executionId="8207a6bd-3fbe-46c3-ae77-a0dc392f3029" testListId="8c84fa94-04c1-424b-9868-57a2d4851a1d" />
    <TestEntry testId="e0d4294f-3eb2-0865-7ab0-533cb87d1382" executionId="1ea54621-6459-46bd-809e-234affbac525" testListId="8c84fa94-04c1-424b-9868-57a2d4851a1d" />
    <TestEntry testId="c6e66de7-a625-efc3-13f6-0c9d474cafbd" executionId="57b9d794-d6d5-47d2-b2d1-7a80947b83eb" testListId="8c84fa94-04c1-424b-9868-57a2d4851a1d" />
    <TestEntry testId="1237bf8b-8bcc-dd90-6aa6-0730165afc53" executionId="475d3fd3-c5ce-44af-9423-c2a2969bb617" testListId="8c84fa94-04c1-424b-9868-57a2d4851a1d" />
    <TestEntry testId="0d534c49-3f2d-72cd-0fd5-4b5b8e70d139" executionId="f06ce0ac-1ed5-4106-9664-64620715dedb" testListId="8c84fa94-04c1-424b-9868-57a2d4851a1d" />
    <TestEntry testId="375571be-67f9-c36b-a7ed-d0143103fd24" executionId="c81fea3e-5234-4a2b-bae2-f5eecdb0de24" testListId="8c84fa94-04c1-424b-9868-57a2d4851a1d" />
    <TestEntry testId="0d83804b-4b0d-1942-6a62-c48f43abaa5a" executionId="13098846-4b15-4671-92ea-64966859e7b3" testListId="8c84fa94-04c1-424b-9868-57a2d4851a1d" />
    <TestEntry testId="6b720982-ccff-5527-f747-3d82b0f98e64" executionId="47b71b5a-d58c-48d1-9553-9933ffd4e514" testListId="8c84fa94-04c1-424b-9868-57a2d4851a1d" />
    <TestEntry testId="71cf9df8-ed5a-647d-c162-7442ced78fe1" executionId="779b9a60-00be-4672-92a8-d77f01d12409" testListId="8c84fa94-04c1-424b-9868-57a2d4851a1d" />
    <TestEntry testId="abc098c1-485a-ef93-6245-12ea00d8bbc0" executionId="dd81cd5f-76c6-4d24-a806-8fd4b8b82faa" testListId="8c84fa94-04c1-424b-9868-57a2d4851a1d" />
    <TestEntry testId="77d8bc87-9d0f-6d2e-6465-2a54febc281f" executionId="fd10dbd5-218c-443f-85d0-069545b9c2d6" testListId="8c84fa94-04c1-424b-9868-57a2d4851a1d" />
    <TestEntry testId="e0d4294f-3eb2-0865-7ab0-533cb87d1382" executionId="13430de8-2408-4f27-bb4c-04cfe71bf288" testListId="8c84fa94-04c1-424b-9868-57a2d4851a1d" />
    <TestEntry testId="9118cba3-82d2-3be3-0ab2-f31d9bbd666a" executionId="d2baa56e-08f8-490d-9943-5b3266df9686" testListId="8c84fa94-04c1-424b-9868-57a2d4851a1d" />
    <TestEntry testId="e0d4294f-3eb2-0865-7ab0-533cb87d1382" executionId="9ce87a93-1d4b-4f86-b085-6f57c6b951c4" testListId="8c84fa94-04c1-424b-9868-57a2d4851a1d" />
    <TestEntry testId="3d5012ab-6423-4152-bbca-86f528af096e" executionId="2d4a4126-db33-49c6-9d43-5a3d900b604e" testListId="8c84fa94-04c1-424b-9868-57a2d4851a1d" />
    <TestEntry testId="0e61733f-767a-f060-be0f-036812094101" executionId="5d21d54b-25ee-4a03-8d7d-733d69f6c1ba" testListId="8c84fa94-04c1-424b-9868-57a2d4851a1d" />
    <TestEntry testId="f80005e0-069c-51b2-3d7c-6b8d689f673e" executionId="7cdca3ac-e320-46c9-840e-a1817aa5bdd5" testListId="8c84fa94-04c1-424b-9868-57a2d4851a1d" />
    <TestEntry testId="15eafb20-7b29-5ad4-846b-a3dcf3514610" executionId="0f8cf5c4-2d15-42b8-b0a5-88529bb8c667" testListId="8c84fa94-04c1-424b-9868-57a2d4851a1d" />
    <TestEntry testId="a2a00648-8125-6643-b53b-9e055dd6f397" executionId="8f8dd2bb-3591-4fb9-a599-135c3ca03acb" testListId="8c84fa94-04c1-424b-9868-57a2d4851a1d" />
    <TestEntry testId="3991996f-91b4-1069-18e6-cdf49de807fa" executionId="6e2bc7b4-314b-44f8-97f0-3c00d0e95cf8" testListId="8c84fa94-04c1-424b-9868-57a2d4851a1d" />
    <TestEntry testId="e0d4294f-3eb2-0865-7ab0-533cb87d1382" executionId="4a9ec4de-1fbb-42a0-af03-3e2020169133" testListId="8c84fa94-04c1-424b-9868-57a2d4851a1d" />
    <TestEntry testId="1bf0649b-cc1d-c96b-988b-0903b15ae25c" executionId="82436c9a-bb89-469b-9e81-5ef8c6d4a1f6" testListId="8c84fa94-04c1-424b-9868-57a2d4851a1d" />
    <TestEntry testId="897d4c77-7c47-ff3c-1df6-f6fcc3095c2f" executionId="14ad4dc0-d82e-4ab3-a6a8-63840ff09078" testListId="8c84fa94-04c1-424b-9868-57a2d4851a1d" />
    <TestEntry testId="b350c71c-f8f5-9944-97e9-002fe73d7089" executionId="ddfe4bf8-6526-4f61-8243-1435442874af" testListId="8c84fa94-04c1-424b-9868-57a2d4851a1d" />
    <TestEntry testId="06e36548-08b3-5c6a-06b8-7c3c5c6ae731" executionId="644e30c0-bbe2-4066-94e2-caca219cbb2c" testListId="8c84fa94-04c1-424b-9868-57a2d4851a1d" />
    <TestEntry testId="4baa2824-31a5-b287-a03b-996f1f8e2f4c" executionId="d539d59f-8b1f-49d1-a174-9029e7e17cbb" testListId="8c84fa94-04c1-424b-9868-57a2d4851a1d" />
    <TestEntry testId="e25c5b1d-ffd2-d1d7-ca4e-a6d0fc3debd0" executionId="77d2b406-d70a-4261-8da8-81d9cd0be98e" testListId="8c84fa94-04c1-424b-9868-57a2d4851a1d" />
    <TestEntry testId="a05ba212-9170-6242-c288-2efcc5de34ea" executionId="75b52801-3e50-4e76-b0ef-46ba813dcfea" testListId="8c84fa94-04c1-424b-9868-57a2d4851a1d" />
    <TestEntry testId="95a05762-3a00-89d3-3f83-2bdb3e8397c8" executionId="e1ee72c3-78cd-4db9-89b6-e823246de7a5" testListId="8c84fa94-04c1-424b-9868-57a2d4851a1d" />
    <TestEntry testId="411befb3-50a8-2251-ee25-fcaf01d3ef1e" executionId="eba8ce54-f656-40ea-bdc0-d6a3bb703c02" testListId="8c84fa94-04c1-424b-9868-57a2d4851a1d" />
    <TestEntry testId="e7abcdb1-59c0-8408-f8b5-a563849ddb7f" executionId="8f718f87-24cd-4fc9-8a5d-9ef527b79846" testListId="8c84fa94-04c1-424b-9868-57a2d4851a1d" />
    <TestEntry testId="04fc2b76-5ed4-389a-9bf6-b89b8157ed5f" executionId="72916acd-0f01-4f2b-8ea4-d71ef9267878" testListId="8c84fa94-04c1-424b-9868-57a2d4851a1d" />
    <TestEntry testId="e4179441-381a-92ef-6ead-559fd7076e4c" executionId="f8a7a36f-864f-49ae-b537-465b6c088442" testListId="8c84fa94-04c1-424b-9868-57a2d4851a1d" />
    <TestEntry testId="e0d4294f-3eb2-0865-7ab0-533cb87d1382" executionId="e0f22a44-896f-44a1-bbaf-30f187aa5a32" testListId="8c84fa94-04c1-424b-9868-57a2d4851a1d" />
    <TestEntry testId="63289094-42e0-d45a-cb24-69e9e7a6a972" executionId="250666b3-c3b6-4d80-8480-d6003a8f228d" testListId="8c84fa94-04c1-424b-9868-57a2d4851a1d" />
    <TestEntry testId="77be1f8a-747a-3517-b01b-caecb0769c24" executionId="ff635b6f-9452-48ae-b763-7e0e822028a4" testListId="8c84fa94-04c1-424b-9868-57a2d4851a1d" />
    <TestEntry testId="e0d4294f-3eb2-0865-7ab0-533cb87d1382" executionId="901f051e-82f8-4a64-b36f-bc411bd9fd7f" testListId="8c84fa94-04c1-424b-9868-57a2d4851a1d" />
    <TestEntry testId="19d59ea5-45b6-3118-2f5f-246dc1e7bbbb" executionId="0057f965-b930-46fd-9b0b-e97e51521196" testListId="8c84fa94-04c1-424b-9868-57a2d4851a1d" />
    <TestEntry testId="73f10b34-22c1-d6ca-fab2-70dba8169fdb" executionId="2a2e5857-6545-478e-a3ca-817bec69cb1e" testListId="8c84fa94-04c1-424b-9868-57a2d4851a1d" />
    <TestEntry testId="fe642411-703c-8955-77e6-e152968a5c09" executionId="d50740ed-59b3-42f8-8925-f1ce92f3daad" testListId="8c84fa94-04c1-424b-9868-57a2d4851a1d" />
  </TestEntries>
  <TestLists>
    <TestList name="Resultados que não estão em uma lista" id="8c84fa94-04c1-424b-9868-57a2d4851a1d" />
    <TestList name="Todos os resultados carregados" id="19431567-8539-422a-85d7-44ee4e166bda" />
  </TestLists>
  <ResultSummary outcome="Completed">
    <Counters total="61" executed="61" passed="61" failed="0" error="0" timeout="0" aborted="0" inconclusive="0" passedButRunAborted="0" notRunnable="0" notExecuted="0" disconnected="0" warning="0" completed="0" inProgress="0" pending="0" />
    <Output>
      <StdOut>[xUnit.net 00:00:00.00] xUnit.net VSTest Adapter v2.5.3.1+6b60a9e56a (64-bit .NET Framework 4.8.4644.0)&#xD;
[xUnit.net 00:00:01.61]   Discovering: TCC_Inventory_Masters_Kinect.Tests&#xD;
[xUnit.net 00:00:01.86]   Discovered:  TCC_Inventory_Masters_Kinect.Tests&#xD;
[xUnit.net 00:00:01.86]   Starting:    TCC_Inventory_Masters_Kinect.Tests&#xD;
[xUnit.net 00:00:02.97]   Finished:    TCC_Inventory_Masters_Kinect.Tests&#xD;
</StdOut>
    </Output>
  </ResultSummary>
</TestRun>